Archive member included to satisfy reference by file (symbol)

/media/coolbreeze413/GALACTICA/work/clients/quicklogic/qorc/github/qorc-sdk/arm_toolchain_install/gcc-arm-none-eabi-9-2020-q2-update/bin/../lib/gcc/arm-none-eabi/9.3.1/thumb/v7e-m+fp/hard/libgcc.a(_arm_muldf3.o)
                              /media/coolbreeze413/GALACTICA/work/clients/quicklogic/qorc/github/qorc-sdk/qorc-onion-apps/qorc_gpiocontroller_wb/m4/GCC_Project/output/ql_test_signals.o (__aeabi_dmul)
/media/coolbreeze413/GALACTICA/work/clients/quicklogic/qorc/github/qorc-sdk/arm_toolchain_install/gcc-arm-none-eabi-9-2020-q2-update/bin/../lib/gcc/arm-none-eabi/9.3.1/thumb/v7e-m+fp/hard/libgcc.a(_arm_addsubdf3.o)
                              /media/coolbreeze413/GALACTICA/work/clients/quicklogic/qorc/github/qorc-sdk/qorc-onion-apps/qorc_gpiocontroller_wb/m4/GCC_Project/output/ql_test_signals.o (__aeabi_dadd)
/media/coolbreeze413/GALACTICA/work/clients/quicklogic/qorc/github/qorc-sdk/arm_toolchain_install/gcc-arm-none-eabi-9-2020-q2-update/bin/../lib/gcc/arm-none-eabi/9.3.1/thumb/v7e-m+fp/hard/libgcc.a(_arm_muldivdf3.o)
                              /media/coolbreeze413/GALACTICA/work/clients/quicklogic/qorc/github/qorc-sdk/qorc-onion-apps/qorc_gpiocontroller_wb/m4/GCC_Project/output/eoss3_hal_i2c.o (__aeabi_ddiv)
/media/coolbreeze413/GALACTICA/work/clients/quicklogic/qorc/github/qorc-sdk/arm_toolchain_install/gcc-arm-none-eabi-9-2020-q2-update/bin/../lib/gcc/arm-none-eabi/9.3.1/thumb/v7e-m+fp/hard/libgcc.a(_arm_fixdfsi.o)
                              /media/coolbreeze413/GALACTICA/work/clients/quicklogic/qorc/github/qorc-sdk/qorc-onion-apps/qorc_gpiocontroller_wb/m4/GCC_Project/output/ql_test_signals.o (__aeabi_d2iz)
/media/coolbreeze413/GALACTICA/work/clients/quicklogic/qorc/github/qorc-sdk/arm_toolchain_install/gcc-arm-none-eabi-9-2020-q2-update/bin/../lib/gcc/arm-none-eabi/9.3.1/thumb/v7e-m+fp/hard/libgcc.a(_arm_truncdfsf2.o)
                              /media/coolbreeze413/GALACTICA/work/clients/quicklogic/qorc/github/qorc-sdk/qorc-onion-apps/qorc_gpiocontroller_wb/m4/GCC_Project/output/eoss3_hal_i2c.o (__aeabi_d2f)
/media/coolbreeze413/GALACTICA/work/clients/quicklogic/qorc/github/qorc-sdk/arm_toolchain_install/gcc-arm-none-eabi-9-2020-q2-update/bin/../lib/gcc/arm-none-eabi/9.3.1/thumb/v7e-m+fp/hard/libgcc.a(_aeabi_ldivmod.o)
                              /media/coolbreeze413/GALACTICA/work/clients/quicklogic/qorc/github/qorc-sdk/qorc-onion-apps/qorc_gpiocontroller_wb/m4/GCC_Project/output/dbg_uart.o (__aeabi_ldivmod)
/media/coolbreeze413/GALACTICA/work/clients/quicklogic/qorc/github/qorc-sdk/arm_toolchain_install/gcc-arm-none-eabi-9-2020-q2-update/bin/../lib/gcc/arm-none-eabi/9.3.1/thumb/v7e-m+fp/hard/libgcc.a(_aeabi_uldivmod.o)
                              /media/coolbreeze413/GALACTICA/work/clients/quicklogic/qorc/github/qorc-sdk/qorc-onion-apps/qorc_gpiocontroller_wb/m4/GCC_Project/output/s3x_lpm.o (__aeabi_uldivmod)
/media/coolbreeze413/GALACTICA/work/clients/quicklogic/qorc/github/qorc-sdk/arm_toolchain_install/gcc-arm-none-eabi-9-2020-q2-update/bin/../lib/gcc/arm-none-eabi/9.3.1/thumb/v7e-m+fp/hard/libgcc.a(_udivmoddi4.o)
                              /media/coolbreeze413/GALACTICA/work/clients/quicklogic/qorc/github/qorc-sdk/arm_toolchain_install/gcc-arm-none-eabi-9-2020-q2-update/bin/../lib/gcc/arm-none-eabi/9.3.1/thumb/v7e-m+fp/hard/libgcc.a(_aeabi_ldivmod.o) (__udivmoddi4)
/media/coolbreeze413/GALACTICA/work/clients/quicklogic/qorc/github/qorc-sdk/arm_toolchain_install/gcc-arm-none-eabi-9-2020-q2-update/bin/../lib/gcc/arm-none-eabi/9.3.1/thumb/v7e-m+fp/hard/libgcc.a(_dvmd_tls.o)
                              /media/coolbreeze413/GALACTICA/work/clients/quicklogic/qorc/github/qorc-sdk/arm_toolchain_install/gcc-arm-none-eabi-9-2020-q2-update/bin/../lib/gcc/arm-none-eabi/9.3.1/thumb/v7e-m+fp/hard/libgcc.a(_aeabi_ldivmod.o) (__aeabi_ldiv0)
/media/coolbreeze413/GALACTICA/work/clients/quicklogic/qorc/github/qorc-sdk/arm_toolchain_install/gcc-arm-none-eabi-9-2020-q2-update/bin/../lib/gcc/arm-none-eabi/9.3.1/../../../../arm-none-eabi/lib/thumb/v7e-m+fp/hard/libg_nano.a(lib_a-exit.o)
                              /media/coolbreeze413/GALACTICA/work/clients/quicklogic/qorc/github/qorc-sdk/arm_toolchain_install/gcc-arm-none-eabi-9-2020-q2-update/bin/../lib/gcc/arm-none-eabi/9.3.1/../../../../arm-none-eabi/lib/thumb/v7e-m+fp/hard/crt0.o (exit)
/media/coolbreeze413/GALACTICA/work/clients/quicklogic/qorc/github/qorc-sdk/arm_toolchain_install/gcc-arm-none-eabi-9-2020-q2-update/bin/../lib/gcc/arm-none-eabi/9.3.1/../../../../arm-none-eabi/lib/thumb/v7e-m+fp/hard/libg_nano.a(lib_a-impure.o)
                              /media/coolbreeze413/GALACTICA/work/clients/quicklogic/qorc/github/qorc-sdk/arm_toolchain_install/gcc-arm-none-eabi-9-2020-q2-update/bin/../lib/gcc/arm-none-eabi/9.3.1/../../../../arm-none-eabi/lib/thumb/v7e-m+fp/hard/libg_nano.a(lib_a-exit.o) (_global_impure_ptr)
[...]
Memory Configuration

Name             Origin             Length             Attributes
rom              0x0000000000000000 0x0000000000027000 xr
ram              0x0000000020027000 0x000000000003c800 xrw
spiram           0x0000000020063800 0x0000000000000800 rw
HWA              0x0000000020064000 0x0000000000018000 rw
shm              0x000000002007c000 0x0000000000004000
*default*        0x0000000000000000 0xffffffffffffffff

Linker script and memory map

LOAD /media/coolbreeze413/GALACTICA/work/clients/quicklogic/qorc/github/qorc-sdk/arm_toolchain_install/gcc-arm-none-eabi-9-2020-q2-update/bin/../lib/gcc/arm-none-eabi/9.3.1/thumb/v7e-m+fp/hard/crti.o
LOAD /media/coolbreeze413/GALACTICA/work/clients/quicklogic/qorc/github/qorc-sdk/arm_toolchain_install/gcc-arm-none-eabi-9-2020-q2-update/bin/../lib/gcc/arm-none-eabi/9.3.1/thumb/v7e-m+fp/hard/crtbegin.o
LOAD /media/coolbreeze413/GALACTICA/work/clients/quicklogic/qorc/github/qorc-sdk/arm_toolchain_install/gcc-arm-none-eabi-9-2020-q2-update/bin/../lib/gcc/arm-none-eabi/9.3.1/../../../../arm-none-eabi/lib/thumb/v7e-m+fp/hard/crt0.o
LOAD /media/coolbreeze413/GALACTICA/work/clients/quicklogic/qorc/github/qorc-sdk/qorc-onion-apps/qorc_gpiocontroller_wb/m4/GCC_Project/output/c_lib_retarget.o
LOAD /media/coolbreeze413/GALACTICA/work/clients/quicklogic/qorc/github/qorc-sdk/qorc-onion-apps/qorc_gpiocontroller_wb/m4/GCC_Project/output/circularBuffQueue.o
LOAD /media/coolbreeze413/GALACTICA/work/clients/quicklogic/qorc/github/qorc-sdk/qorc-onion-apps/qorc_gpiocontroller_wb/m4/GCC_Project/output/cli_args.o
LOAD /media/coolbreeze413/GALACTICA/work/clients/quicklogic/qorc/github/qorc-sdk/qorc-onion-apps/qorc_gpiocontroller_wb/m4/GCC_Project/output/cli_hexdump.o
LOAD /media/coolbreeze413/GALACTICA/work/clients/quicklogic/qorc/github/qorc-sdk/qorc-onion-apps/qorc_gpiocontroller_wb/m4/GCC_Project/output/cli_io.o
LOAD /media/coolbreeze413/GALACTICA/work/clients/quicklogic/qorc/github/qorc-sdk/qorc-onion-apps/qorc_gpiocontroller_wb/m4/GCC_Project/output/cli_loop.o
LOAD /media/coolbreeze413/GALACTICA/work/clients/quicklogic/qorc/github/qorc-sdk/qorc-onion-apps/qorc_gpiocontroller_wb/m4/GCC_Project/output/cli_misc.o
LOAD /media/coolbreeze413/GALACTICA/work/clients/quicklogic/qorc/github/qorc-sdk/qorc-onion-apps/qorc_gpiocontroller_wb/m4/GCC_Project/output/cli_platform.o
LOAD /media/coolbreeze413/GALACTICA/work/clients/quicklogic/qorc/github/qorc-sdk/qorc-onion-apps/qorc_gpiocontroller_wb/m4/GCC_Project/output/cli_stdcmds.o
LOAD /media/coolbreeze413/GALACTICA/work/clients/quicklogic/qorc/github/qorc-sdk/qorc-onion-apps/qorc_gpiocontroller_wb/m4/GCC_Project/output/crc16.o
LOAD /media/coolbreeze413/GALACTICA/work/clients/quicklogic/qorc/github/qorc-sdk/qorc-onion-apps/qorc_gpiocontroller_wb/m4/GCC_Project/output/crc32.o
LOAD /media/coolbreeze413/GALACTICA/work/clients/quicklogic/qorc/github/qorc-sdk/qorc-onion-apps/qorc_gpiocontroller_wb/m4/GCC_Project/output/croutine.o
LOAD /media/coolbreeze413/GALACTICA/work/clients/quicklogic/qorc/github/qorc-sdk/qorc-onion-apps/qorc_gpiocontroller_wb/m4/GCC_Project/output/dbg_bufferedprinttask.o
LOAD /media/coolbreeze413/GALACTICA/work/clients/quicklogic/qorc/github/qorc-sdk/qorc-onion-apps/qorc_gpiocontroller_wb/m4/GCC_Project/output/dbg_queue_monitor.o
LOAD /media/coolbreeze413/GALACTICA/work/clients/quicklogic/qorc/github/qorc-sdk/qorc-onion-apps/qorc_gpiocontroller_wb/m4/GCC_Project/output/dbg_uart.o
LOAD /media/coolbreeze413/GALACTICA/work/clients/quicklogic/qorc/github/qorc-sdk/qorc-onion-apps/qorc_gpiocontroller_wb/m4/GCC_Project/output/dbgtrace.o
LOAD /media/coolbreeze413/GALACTICA/work/clients/quicklogic/qorc/github/qorc-sdk/qorc-onion-apps/qorc_gpiocontroller_wb/m4/GCC_Project/output/eoss3_hal_adc.o
LOAD /media/coolbreeze413/GALACTICA/work/clients/quicklogic/qorc/github/qorc-sdk/qorc-onion-apps/qorc_gpiocontroller_wb/m4/GCC_Project/output/eoss3_hal_gpio.o
LOAD /media/coolbreeze413/GALACTICA/work/clients/quicklogic/qorc/github/qorc-sdk/qorc-onion-apps/qorc_gpiocontroller_wb/m4/GCC_Project/output/eoss3_hal_i2c.o
LOAD /media/coolbreeze413/GALACTICA/work/clients/quicklogic/qorc/github/qorc-sdk/qorc-onion-apps/qorc_gpiocontroller_wb/m4/GCC_Project/output/eoss3_hal_i2s.o
LOAD /media/coolbreeze413/GALACTICA/work/clients/quicklogic/qorc/github/qorc-sdk/qorc-onion-apps/qorc_gpiocontroller_wb/m4/GCC_Project/output/eoss3_hal_i2s_slave_assp.o
LOAD /media/coolbreeze413/GALACTICA/work/clients/quicklogic/qorc/github/qorc-sdk/qorc-onion-apps/qorc_gpiocontroller_wb/m4/GCC_Project/output/eoss3_hal_pad_config.o
LOAD /media/coolbreeze413/GALACTICA/work/clients/quicklogic/qorc/github/qorc-sdk/qorc-onion-apps/qorc_gpiocontroller_wb/m4/GCC_Project/output/eoss3_hal_pkfb.o
LOAD /media/coolbreeze413/GALACTICA/work/clients/quicklogic/qorc/github/qorc-sdk/qorc-onion-apps/qorc_gpiocontroller_wb/m4/GCC_Project/output/eoss3_hal_rtc.o
LOAD /media/coolbreeze413/GALACTICA/work/clients/quicklogic/qorc/github/qorc-sdk/qorc-onion-apps/qorc_gpiocontroller_wb/m4/GCC_Project/output/eoss3_hal_sdma.o
LOAD /media/coolbreeze413/GALACTICA/work/clients/quicklogic/qorc/github/qorc-sdk/qorc-onion-apps/qorc_gpiocontroller_wb/m4/GCC_Project/output/eoss3_hal_spi.o
LOAD /media/coolbreeze413/GALACTICA/work/clients/quicklogic/qorc/github/qorc-sdk/qorc-onion-apps/qorc_gpiocontroller_wb/m4/GCC_Project/output/eoss3_hal_timer.o
LOAD /media/coolbreeze413/GALACTICA/work/clients/quicklogic/qorc/github/qorc-sdk/qorc-onion-apps/qorc_gpiocontroller_wb/m4/GCC_Project/output/eoss3_hal_uart.o
LOAD /media/coolbreeze413/GALACTICA/work/clients/quicklogic/qorc/github/qorc-sdk/qorc-onion-apps/qorc_gpiocontroller_wb/m4/GCC_Project/output/eoss3_hal_wb.o
LOAD /media/coolbreeze413/GALACTICA/work/clients/quicklogic/qorc/github/qorc-sdk/qorc-onion-apps/qorc_gpiocontroller_wb/m4/GCC_Project/output/eoss3_hal_wdt.o
LOAD /media/coolbreeze413/GALACTICA/work/clients/quicklogic/qorc/github/qorc-sdk/qorc-onion-apps/qorc_gpiocontroller_wb/m4/GCC_Project/output/event_groups.o
LOAD /media/coolbreeze413/GALACTICA/work/clients/quicklogic/qorc/github/qorc-sdk/qorc-onion-apps/qorc_gpiocontroller_wb/m4/GCC_Project/output/exceptions.o
LOAD /media/coolbreeze413/GALACTICA/work/clients/quicklogic/qorc/github/qorc-sdk/qorc-onion-apps/qorc_gpiocontroller_wb/m4/GCC_Project/output/freertos_static_memory.o
LOAD /media/coolbreeze413/GALACTICA/work/clients/quicklogic/qorc/github/qorc-sdk/qorc-onion-apps/qorc_gpiocontroller_wb/m4/GCC_Project/output/heap_4.o
LOAD /media/coolbreeze413/GALACTICA/work/clients/quicklogic/qorc/github/qorc-sdk/qorc-onion-apps/qorc_gpiocontroller_wb/m4/GCC_Project/output/hearable_pwrcfg.o
LOAD /media/coolbreeze413/GALACTICA/work/clients/quicklogic/qorc/github/qorc-sdk/qorc-onion-apps/qorc_gpiocontroller_wb/m4/GCC_Project/output/leds.o
LOAD /media/coolbreeze413/GALACTICA/work/clients/quicklogic/qorc/github/qorc-sdk/qorc-onion-apps/qorc_gpiocontroller_wb/m4/GCC_Project/output/list.o
LOAD /media/coolbreeze413/GALACTICA/work/clients/quicklogic/qorc/github/qorc-sdk/qorc-onion-apps/qorc_gpiocontroller_wb/m4/GCC_Project/output/main.o
LOAD /media/coolbreeze413/GALACTICA/work/clients/quicklogic/qorc/github/qorc-sdk/qorc-onion-apps/qorc_gpiocontroller_wb/m4/GCC_Project/output/main_dbg_cli_menu.o
LOAD /media/coolbreeze413/GALACTICA/work/clients/quicklogic/qorc/github/qorc-sdk/qorc-onion-apps/qorc_gpiocontroller_wb/m4/GCC_Project/output/pincfg_table.o
LOAD /media/coolbreeze413/GALACTICA/work/clients/quicklogic/qorc/github/qorc-sdk/qorc-onion-apps/qorc_gpiocontroller_wb/m4/GCC_Project/output/port.o
LOAD /media/coolbreeze413/GALACTICA/work/clients/quicklogic/qorc/github/qorc-sdk/qorc-onion-apps/qorc_gpiocontroller_wb/m4/GCC_Project/output/qf_baremetalsetup.o
LOAD /media/coolbreeze413/GALACTICA/work/clients/quicklogic/qorc/github/qorc-sdk/qorc-onion-apps/qorc_gpiocontroller_wb/m4/GCC_Project/output/qf_hardwaresetup.o
LOAD /media/coolbreeze413/GALACTICA/work/clients/quicklogic/qorc/github/qorc-sdk/qorc-onion-apps/qorc_gpiocontroller_wb/m4/GCC_Project/output/ql_base64.o
LOAD /media/coolbreeze413/GALACTICA/work/clients/quicklogic/qorc/github/qorc-sdk/qorc-onion-apps/qorc_gpiocontroller_wb/m4/GCC_Project/output/ql_stackwatermark.o
LOAD /media/coolbreeze413/GALACTICA/work/clients/quicklogic/qorc/github/qorc-sdk/qorc-onion-apps/qorc_gpiocontroller_wb/m4/GCC_Project/output/ql_test_signals.o
LOAD /media/coolbreeze413/GALACTICA/work/clients/quicklogic/qorc/github/qorc-sdk/qorc-onion-apps/qorc_gpiocontroller_wb/m4/GCC_Project/output/ql_time.o
LOAD /media/coolbreeze413/GALACTICA/work/clients/quicklogic/qorc/github/qorc-sdk/qorc-onion-apps/qorc_gpiocontroller_wb/m4/GCC_Project/output/queue.o
LOAD /media/coolbreeze413/GALACTICA/work/clients/quicklogic/qorc/github/qorc-sdk/qorc-onion-apps/qorc_gpiocontroller_wb/m4/GCC_Project/output/s3x_clock.o
LOAD /media/coolbreeze413/GALACTICA/work/clients/quicklogic/qorc/github/qorc-sdk/qorc-onion-apps/qorc_gpiocontroller_wb/m4/GCC_Project/output/s3x_clock_hal.o
LOAD /media/coolbreeze413/GALACTICA/work/clients/quicklogic/qorc/github/qorc-sdk/qorc-onion-apps/qorc_gpiocontroller_wb/m4/GCC_Project/output/s3x_cpuload.o
LOAD /media/coolbreeze413/GALACTICA/work/clients/quicklogic/qorc/github/qorc-sdk/qorc-onion-apps/qorc_gpiocontroller_wb/m4/GCC_Project/output/s3x_dfs.o
LOAD /media/coolbreeze413/GALACTICA/work/clients/quicklogic/qorc/github/qorc-sdk/qorc-onion-apps/qorc_gpiocontroller_wb/m4/GCC_Project/output/s3x_lpm.o
LOAD /media/coolbreeze413/GALACTICA/work/clients/quicklogic/qorc/github/qorc-sdk/qorc-onion-apps/qorc_gpiocontroller_wb/m4/GCC_Project/output/s3x_pi.o
LOAD /media/coolbreeze413/GALACTICA/work/clients/quicklogic/qorc/github/qorc-sdk/qorc-onion-apps/qorc_gpiocontroller_wb/m4/GCC_Project/output/s3x_pwrcfg.o
LOAD /media/coolbreeze413/GALACTICA/work/clients/quicklogic/qorc/github/qorc-sdk/qorc-onion-apps/qorc_gpiocontroller_wb/m4/GCC_Project/output/s3x_qos.o
LOAD /media/coolbreeze413/GALACTICA/work/clients/quicklogic/qorc/github/qorc-sdk/qorc-onion-apps/qorc_gpiocontroller_wb/m4/GCC_Project/output/sec_debug.o
LOAD /media/coolbreeze413/GALACTICA/work/clients/quicklogic/qorc/github/qorc-sdk/qorc-onion-apps/qorc_gpiocontroller_wb/m4/GCC_Project/output/spi_flash.o
LOAD /media/coolbreeze413/GALACTICA/work/clients/quicklogic/qorc/github/qorc-sdk/qorc-onion-apps/qorc_gpiocontroller_wb/m4/GCC_Project/output/startup_EOSS3B_GCC.o
LOAD /media/coolbreeze413/GALACTICA/work/clients/quicklogic/qorc/github/qorc-sdk/qorc-onion-apps/qorc_gpiocontroller_wb/m4/GCC_Project/output/stream_buffer.o
LOAD /media/coolbreeze413/GALACTICA/work/clients/quicklogic/qorc/github/qorc-sdk/qorc-onion-apps/qorc_gpiocontroller_wb/m4/GCC_Project/output/tasks.o
LOAD /media/coolbreeze413/GALACTICA/work/clients/quicklogic/qorc/github/qorc-sdk/qorc-onion-apps/qorc_gpiocontroller_wb/m4/GCC_Project/output/timers.o
LOAD /media/coolbreeze413/GALACTICA/work/clients/quicklogic/qorc/github/qorc-sdk/qorc-onion-apps/qorc_gpiocontroller_wb/m4/GCC_Project/output/vectors_CM4F_gcc.o
LOAD /media/coolbreeze413/GALACTICA/work/clients/quicklogic/qorc/github/qorc-sdk/qorc-onion-apps/qorc_gpiocontroller_wb/m4/GCC_Project/output/watchdog.o
LOAD /media/coolbreeze413/GALACTICA/work/clients/quicklogic/qorc/github/qorc-sdk/arm_toolchain_install/gcc-arm-none-eabi-9-2020-q2-update/bin/../lib/gcc/arm-none-eabi/9.3.1/../../../../arm-none-eabi/lib/thumb/v7e-m+fp/hard/libm.a
LOAD /media/coolbreeze413/GALACTICA/work/clients/quicklogic/qorc/github/qorc-sdk/qorc-onion-apps/qorc_gpiocontroller_wb/m4/GCC_Project/../../../../Libraries/CMSIS/lib/GCC/libarm_cortexM4lf_math.a
START GROUP
LOAD /media/coolbreeze413/GALACTICA/work/clients/quicklogic/qorc/github/qorc-sdk/arm_toolchain_install/gcc-arm-none-eabi-9-2020-q2-update/bin/../lib/gcc/arm-none-eabi/9.3.1/thumb/v7e-m+fp/hard/libgcc.a
LOAD /media/coolbreeze413/GALACTICA/work/clients/quicklogic/qorc/github/qorc-sdk/arm_toolchain_install/gcc-arm-none-eabi-9-2020-q2-update/bin/../lib/gcc/arm-none-eabi/9.3.1/../../../../arm-none-eabi/lib/thumb/v7e-m+fp/hard/libg_nano.a
LOAD /media/coolbreeze413/GALACTICA/work/clients/quicklogic/qorc/github/qorc-sdk/arm_toolchain_install/gcc-arm-none-eabi-9-2020-q2-update/bin/../lib/gcc/arm-none-eabi/9.3.1/../../../../arm-none-eabi/lib/thumb/v7e-m+fp/hard/libc_nano.a
END GROUP
START GROUP
LOAD /media/coolbreeze413/GALACTICA/work/clients/quicklogic/qorc/github/qorc-sdk/arm_toolchain_install/gcc-arm-none-eabi-9-2020-q2-update/bin/../lib/gcc/arm-none-eabi/9.3.1/thumb/v7e-m+fp/hard/libgcc.a
LOAD /media/coolbreeze413/GALACTICA/work/clients/quicklogic/qorc/github/qorc-sdk/arm_toolchain_install/gcc-arm-none-eabi-9-2020-q2-update/bin/../lib/gcc/arm-none-eabi/9.3.1/../../../../arm-none-eabi/lib/thumb/v7e-m+fp/hard/libc_nano.a
LOAD /media/coolbreeze413/GALACTICA/work/clients/quicklogic/qorc/github/qorc-sdk/arm_toolchain_install/gcc-arm-none-eabi-9-2020-q2-update/bin/../lib/gcc/arm-none-eabi/9.3.1/../../../../arm-none-eabi/lib/thumb/v7e-m+fp/hard/libnosys.a
END GROUP
START GROUP
LOAD /media/coolbreeze413/GALACTICA/work/clients/quicklogic/qorc/github/qorc-sdk/arm_toolchain_install/gcc-arm-none-eabi-9-2020-q2-update/bin/../lib/gcc/arm-none-eabi/9.3.1/thumb/v7e-m+fp/hard/libgcc.a
LOAD /media/coolbreeze413/GALACTICA/work/clients/quicklogic/qorc/github/qorc-sdk/arm_toolchain_install/gcc-arm-none-eabi-9-2020-q2-update/bin/../lib/gcc/arm-none-eabi/9.3.1/../../../../arm-none-eabi/lib/thumb/v7e-m+fp/hard/libc_nano.a
LOAD /media/coolbreeze413/GALACTICA/work/clients/quicklogic/qorc/github/qorc-sdk/arm_toolchain_install/gcc-arm-none-eabi-9-2020-q2-update/bin/../lib/gcc/arm-none-eabi/9.3.1/../../../../arm-none-eabi/lib/thumb/v7e-m+fp/hard/libnosys.a
END GROUP
LOAD /media/coolbreeze413/GALACTICA/work/clients/quicklogic/qorc/github/qorc-sdk/arm_toolchain_install/gcc-arm-none-eabi-9-2020-q2-update/bin/../lib/gcc/arm-none-eabi/9.3.1/thumb/v7e-m+fp/hard/crtend.o
LOAD /media/coolbreeze413/GALACTICA/work/clients/quicklogic/qorc/github/qorc-sdk/arm_toolchain_install/gcc-arm-none-eabi-9-2020-q2-update/bin/../lib/gcc/arm-none-eabi/9.3.1/thumb/v7e-m+fp/hard/crtn.o

.text           0x0000000000000000     0x8867
 *(.isr_vector)
 .isr_vector    0x0000000000000000      0x124 /media/coolbreeze413/GALACTICA/work/clients/quicklogic/qorc/github/qorc-sdk/qorc-onion-apps/qorc_gpiocontroller_wb/m4/GCC_Project/output/vectors_CM4F_gcc.o
                0x0000000000000000                __Vectors
 *(.text*)
 .text          0x0000000000000124       0x40 /media/coolbreeze413/GALACTICA/work/clients/quicklogic/qorc/github/qorc-sdk/arm_toolchain_install/gcc-arm-none-eabi-9-2020-q2-update/bin/../lib/gcc/arm-none-eabi/9.3.1/thumb/v7e-m+fp/hard/crtbegin.o
 .text          0x0000000000000164       0x7c /media/coolbreeze413/GALACTICA/work/clients/quicklogic/qorc/github/qorc-sdk/arm_toolchain_install/gcc-arm-none-eabi-9-2020-q2-update/bin/../lib/gcc/arm-none-eabi/9.3.1/../../../../arm-none-eabi/lib/thumb/v7e-m+fp/hard/crt0.o
                0x0000000000000164                _stack_init
                0x000000000000016c                _mainCRTStartup
                0x000000000000016c                _start
 .text._write   0x00000000000001e0        0xe /media/coolbreeze413/GALACTICA/work/clients/quicklogic/qorc/github/qorc-sdk/qorc-onion-apps/qorc_gpiocontroller_wb/m4/GCC_Project/output/c_lib_retarget.o
                0x00000000000001e0                _write
 .text._close   0x00000000000001ee        0x6 /media/coolbreeze413/GALACTICA/work/clients/quicklogic/qorc/github/qorc-sdk/qorc-onion-apps/qorc_gpiocontroller_wb/m4/GCC_Project/output/c_lib_retarget.o
                0x00000000000001ee                _close
 .text._lseek   0x00000000000001f4        0x4 /media/coolbreeze413/GALACTICA/work/clients/quicklogic/qorc/github/qorc-sdk/qorc-onion-apps/qorc_gpiocontroller_wb/m4/GCC_Project/output/c_lib_retarget.o
                0x00000000000001f4                _lseek
 .text._read    0x00000000000001f8        0x4 /media/coolbreeze413/GALACTICA/work/clients/quicklogic/qorc/github/qorc-sdk/qorc-onion-apps/qorc_gpiocontroller_wb/m4/GCC_Project/output/c_lib_retarget.o
                0x00000000000001f8                _read
 .text.do_str_fetch
                0x00000000000001fc       0x38 /media/coolbreeze413/GALACTICA/work/clients/quicklogic/qorc/github/qorc-sdk/qorc-onion-apps/qorc_gpiocontroller_wb/m4/GCC_Project/output/cli_args.o
 .text.CLI_string_ptr_get_subcmd
                0x0000000000000234       0x20 /media/coolbreeze413/GALACTICA/work/clients/quicklogic/qorc/github/qorc-sdk/qorc-onion-apps/qorc_gpiocontroller_wb/m4/GCC_Project/output/cli_args.o
                0x0000000000000234                CLI_string_ptr_get_subcmd
 .text.CLI_numX_getshow_X
                0x0000000000000254      0x188 /media/coolbreeze413/GALACTICA/work/clients/quicklogic/qorc/github/qorc-sdk/qorc-onion-apps/qorc_gpiocontroller_wb/m4/GCC_Project/output/cli_args.o
                0x0000000000000254                CLI_numX_getshow_X
 .text.CLI_uint8_getshow
                0x00000000000003dc        0x8 /media/coolbreeze413/GALACTICA/work/clients/quicklogic/qorc/github/qorc-sdk/qorc-onion-apps/qorc_gpiocontroller_wb/m4/GCC_Project/output/cli_args.o
                0x00000000000003dc                CLI_uint8_getshow
 .text.append_key
                0x00000000000003e4       0x30 /media/coolbreeze413/GALACTICA/work/clients/quicklogic/qorc/github/qorc-sdk/qorc-onion-apps/qorc_gpiocontroller_wb/m4/GCC_Project/output/cli_io.o
 .text.get_key_ignore_null
                0x0000000000000414       0x18 /media/coolbreeze413/GALACTICA/work/clients/quicklogic/qorc/github/qorc-sdk/qorc-onion-apps/qorc_gpiocontroller_wb/m4/GCC_Project/output/cli_io.o
 .text.CLI_getkey_peek
                0x000000000000042c      0x110 /media/coolbreeze413/GALACTICA/work/clients/quicklogic/qorc/github/qorc-sdk/qorc-onion-apps/qorc_gpiocontroller_wb/m4/GCC_Project/output/cli_io.o
                0x000000000000042c                CLI_getkey_peek
 .text.CLI_getkey
                0x000000000000053c       0x30 /media/coolbreeze413/GALACTICA/work/clients/quicklogic/qorc/github/qorc-sdk/qorc-onion-apps/qorc_gpiocontroller_wb/m4/GCC_Project/output/cli_io.o
                0x000000000000053c                CLI_getkey
 .text.CLI_col0_timestamp
                0x000000000000056c       0x78 /media/coolbreeze413/GALACTICA/work/clients/quicklogic/qorc/github/qorc-sdk/qorc-onion-apps/qorc_gpiocontroller_wb/m4/GCC_Project/output/cli_io.o
                0x000000000000056c                CLI_col0_timestamp
 .text.CLI_putc
                0x00000000000005e4       0x4c /media/coolbreeze413/GALACTICA/work/clients/quicklogic/qorc/github/qorc-sdk/qorc-onion-apps/qorc_gpiocontroller_wb/m4/GCC_Project/output/cli_io.o
                0x00000000000005e4                CLI_putc
 .text.CLI_puts_no_nl
                0x0000000000000630       0x12 /media/coolbreeze413/GALACTICA/work/clients/quicklogic/qorc/github/qorc-sdk/qorc-onion-apps/qorc_gpiocontroller_wb/m4/GCC_Project/output/cli_io.o
                0x0000000000000630                CLI_puts_no_nl
 *fill*         0x0000000000000642        0x2 
 .text.CLI_vprintf
                0x0000000000000644       0x24 /media/coolbreeze413/GALACTICA/work/clients/quicklogic/qorc/github/qorc-sdk/qorc-onion-apps/qorc_gpiocontroller_wb/m4/GCC_Project/output/cli_io.o
                0x0000000000000644                CLI_vprintf
 .text.CLI_printf
                0x0000000000000668       0x1a /media/coolbreeze413/GALACTICA/work/clients/quicklogic/qorc/github/qorc-sdk/qorc-onion-apps/qorc_gpiocontroller_wb/m4/GCC_Project/output/cli_io.o
                0x0000000000000668                CLI_printf
 *fill*         0x0000000000000682        0x2 
 .text.handle_help
                0x0000000000000684       0xc4 /media/coolbreeze413/GALACTICA/work/clients/quicklogic/qorc/github/qorc-sdk/qorc-onion-apps/qorc_gpiocontroller_wb/m4/GCC_Project/output/cli_loop.o
 .text.CLI_cmd_stack_replace
                0x0000000000000748       0x10 /media/coolbreeze413/GALACTICA/work/clients/quicklogic/qorc/github/qorc-sdk/qorc-onion-apps/qorc_gpiocontroller_wb/m4/GCC_Project/output/cli_loop.o
                0x0000000000000748                CLI_cmd_stack_replace
 .text.CLI_cmd_stack_push
                0x0000000000000758       0x30 /media/coolbreeze413/GALACTICA/work/clients/quicklogic/qorc/github/qorc-sdk/qorc-onion-apps/qorc_gpiocontroller_wb/m4/GCC_Project/output/cli_loop.o
                0x0000000000000758                CLI_cmd_stack_push
 .text.CLI_cmd_stack_clear
                0x0000000000000788       0x24 /media/coolbreeze413/GALACTICA/work/clients/quicklogic/qorc/github/qorc-sdk/qorc-onion-apps/qorc_gpiocontroller_wb/m4/GCC_Project/output/cli_loop.o
                0x0000000000000788                CLI_cmd_stack_clear
 .text.CLI_cmd_stack_pop
                0x00000000000007ac       0x40 /media/coolbreeze413/GALACTICA/work/clients/quicklogic/qorc/github/qorc-sdk/qorc-onion-apps/qorc_gpiocontroller_wb/m4/GCC_Project/output/cli_loop.o
                0x00000000000007ac                CLI_cmd_stack_pop
 .text.handle_exit
                0x00000000000007ec       0x1c /media/coolbreeze413/GALACTICA/work/clients/quicklogic/qorc/github/qorc-sdk/qorc-onion-apps/qorc_gpiocontroller_wb/m4/GCC_Project/output/cli_loop.o
 .text.CLI_init
                0x0000000000000808       0x24 /media/coolbreeze413/GALACTICA/work/clients/quicklogic/qorc/github/qorc-sdk/qorc-onion-apps/qorc_gpiocontroller_wb/m4/GCC_Project/output/cli_loop.o
                0x0000000000000808                CLI_init
 .text.CLI_print_prompt
                0x000000000000082c       0x44 /media/coolbreeze413/GALACTICA/work/clients/quicklogic/qorc/github/qorc-sdk/qorc-onion-apps/qorc_gpiocontroller_wb/m4/GCC_Project/output/cli_loop.o
                0x000000000000082c                CLI_print_prompt
 .text.CLI_dispatch_subcmd
                0x0000000000000870       0x84 /media/coolbreeze413/GALACTICA/work/clients/quicklogic/qorc/github/qorc-sdk/qorc-onion-apps/qorc_gpiocontroller_wb/m4/GCC_Project/output/cli_loop.o
                0x0000000000000870                CLI_dispatch_subcmd
 .text.CLI_dispatch
                0x00000000000008f4       0xc0 /media/coolbreeze413/GALACTICA/work/clients/quicklogic/qorc/github/qorc-sdk/qorc-onion-apps/qorc_gpiocontroller_wb/m4/GCC_Project/output/cli_loop.o
 .text.CLI_submenu_handler
                0x00000000000009b4       0x30 /media/coolbreeze413/GALACTICA/work/clients/quicklogic/qorc/github/qorc-sdk/qorc-onion-apps/qorc_gpiocontroller_wb/m4/GCC_Project/output/cli_loop.o
                0x00000000000009b4                CLI_submenu_handler
 .text.CLI_verror
                0x00000000000009e4       0x40 /media/coolbreeze413/GALACTICA/work/clients/quicklogic/qorc/github/qorc-sdk/qorc-onion-apps/qorc_gpiocontroller_wb/m4/GCC_Project/output/cli_loop.o
                0x00000000000009e4                CLI_verror
 .text.CLI_rx_byte
                0x0000000000000a24       0xec /media/coolbreeze413/GALACTICA/work/clients/quicklogic/qorc/github/qorc-sdk/qorc-onion-apps/qorc_gpiocontroller_wb/m4/GCC_Project/output/cli_loop.o
                0x0000000000000a24                CLI_rx_byte
 .text.CLI_is_more_args
                0x0000000000000b10       0x14 /media/coolbreeze413/GALACTICA/work/clients/quicklogic/qorc/github/qorc-sdk/qorc-onion-apps/qorc_gpiocontroller_wb/m4/GCC_Project/output/cli_misc.o
                0x0000000000000b10                CLI_is_more_args
 .text.CLI_error
                0x0000000000000b24       0x1a /media/coolbreeze413/GALACTICA/work/clients/quicklogic/qorc/github/qorc-sdk/qorc-onion-apps/qorc_gpiocontroller_wb/m4/GCC_Project/output/cli_misc.o
                0x0000000000000b24                CLI_error
 *fill*         0x0000000000000b3e        0x2 
 .text.CLI_error_missing_parameter
                0x0000000000000b40        0xc /media/coolbreeze413/GALACTICA/work/clients/quicklogic/qorc/github/qorc-sdk/qorc-onion-apps/qorc_gpiocontroller_wb/m4/GCC_Project/output/cli_misc.o
                0x0000000000000b40                CLI_error_missing_parameter
 .text.CLI_error_not_a_number
                0x0000000000000b4c       0x10 /media/coolbreeze413/GALACTICA/work/clients/quicklogic/qorc/github/qorc-sdk/qorc-onion-apps/qorc_gpiocontroller_wb/m4/GCC_Project/output/cli_misc.o
                0x0000000000000b4c                CLI_error_not_a_number
 .text.CLI_task
                0x0000000000000b5c       0x54 /media/coolbreeze413/GALACTICA/work/clients/quicklogic/qorc/github/qorc-sdk/qorc-onion-apps/qorc_gpiocontroller_wb/m4/GCC_Project/output/cli_platform.o
                0x0000000000000b5c                CLI_task
 .text.CLI_time_now
                0x0000000000000bb0        0x4 /media/coolbreeze413/GALACTICA/work/clients/quicklogic/qorc/github/qorc-sdk/qorc-onion-apps/qorc_gpiocontroller_wb/m4/GCC_Project/output/cli_platform.o
                0x0000000000000bb0                CLI_time_now
 .text.CLI_beep
                0x0000000000000bb4        0x6 /media/coolbreeze413/GALACTICA/work/clients/quicklogic/qorc/github/qorc-sdk/qorc-onion-apps/qorc_gpiocontroller_wb/m4/GCC_Project/output/cli_platform.o
                0x0000000000000bb4                CLI_beep
 .text.CLI_timeout_expired
                0x0000000000000bba       0x22 /media/coolbreeze413/GALACTICA/work/clients/quicklogic/qorc/github/qorc-sdk/qorc-onion-apps/qorc_gpiocontroller_wb/m4/GCC_Project/output/cli_platform.o
                0x0000000000000bba                CLI_timeout_expired
 .text.CLI_putc_raw
                0x0000000000000bdc        0x8 /media/coolbreeze413/GALACTICA/work/clients/quicklogic/qorc/github/qorc-sdk/qorc-onion-apps/qorc_gpiocontroller_wb/m4/GCC_Project/output/cli_platform.o
                0x0000000000000bdc                CLI_putc_raw
 .text.CLI_getkey_raw
                0x0000000000000be4       0x3c /media/coolbreeze413/GALACTICA/work/clients/quicklogic/qorc/github/qorc-sdk/qorc-onion-apps/qorc_gpiocontroller_wb/m4/GCC_Project/output/cli_platform.o
                0x0000000000000be4                CLI_getkey_raw
 .text.CLI_start_task
                0x0000000000000c20       0x58 /media/coolbreeze413/GALACTICA/work/clients/quicklogic/qorc/github/qorc-sdk/qorc-onion-apps/qorc_gpiocontroller_wb/m4/GCC_Project/output/cli_platform.o
                0x0000000000000c20                CLI_start_task
 .text.__debug_lockup
                0x0000000000000c78       0x14 /media/coolbreeze413/GALACTICA/work/clients/quicklogic/qorc/github/qorc-sdk/qorc-onion-apps/qorc_gpiocontroller_wb/m4/GCC_Project/output/dbg_uart.o
 .text._semihost_write
                0x0000000000000c8c       0x54 /media/coolbreeze413/GALACTICA/work/clients/quicklogic/qorc/github/qorc-sdk/qorc-onion-apps/qorc_gpiocontroller_wb/m4/GCC_Project/output/dbg_uart.o
                0x0000000000000c8c                _semihost_write
 .text.dbg_ch_raw
                0x0000000000000ce0       0x74 /media/coolbreeze413/GALACTICA/work/clients/quicklogic/qorc/github/qorc-sdk/qorc-onion-apps/qorc_gpiocontroller_wb/m4/GCC_Project/output/dbg_uart.o
                0x0000000000000ce0                dbg_ch_raw
 .text.dbg_nl   0x0000000000000d54       0x12 /media/coolbreeze413/GALACTICA/work/clients/quicklogic/qorc/github/qorc-sdk/qorc-onion-apps/qorc_gpiocontroller_wb/m4/GCC_Project/output/dbg_uart.o
                0x0000000000000d54                dbg_nl
 .text.dbg_ch   0x0000000000000d66        0xc /media/coolbreeze413/GALACTICA/work/clients/quicklogic/qorc/github/qorc-sdk/qorc-onion-apps/qorc_gpiocontroller_wb/m4/GCC_Project/output/dbg_uart.o
                0x0000000000000d66                dbg_ch
 .text.dbg_hex4
                0x0000000000000d72       0x14 /media/coolbreeze413/GALACTICA/work/clients/quicklogic/qorc/github/qorc-sdk/qorc-onion-apps/qorc_gpiocontroller_wb/m4/GCC_Project/output/dbg_uart.o
 .text.dbg_hex8
                0x0000000000000d86       0x14 /media/coolbreeze413/GALACTICA/work/clients/quicklogic/qorc/github/qorc-sdk/qorc-onion-apps/qorc_gpiocontroller_wb/m4/GCC_Project/output/dbg_uart.o
                0x0000000000000d86                dbg_hex8
 .text.dbg_hex16
                0x0000000000000d9a       0x14 /media/coolbreeze413/GALACTICA/work/clients/quicklogic/qorc/github/qorc-sdk/qorc-onion-apps/qorc_gpiocontroller_wb/m4/GCC_Project/output/dbg_uart.o
                0x0000000000000d9a                dbg_hex16
 .text.dbg_hex32
                0x0000000000000dae       0x14 /media/coolbreeze413/GALACTICA/work/clients/quicklogic/qorc/github/qorc-sdk/qorc-onion-apps/qorc_gpiocontroller_wb/m4/GCC_Project/output/dbg_uart.o
                0x0000000000000dae                dbg_hex32
 .text._dbg_int
                0x0000000000000dc2       0x20 /media/coolbreeze413/GALACTICA/work/clients/quicklogic/qorc/github/qorc-sdk/qorc-onion-apps/qorc_gpiocontroller_wb/m4/GCC_Project/output/dbg_uart.o
 .text.dbg_memdumpx
                0x0000000000000de2       0xea /media/coolbreeze413/GALACTICA/work/clients/quicklogic/qorc/github/qorc-sdk/qorc-onion-apps/qorc_gpiocontroller_wb/m4/GCC_Project/output/dbg_uart.o
 .text.dbg_str  0x0000000000000ecc       0x84 /media/coolbreeze413/GALACTICA/work/clients/quicklogic/qorc/github/qorc-sdk/qorc-onion-apps/qorc_gpiocontroller_wb/m4/GCC_Project/output/dbg_uart.o
                0x0000000000000ecc                dbg_str
 .text._dbg_str_xxx
                0x0000000000000f50       0x16 /media/coolbreeze413/GALACTICA/work/clients/quicklogic/qorc/github/qorc-sdk/qorc-onion-apps/qorc_gpiocontroller_wb/m4/GCC_Project/output/dbg_uart.o
 .text.dbg_str_hexXX
                0x0000000000000f66       0x22 /media/coolbreeze413/GALACTICA/work/clients/quicklogic/qorc/github/qorc-sdk/qorc-onion-apps/qorc_gpiocontroller_wb/m4/GCC_Project/output/dbg_uart.o
 .text.dbg_int  0x0000000000000f88       0x24 /media/coolbreeze413/GALACTICA/work/clients/quicklogic/qorc/github/qorc-sdk/qorc-onion-apps/qorc_gpiocontroller_wb/m4/GCC_Project/output/dbg_uart.o
                0x0000000000000f88                dbg_int
 .text.dbg_str_str
                0x0000000000000fac       0x16 /media/coolbreeze413/GALACTICA/work/clients/quicklogic/qorc/github/qorc-sdk/qorc-onion-apps/qorc_gpiocontroller_wb/m4/GCC_Project/output/dbg_uart.o
                0x0000000000000fac                dbg_str_str
 .text.dbg_str_int
                0x0000000000000fc2       0x16 /media/coolbreeze413/GALACTICA/work/clients/quicklogic/qorc/github/qorc-sdk/qorc-onion-apps/qorc_gpiocontroller_wb/m4/GCC_Project/output/dbg_uart.o
                0x0000000000000fc2                dbg_str_int
 .text.dbg_str_int_noln
                0x0000000000000fd8       0x12 /media/coolbreeze413/GALACTICA/work/clients/quicklogic/qorc/github/qorc-sdk/qorc-onion-apps/qorc_gpiocontroller_wb/m4/GCC_Project/output/dbg_uart.o
                0x0000000000000fd8                dbg_str_int_noln
 *fill*         0x0000000000000fea        0x2 
 .text.dbg_str_hex32
                0x0000000000000fec        0xc /media/coolbreeze413/GALACTICA/work/clients/quicklogic/qorc/github/qorc-sdk/qorc-onion-apps/qorc_gpiocontroller_wb/m4/GCC_Project/output/dbg_uart.o
                0x0000000000000fec                dbg_str_hex32
 .text.dbg_fatal_error
                0x0000000000000ff8       0x12 /media/coolbreeze413/GALACTICA/work/clients/quicklogic/qorc/github/qorc-sdk/qorc-onion-apps/qorc_gpiocontroller_wb/m4/GCC_Project/output/dbg_uart.o
                0x0000000000000ff8                dbg_fatal_error
 .text.dbg_fatal_error_int
                0x000000000000100a        0xe /media/coolbreeze413/GALACTICA/work/clients/quicklogic/qorc/github/qorc-sdk/qorc-onion-apps/qorc_gpiocontroller_wb/m4/GCC_Project/output/dbg_uart.o
                0x000000000000100a                dbg_fatal_error_int
 .text.dbg_memdump32
                0x0000000000001018       0x1e /media/coolbreeze413/GALACTICA/work/clients/quicklogic/qorc/github/qorc-sdk/qorc-onion-apps/qorc_gpiocontroller_wb/m4/GCC_Project/output/dbg_uart.o
                0x0000000000001018                dbg_memdump32
 *fill*         0x0000000000001036        0x2 
 .text.HAL_GPIO_Write
                0x0000000000001038       0x28 /media/coolbreeze413/GALACTICA/work/clients/quicklogic/qorc/github/qorc-sdk/qorc-onion-apps/qorc_gpiocontroller_wb/m4/GCC_Project/output/eoss3_hal_gpio.o
                0x0000000000001038                HAL_GPIO_Write
 .text.HAL_PAD_Config
                0x0000000000001060      0x190 /media/coolbreeze413/GALACTICA/work/clients/quicklogic/qorc/github/qorc-sdk/qorc-onion-apps/qorc_gpiocontroller_wb/m4/GCC_Project/output/eoss3_hal_pad_config.o
                0x0000000000001060                HAL_PAD_Config
 .text.configure_s3_pads
                0x00000000000011f0       0x1a /media/coolbreeze413/GALACTICA/work/clients/quicklogic/qorc/github/qorc-sdk/qorc-onion-apps/qorc_gpiocontroller_wb/m4/GCC_Project/output/eoss3_hal_pad_config.o
                0x00000000000011f0                configure_s3_pads
 *fill*         0x000000000000120a        0x2 
 .text.eoss3_rtc_enable_irq
                0x000000000000120c       0x28 /media/coolbreeze413/GALACTICA/work/clients/quicklogic/qorc/github/qorc-sdk/qorc-onion-apps/qorc_gpiocontroller_wb/m4/GCC_Project/output/eoss3_hal_rtc.o
 .text.write_rtc_reg
                0x0000000000001234       0x18 /media/coolbreeze413/GALACTICA/work/clients/quicklogic/qorc/github/qorc-sdk/qorc-onion-apps/qorc_gpiocontroller_wb/m4/GCC_Project/output/eoss3_hal_rtc.o
 .text.__rtc_setup_alarm.isra.0
                0x000000000000124c       0x44 /media/coolbreeze413/GALACTICA/work/clients/quicklogic/qorc/github/qorc-sdk/qorc-onion-apps/qorc_gpiocontroller_wb/m4/GCC_Project/output/eoss3_hal_rtc.o
 .text.HAL_RTC_ISR
                0x0000000000001290       0x24 /media/coolbreeze413/GALACTICA/work/clients/quicklogic/qorc/github/qorc-sdk/qorc-onion-apps/qorc_gpiocontroller_wb/m4/GCC_Project/output/eoss3_hal_rtc.o
                0x0000000000001290                HAL_RTC_ISR
 .text.unlock_spi1_bus
                0x00000000000012b4       0x58 /media/coolbreeze413/GALACTICA/work/clients/quicklogic/qorc/github/qorc-sdk/qorc-onion-apps/qorc_gpiocontroller_wb/m4/GCC_Project/output/eoss3_hal_spi.o
                0x00000000000012b4                unlock_spi1_bus
 .text.SPI_DMA_Complete
                0x000000000000130c       0x88 /media/coolbreeze413/GALACTICA/work/clients/quicklogic/qorc/github/qorc-sdk/qorc-onion-apps/qorc_gpiocontroller_wb/m4/GCC_Project/output/eoss3_hal_spi.o
                0x000000000000130c                SPI_DMA_Complete
 .text.HAL_SPI_IRQHandler
                0x0000000000001394       0x6c /media/coolbreeze413/GALACTICA/work/clients/quicklogic/qorc/github/qorc-sdk/qorc-onion-apps/qorc_gpiocontroller_wb/m4/GCC_Project/output/eoss3_hal_spi.o
                0x0000000000001394                HAL_SPI_IRQHandler
 .text.HAL_Timer_ISR
                0x0000000000001400       0x88 /media/coolbreeze413/GALACTICA/work/clients/quicklogic/qorc/github/qorc-sdk/qorc-onion-apps/qorc_gpiocontroller_wb/m4/GCC_Project/output/eoss3_hal_timer.o
                0x0000000000001400                HAL_Timer_ISR
 .text.uart_baud_rate
                0x0000000000001488       0x60 /media/coolbreeze413/GALACTICA/work/clients/quicklogic/qorc/github/qorc-sdk/qorc-onion-apps/qorc_gpiocontroller_wb/m4/GCC_Project/output/eoss3_hal_uart.o
 .text.is_hw_uart_enabled
                0x00000000000014e8       0x20 /media/coolbreeze413/GALACTICA/work/clients/quicklogic/qorc/github/qorc-sdk/qorc-onion-apps/qorc_gpiocontroller_wb/m4/GCC_Project/output/eoss3_hal_uart.o
 .text.uart_disable
                0x0000000000001508       0x1c /media/coolbreeze413/GALACTICA/work/clients/quicklogic/qorc/github/qorc-sdk/qorc-onion-apps/qorc_gpiocontroller_wb/m4/GCC_Project/output/eoss3_hal_uart.o
 .text.uart_lpm_callback
                0x0000000000001524       0x70 /media/coolbreeze413/GALACTICA/work/clients/quicklogic/qorc/github/qorc-sdk/qorc-onion-apps/qorc_gpiocontroller_wb/m4/GCC_Project/output/eoss3_hal_uart.o
 .text.uart_init
                0x0000000000001594      0x168 /media/coolbreeze413/GALACTICA/work/clients/quicklogic/qorc/github/qorc-sdk/qorc-onion-apps/qorc_gpiocontroller_wb/m4/GCC_Project/output/eoss3_hal_uart.o
                0x0000000000001594                uart_init
 .text.uart_isr_handler
                0x00000000000016fc       0x84 /media/coolbreeze413/GALACTICA/work/clients/quicklogic/qorc/github/qorc-sdk/qorc-onion-apps/qorc_gpiocontroller_wb/m4/GCC_Project/output/eoss3_hal_uart.o
                0x00000000000016fc                uart_isr_handler
 .text.uart_tx_raw
                0x0000000000001780       0x38 /media/coolbreeze413/GALACTICA/work/clients/quicklogic/qorc/github/qorc-sdk/qorc-onion-apps/qorc_gpiocontroller_wb/m4/GCC_Project/output/eoss3_hal_uart.o
                0x0000000000001780                uart_tx_raw
 .text.uart_tx  0x00000000000017b8       0x1c /media/coolbreeze413/GALACTICA/work/clients/quicklogic/qorc/github/qorc-sdk/qorc-onion-apps/qorc_gpiocontroller_wb/m4/GCC_Project/output/eoss3_hal_uart.o
                0x00000000000017b8                uart_tx
 .text.uart_tx_buf
                0x00000000000017d4       0x1a /media/coolbreeze413/GALACTICA/work/clients/quicklogic/qorc/github/qorc-sdk/qorc-onion-apps/qorc_gpiocontroller_wb/m4/GCC_Project/output/eoss3_hal_uart.o
                0x00000000000017d4                uart_tx_buf
 *fill*         0x00000000000017ee        0x2 
 .text.uart_rx_wait
                0x00000000000017f0       0x34 /media/coolbreeze413/GALACTICA/work/clients/quicklogic/qorc/github/qorc-sdk/qorc-onion-apps/qorc_gpiocontroller_wb/m4/GCC_Project/output/eoss3_hal_uart.o
                0x00000000000017f0                uart_rx_wait
 .text.uart_rx_available
                0x0000000000001824       0x34 /media/coolbreeze413/GALACTICA/work/clients/quicklogic/qorc/github/qorc-sdk/qorc-onion-apps/qorc_gpiocontroller_wb/m4/GCC_Project/output/eoss3_hal_uart.o
                0x0000000000001824                uart_rx_available
 .text.uart_rx  0x0000000000001858       0x60 /media/coolbreeze413/GALACTICA/work/clients/quicklogic/qorc/github/qorc-sdk/qorc-onion-apps/qorc_gpiocontroller_wb/m4/GCC_Project/output/eoss3_hal_uart.o
                0x0000000000001858                uart_rx
 .text.WDT_ISR  0x00000000000018b8       0x8c /media/coolbreeze413/GALACTICA/work/clients/quicklogic/qorc/github/qorc-sdk/qorc-onion-apps/qorc_gpiocontroller_wb/m4/GCC_Project/output/eoss3_hal_wdt.o
                0x00000000000018b8                WDT_ISR
 .text.spurious_interrupt
                0x0000000000001944        0xc /media/coolbreeze413/GALACTICA/work/clients/quicklogic/qorc/github/qorc-sdk/qorc-onion-apps/qorc_gpiocontroller_wb/m4/GCC_Project/output/exceptions.o
 .text.prvGetRegistersFromStack
                0x0000000000001950       0xf0 /media/coolbreeze413/GALACTICA/work/clients/quicklogic/qorc/github/qorc-sdk/qorc-onion-apps/qorc_gpiocontroller_wb/m4/GCC_Project/output/exceptions.o
                0x0000000000001950                prvGetRegistersFromStack
 .text.HardFault_Handler
                0x0000000000001a40       0x16 /media/coolbreeze413/GALACTICA/work/clients/quicklogic/qorc/github/qorc-sdk/qorc-onion-apps/qorc_gpiocontroller_wb/m4/GCC_Project/output/exceptions.o
                0x0000000000001a40                HardFault_Handler
 .text.NMI_Handler
                0x0000000000001a56        0x6 /media/coolbreeze413/GALACTICA/work/clients/quicklogic/qorc/github/qorc-sdk/qorc-onion-apps/qorc_gpiocontroller_wb/m4/GCC_Project/output/exceptions.o
                0x0000000000001a56                NMI_Handler
 .text.MemManage_Handler
                0x0000000000001a5c        0x6 /media/coolbreeze413/GALACTICA/work/clients/quicklogic/qorc/github/qorc-sdk/qorc-onion-apps/qorc_gpiocontroller_wb/m4/GCC_Project/output/exceptions.o
                0x0000000000001a5c                MemManage_Handler
 .text.BusFault_Handler
                0x0000000000001a62        0x6 /media/coolbreeze413/GALACTICA/work/clients/quicklogic/qorc/github/qorc-sdk/qorc-onion-apps/qorc_gpiocontroller_wb/m4/GCC_Project/output/exceptions.o
                0x0000000000001a62                BusFault_Handler
 .text.UsageFault_Handler
                0x0000000000001a68        0x6 /media/coolbreeze413/GALACTICA/work/clients/quicklogic/qorc/github/qorc-sdk/qorc-onion-apps/qorc_gpiocontroller_wb/m4/GCC_Project/output/exceptions.o
                0x0000000000001a68                UsageFault_Handler
 .text.DebugMon_Handler
                0x0000000000001a6e        0x6 /media/coolbreeze413/GALACTICA/work/clients/quicklogic/qorc/github/qorc-sdk/qorc-onion-apps/qorc_gpiocontroller_wb/m4/GCC_Project/output/exceptions.o
                0x0000000000001a6e                DebugMon_Handler
 .text.Uart_Handler
                0x0000000000001a74       0x50 /media/coolbreeze413/GALACTICA/work/clients/quicklogic/qorc/github/qorc-sdk/qorc-onion-apps/qorc_gpiocontroller_wb/m4/GCC_Project/output/exceptions.o
                0x0000000000001a74                Uart_Handler
 .text.Timer_Handler
                0x0000000000001ac4       0x24 /media/coolbreeze413/GALACTICA/work/clients/quicklogic/qorc/github/qorc-sdk/qorc-onion-apps/qorc_gpiocontroller_wb/m4/GCC_Project/output/exceptions.o
                0x0000000000001ac4                Timer_Handler
 .text.CpuWdtInt_Handler
                0x0000000000001ae8       0x24 /media/coolbreeze413/GALACTICA/work/clients/quicklogic/qorc/github/qorc-sdk/qorc-onion-apps/qorc_gpiocontroller_wb/m4/GCC_Project/output/exceptions.o
                0x0000000000001ae8                CpuWdtInt_Handler
 .text.CpuWdtRst_Handler
                0x0000000000001b0c        0x6 /media/coolbreeze413/GALACTICA/work/clients/quicklogic/qorc/github/qorc-sdk/qorc-onion-apps/qorc_gpiocontroller_wb/m4/GCC_Project/output/exceptions.o
                0x0000000000001b0c                CpuWdtRst_Handler
 .text.BusTimeout_Handler
                0x0000000000001b12        0x6 /media/coolbreeze413/GALACTICA/work/clients/quicklogic/qorc/github/qorc-sdk/qorc-onion-apps/qorc_gpiocontroller_wb/m4/GCC_Project/output/exceptions.o
                0x0000000000001b12                BusTimeout_Handler
 .text.Fpu_Handler
                0x0000000000001b18        0x6 /media/coolbreeze413/GALACTICA/work/clients/quicklogic/qorc/github/qorc-sdk/qorc-onion-apps/qorc_gpiocontroller_wb/m4/GCC_Project/output/exceptions.o
                0x0000000000001b18                Fpu_Handler
 *fill*         0x0000000000001b1e        0x2 
 .text.Pkfb_Handler
                0x0000000000001b20       0x10 /media/coolbreeze413/GALACTICA/work/clients/quicklogic/qorc/github/qorc-sdk/qorc-onion-apps/qorc_gpiocontroller_wb/m4/GCC_Project/output/exceptions.o
                0x0000000000001b20                Pkfb_Handler
 .text.I2s_Handler
                0x0000000000001b30        0x6 /media/coolbreeze413/GALACTICA/work/clients/quicklogic/qorc/github/qorc-sdk/qorc-onion-apps/qorc_gpiocontroller_wb/m4/GCC_Project/output/exceptions.o
                0x0000000000001b30                I2s_Handler
 .text.Audio_Handler
                0x0000000000001b36        0x6 /media/coolbreeze413/GALACTICA/work/clients/quicklogic/qorc/github/qorc-sdk/qorc-onion-apps/qorc_gpiocontroller_wb/m4/GCC_Project/output/exceptions.o
                0x0000000000001b36                Audio_Handler
 .text.SpiMs_Handler
                0x0000000000001b3c       0x5c /media/coolbreeze413/GALACTICA/work/clients/quicklogic/qorc/github/qorc-sdk/qorc-onion-apps/qorc_gpiocontroller_wb/m4/GCC_Project/output/exceptions.o
                0x0000000000001b3c                SpiMs_Handler
 .text.CfgDma_Handler
                0x0000000000001b98       0x28 /media/coolbreeze413/GALACTICA/work/clients/quicklogic/qorc/github/qorc-sdk/qorc-onion-apps/qorc_gpiocontroller_wb/m4/GCC_Project/output/exceptions.o
                0x0000000000001b98                CfgDma_Handler
 .text.PmuTimer_Handler
                0x0000000000001bc0        0x2 /media/coolbreeze413/GALACTICA/work/clients/quicklogic/qorc/github/qorc-sdk/qorc-onion-apps/qorc_gpiocontroller_wb/m4/GCC_Project/output/exceptions.o
                0x0000000000001bc0                PmuTimer_Handler
 .text.AdcDone_Handler
                0x0000000000001bc2        0x8 /media/coolbreeze413/GALACTICA/work/clients/quicklogic/qorc/github/qorc-sdk/qorc-onion-apps/qorc_gpiocontroller_wb/m4/GCC_Project/output/exceptions.o
                0x0000000000001bc2                AdcDone_Handler
 *fill*         0x0000000000001bca        0x2 
 .text.RtcAlarm_Handler
                0x0000000000001bcc       0x1c /media/coolbreeze413/GALACTICA/work/clients/quicklogic/qorc/github/qorc-sdk/qorc-onion-apps/qorc_gpiocontroller_wb/m4/GCC_Project/output/exceptions.o
                0x0000000000001bcc                RtcAlarm_Handler
 .text.ResetInt_Handler
                0x0000000000001be8        0x8 /media/coolbreeze413/GALACTICA/work/clients/quicklogic/qorc/github/qorc-sdk/qorc-onion-apps/qorc_gpiocontroller_wb/m4/GCC_Project/output/exceptions.o
                0x0000000000001be8                ResetInt_Handler
 .text.Ffe0_Handler
                0x0000000000001bf0       0x18 /media/coolbreeze413/GALACTICA/work/clients/quicklogic/qorc/github/qorc-sdk/qorc-onion-apps/qorc_gpiocontroller_wb/m4/GCC_Project/output/exceptions.o
                0x0000000000001bf0                Ffe0_Handler
 .text.FbMsg_Handler
                0x0000000000001c08       0x6c /media/coolbreeze413/GALACTICA/work/clients/quicklogic/qorc/github/qorc-sdk/qorc-onion-apps/qorc_gpiocontroller_wb/m4/GCC_Project/output/exceptions.o
                0x0000000000001c08                FbMsg_Handler
 .text.SensorGpio_Handler
                0x0000000000001c74        0x8 /media/coolbreeze413/GALACTICA/work/clients/quicklogic/qorc/github/qorc-sdk/qorc-onion-apps/qorc_gpiocontroller_wb/m4/GCC_Project/output/exceptions.o
                0x0000000000001c74                SensorGpio_Handler
 .text.M4SramSleep_Handler
                0x0000000000001c7c        0x8 /media/coolbreeze413/GALACTICA/work/clients/quicklogic/qorc/github/qorc-sdk/qorc-onion-apps/qorc_gpiocontroller_wb/m4/GCC_Project/output/exceptions.o
                0x0000000000001c7c                M4SramSleep_Handler
 .text.LDO30_PG_Handler
                0x0000000000001c84        0x8 /media/coolbreeze413/GALACTICA/work/clients/quicklogic/qorc/github/qorc-sdk/qorc-onion-apps/qorc_gpiocontroller_wb/m4/GCC_Project/output/exceptions.o
                0x0000000000001c84                LDO30_PG_Handler
 .text.LDO50_PG_Handler
                0x0000000000001c8c        0x8 /media/coolbreeze413/GALACTICA/work/clients/quicklogic/qorc/github/qorc-sdk/qorc-onion-apps/qorc_gpiocontroller_wb/m4/GCC_Project/output/exceptions.o
                0x0000000000001c8c                LDO50_PG_Handler
 .text.DMIC_Voice_Det_Handler
                0x0000000000001c94        0x8 /media/coolbreeze413/GALACTICA/work/clients/quicklogic/qorc/github/qorc-sdk/qorc-onion-apps/qorc_gpiocontroller_wb/m4/GCC_Project/output/exceptions.o
                0x0000000000001c94                DMIC_Voice_Det_Handler
 .text.ApPDMClkOn_Handler
                0x0000000000001c9c        0x8 /media/coolbreeze413/GALACTICA/work/clients/quicklogic/qorc/github/qorc-sdk/qorc-onion-apps/qorc_gpiocontroller_wb/m4/GCC_Project/output/exceptions.o
                0x0000000000001c9c                ApPDMClkOn_Handler
 .text.ApPDMClkOff_Handler
                0x0000000000001ca4        0x8 /media/coolbreeze413/GALACTICA/work/clients/quicklogic/qorc/github/qorc-sdk/qorc-onion-apps/qorc_gpiocontroller_wb/m4/GCC_Project/output/exceptions.o
                0x0000000000001ca4                ApPDMClkOff_Handler
 .text.Dmac0BlkDone_Handler
                0x0000000000001cac        0x8 /media/coolbreeze413/GALACTICA/work/clients/quicklogic/qorc/github/qorc-sdk/qorc-onion-apps/qorc_gpiocontroller_wb/m4/GCC_Project/output/exceptions.o
                0x0000000000001cac                Dmac0BlkDone_Handler
 .text.Dmac0BufDone_Handler
                0x0000000000001cb4        0x8 /media/coolbreeze413/GALACTICA/work/clients/quicklogic/qorc/github/qorc-sdk/qorc-onion-apps/qorc_gpiocontroller_wb/m4/GCC_Project/output/exceptions.o
                0x0000000000001cb4                Dmac0BufDone_Handler
 .text.Dmac1BlkDone_Handler
                0x0000000000001cbc        0x8 /media/coolbreeze413/GALACTICA/work/clients/quicklogic/qorc/github/qorc-sdk/qorc-onion-apps/qorc_gpiocontroller_wb/m4/GCC_Project/output/exceptions.o
                0x0000000000001cbc                Dmac1BlkDone_Handler
 .text.Dmac1BufDone_Handler
                0x0000000000001cc4        0x8 /media/coolbreeze413/GALACTICA/work/clients/quicklogic/qorc/github/qorc-sdk/qorc-onion-apps/qorc_gpiocontroller_wb/m4/GCC_Project/output/exceptions.o
                0x0000000000001cc4                Dmac1BufDone_Handler
 .text.Sdma0Done_Handler
                0x0000000000001ccc        0x8 /media/coolbreeze413/GALACTICA/work/clients/quicklogic/qorc/github/qorc-sdk/qorc-onion-apps/qorc_gpiocontroller_wb/m4/GCC_Project/output/exceptions.o
                0x0000000000001ccc                Sdma0Done_Handler
 .text.Sdma1Done_Handler
                0x0000000000001cd4        0x8 /media/coolbreeze413/GALACTICA/work/clients/quicklogic/qorc/github/qorc-sdk/qorc-onion-apps/qorc_gpiocontroller_wb/m4/GCC_Project/output/exceptions.o
                0x0000000000001cd4                Sdma1Done_Handler
 .text.Sdma2Done_Handler
                0x0000000000001cdc        0x8 /media/coolbreeze413/GALACTICA/work/clients/quicklogic/qorc/github/qorc-sdk/qorc-onion-apps/qorc_gpiocontroller_wb/m4/GCC_Project/output/exceptions.o
                0x0000000000001cdc                Sdma2Done_Handler
 .text.Sdma3Done_Handler
                0x0000000000001ce4        0x8 /media/coolbreeze413/GALACTICA/work/clients/quicklogic/qorc/github/qorc-sdk/qorc-onion-apps/qorc_gpiocontroller_wb/m4/GCC_Project/output/exceptions.o
                0x0000000000001ce4                Sdma3Done_Handler
 .text.Sdma4Done_Handler
                0x0000000000001cec        0x8 /media/coolbreeze413/GALACTICA/work/clients/quicklogic/qorc/github/qorc-sdk/qorc-onion-apps/qorc_gpiocontroller_wb/m4/GCC_Project/output/exceptions.o
                0x0000000000001cec                Sdma4Done_Handler
 .text.Sdma5Done_Handler
                0x0000000000001cf4        0x8 /media/coolbreeze413/GALACTICA/work/clients/quicklogic/qorc/github/qorc-sdk/qorc-onion-apps/qorc_gpiocontroller_wb/m4/GCC_Project/output/exceptions.o
                0x0000000000001cf4                Sdma5Done_Handler
 .text.Sdma6Done_Handler
                0x0000000000001cfc        0x8 /media/coolbreeze413/GALACTICA/work/clients/quicklogic/qorc/github/qorc-sdk/qorc-onion-apps/qorc_gpiocontroller_wb/m4/GCC_Project/output/exceptions.o
                0x0000000000001cfc                Sdma6Done_Handler
 .text.Sdma7Done_Handler
                0x0000000000001d04        0x8 /media/coolbreeze413/GALACTICA/work/clients/quicklogic/qorc/github/qorc-sdk/qorc-onion-apps/qorc_gpiocontroller_wb/m4/GCC_Project/output/exceptions.o
                0x0000000000001d04                Sdma7Done_Handler
 .text.Sdma8Done_Handler
                0x0000000000001d0c        0x8 /media/coolbreeze413/GALACTICA/work/clients/quicklogic/qorc/github/qorc-sdk/qorc-onion-apps/qorc_gpiocontroller_wb/m4/GCC_Project/output/exceptions.o
                0x0000000000001d0c                Sdma8Done_Handler
 .text.Sdma9Done_Handler
                0x0000000000001d14        0x8 /media/coolbreeze413/GALACTICA/work/clients/quicklogic/qorc/github/qorc-sdk/qorc-onion-apps/qorc_gpiocontroller_wb/m4/GCC_Project/output/exceptions.o
                0x0000000000001d14                Sdma9Done_Handler
 .text.Sdma10Done_Handler
                0x0000000000001d1c        0x8 /media/coolbreeze413/GALACTICA/work/clients/quicklogic/qorc/github/qorc-sdk/qorc-onion-apps/qorc_gpiocontroller_wb/m4/GCC_Project/output/exceptions.o
                0x0000000000001d1c                Sdma10Done_Handler
 .text.Sdma11Done_Handler
                0x0000000000001d24        0x8 /media/coolbreeze413/GALACTICA/work/clients/quicklogic/qorc/github/qorc-sdk/qorc-onion-apps/qorc_gpiocontroller_wb/m4/GCC_Project/output/exceptions.o
                0x0000000000001d24                Sdma11Done_Handler
 .text.SdmaErr_Handler
                0x0000000000001d2c        0x8 /media/coolbreeze413/GALACTICA/work/clients/quicklogic/qorc/github/qorc-sdk/qorc-onion-apps/qorc_gpiocontroller_wb/m4/GCC_Project/output/exceptions.o
                0x0000000000001d2c                SdmaErr_Handler
 .text.I2S_SlvM4TxOr_Handler
                0x0000000000001d34        0x8 /media/coolbreeze413/GALACTICA/work/clients/quicklogic/qorc/github/qorc-sdk/qorc-onion-apps/qorc_gpiocontroller_wb/m4/GCC_Project/output/exceptions.o
                0x0000000000001d34                I2S_SlvM4TxOr_Handler
 .text.SRAM_128KB_Handler
                0x0000000000001d3c        0x8 /media/coolbreeze413/GALACTICA/work/clients/quicklogic/qorc/github/qorc-sdk/qorc-onion-apps/qorc_gpiocontroller_wb/m4/GCC_Project/output/exceptions.o
                0x0000000000001d3c                SRAM_128KB_Handler
 .text.LPSD_Voice_Det_Handler
                0x0000000000001d44        0x8 /media/coolbreeze413/GALACTICA/work/clients/quicklogic/qorc/github/qorc-sdk/qorc-onion-apps/qorc_gpiocontroller_wb/m4/GCC_Project/output/exceptions.o
                0x0000000000001d44                LPSD_Voice_Det_Handler
 .text.FfeWdt_Handler
                0x0000000000001d4c        0x8 /media/coolbreeze413/GALACTICA/work/clients/quicklogic/qorc/github/qorc-sdk/qorc-onion-apps/qorc_gpiocontroller_wb/m4/GCC_Project/output/exceptions.o
                0x0000000000001d4c                FfeWdt_Handler
 .text.ApBoot_Handler
                0x0000000000001d54        0x8 /media/coolbreeze413/GALACTICA/work/clients/quicklogic/qorc/github/qorc-sdk/qorc-onion-apps/qorc_gpiocontroller_wb/m4/GCC_Project/output/exceptions.o
                0x0000000000001d54                ApBoot_Handler
 .text.SwInt2_Handler
                0x0000000000001d5c        0x8 /media/coolbreeze413/GALACTICA/work/clients/quicklogic/qorc/github/qorc-sdk/qorc-onion-apps/qorc_gpiocontroller_wb/m4/GCC_Project/output/exceptions.o
                0x0000000000001d5c                SwInt2_Handler
 .text.SwInt1_Handler
                0x0000000000001d64       0x24 /media/coolbreeze413/GALACTICA/work/clients/quicklogic/qorc/github/qorc-sdk/qorc-onion-apps/qorc_gpiocontroller_wb/m4/GCC_Project/output/exceptions.o
                0x0000000000001d64                SwInt1_Handler
 .text.Ffe0Msg_Handler
                0x0000000000001d88        0x8 /media/coolbreeze413/GALACTICA/work/clients/quicklogic/qorc/github/qorc-sdk/qorc-onion-apps/qorc_gpiocontroller_wb/m4/GCC_Project/output/exceptions.o
                0x0000000000001d88                Ffe0Msg_Handler
 .text.lpsdVoiceOffHandler
                0x0000000000001d90        0x8 /media/coolbreeze413/GALACTICA/work/clients/quicklogic/qorc/github/qorc-sdk/qorc-onion-apps/qorc_gpiocontroller_wb/m4/GCC_Project/output/exceptions.o
                0x0000000000001d90                lpsdVoiceOffHandler
 .text.dmicVoiceOffHandler
                0x0000000000001d98        0x8 /media/coolbreeze413/GALACTICA/work/clients/quicklogic/qorc/github/qorc-sdk/qorc-onion-apps/qorc_gpiocontroller_wb/m4/GCC_Project/output/exceptions.o
                0x0000000000001d98                dmicVoiceOffHandler
 .text.vApplicationMallocFailedHook
                0x0000000000001da0       0x24 /media/coolbreeze413/GALACTICA/work/clients/quicklogic/qorc/github/qorc-sdk/qorc-onion-apps/qorc_gpiocontroller_wb/m4/GCC_Project/output/exceptions.o
                0x0000000000001da0                vApplicationMallocFailedHook
 .text.vApplicationStackOverflowHook
                0x0000000000001dc4       0x24 /media/coolbreeze413/GALACTICA/work/clients/quicklogic/qorc/github/qorc-sdk/qorc-onion-apps/qorc_gpiocontroller_wb/m4/GCC_Project/output/exceptions.o
                0x0000000000001dc4                vApplicationStackOverflowHook
 .text.vApplicationTickHook
                0x0000000000001de8        0x2 /media/coolbreeze413/GALACTICA/work/clients/quicklogic/qorc/github/qorc-sdk/qorc-onion-apps/qorc_gpiocontroller_wb/m4/GCC_Project/output/exceptions.o
                0x0000000000001de8                vApplicationTickHook
 .text.vApplicationIdleHook
                0x0000000000001dea        0x2 /media/coolbreeze413/GALACTICA/work/clients/quicklogic/qorc/github/qorc-sdk/qorc-onion-apps/qorc_gpiocontroller_wb/m4/GCC_Project/output/exceptions.o
                0x0000000000001dea                vApplicationIdleHook
 .text.prvInsertBlockIntoFreeList
                0x0000000000001dec       0x74 /media/coolbreeze413/GALACTICA/work/clients/quicklogic/qorc/github/qorc-sdk/qorc-onion-apps/qorc_gpiocontroller_wb/m4/GCC_Project/output/heap_4.o
 .text.pvPortMalloc
                0x0000000000001e60      0x198 /media/coolbreeze413/GALACTICA/work/clients/quicklogic/qorc/github/qorc-sdk/qorc-onion-apps/qorc_gpiocontroller_wb/m4/GCC_Project/output/heap_4.o
                0x0000000000001e60                pvPortMalloc
 .text.vPortFree
                0x0000000000001ff8       0xa0 /media/coolbreeze413/GALACTICA/work/clients/quicklogic/qorc/github/qorc-sdk/qorc-onion-apps/qorc_gpiocontroller_wb/m4/GCC_Project/output/heap_4.o
                0x0000000000001ff8                vPortFree
 .text.vListInitialise
                0x0000000000002098       0x16 /media/coolbreeze413/GALACTICA/work/clients/quicklogic/qorc/github/qorc-sdk/qorc-onion-apps/qorc_gpiocontroller_wb/m4/GCC_Project/output/list.o
                0x0000000000002098                vListInitialise
 .text.vListInitialiseItem
                0x00000000000020ae        0x6 /media/coolbreeze413/GALACTICA/work/clients/quicklogic/qorc/github/qorc-sdk/qorc-onion-apps/qorc_gpiocontroller_wb/m4/GCC_Project/output/list.o
                0x00000000000020ae                vListInitialiseItem
 .text.vListInsertEnd
                0x00000000000020b4       0x18 /media/coolbreeze413/GALACTICA/work/clients/quicklogic/qorc/github/qorc-sdk/qorc-onion-apps/qorc_gpiocontroller_wb/m4/GCC_Project/output/list.o
                0x00000000000020b4                vListInsertEnd
 .text.vListInsert
                0x00000000000020cc       0x2e /media/coolbreeze413/GALACTICA/work/clients/quicklogic/qorc/github/qorc-sdk/qorc-onion-apps/qorc_gpiocontroller_wb/m4/GCC_Project/output/list.o
                0x00000000000020cc                vListInsert
 .text.uxListRemove
                0x00000000000020fa       0x20 /media/coolbreeze413/GALACTICA/work/clients/quicklogic/qorc/github/qorc-sdk/qorc-onion-apps/qorc_gpiocontroller_wb/m4/GCC_Project/output/list.o
                0x00000000000020fa                uxListRemove
 *fill*         0x000000000000211a        0x2 
 .text.startup.main
                0x000000000000211c       0x9c /media/coolbreeze413/GALACTICA/work/clients/quicklogic/qorc/github/qorc-sdk/qorc-onion-apps/qorc_gpiocontroller_wb/m4/GCC_Project/output/main.o
                0x000000000000211c                main
 .text.SystemInit
                0x00000000000021b8        0x2 /media/coolbreeze413/GALACTICA/work/clients/quicklogic/qorc/github/qorc-sdk/qorc-onion-apps/qorc_gpiocontroller_wb/m4/GCC_Project/output/main.o
                0x00000000000021b8                SystemInit
 *fill*         0x00000000000021ba        0x2 
 .text.set_gpio_input
                0x00000000000021bc       0x34 /media/coolbreeze413/GALACTICA/work/clients/quicklogic/qorc/github/qorc-sdk/qorc-onion-apps/qorc_gpiocontroller_wb/m4/GCC_Project/output/main_dbg_cli_menu.o
 .text.set_gpio_output
                0x00000000000021f0       0x60 /media/coolbreeze413/GALACTICA/work/clients/quicklogic/qorc/github/qorc-sdk/qorc-onion-apps/qorc_gpiocontroller_wb/m4/GCC_Project/output/main_dbg_cli_menu.o
 .text.get_gpio_value
                0x0000000000002250       0x50 /media/coolbreeze413/GALACTICA/work/clients/quicklogic/qorc/github/qorc-sdk/qorc-onion-apps/qorc_gpiocontroller_wb/m4/GCC_Project/output/main_dbg_cli_menu.o
 .text.prvPortStartFirstTask
                0x00000000000022a0       0x28 /media/coolbreeze413/GALACTICA/work/clients/quicklogic/qorc/github/qorc-sdk/qorc-onion-apps/qorc_gpiocontroller_wb/m4/GCC_Project/output/port.o
 .text.vPortEnableVFP
                0x00000000000022c8       0x14 /media/coolbreeze413/GALACTICA/work/clients/quicklogic/qorc/github/qorc-sdk/qorc-onion-apps/qorc_gpiocontroller_wb/m4/GCC_Project/output/port.o
 .text.prvTaskExitError
                0x00000000000022dc       0x50 /media/coolbreeze413/GALACTICA/work/clients/quicklogic/qorc/github/qorc-sdk/qorc-onion-apps/qorc_gpiocontroller_wb/m4/GCC_Project/output/port.o
 .text.pxPortInitialiseStack
                0x000000000000232c       0x2c /media/coolbreeze413/GALACTICA/work/clients/quicklogic/qorc/github/qorc-sdk/qorc-onion-apps/qorc_gpiocontroller_wb/m4/GCC_Project/output/port.o
                0x000000000000232c                pxPortInitialiseStack
 *fill*         0x0000000000002358        0x8 
 .text.SVC_Handler
                0x0000000000002360       0x24 /media/coolbreeze413/GALACTICA/work/clients/quicklogic/qorc/github/qorc-sdk/qorc-onion-apps/qorc_gpiocontroller_wb/m4/GCC_Project/output/port.o
                0x0000000000002360                SVC_Handler
 .text.vPortEnterCritical
                0x0000000000002384       0x58 /media/coolbreeze413/GALACTICA/work/clients/quicklogic/qorc/github/qorc-sdk/qorc-onion-apps/qorc_gpiocontroller_wb/m4/GCC_Project/output/port.o
                0x0000000000002384                vPortEnterCritical
 .text.vPortExitCritical
                0x00000000000023dc       0x3c /media/coolbreeze413/GALACTICA/work/clients/quicklogic/qorc/github/qorc-sdk/qorc-onion-apps/qorc_gpiocontroller_wb/m4/GCC_Project/output/port.o
                0x00000000000023dc                vPortExitCritical
 *fill*         0x0000000000002418        0x8 
 .text.PendSV_Handler
                0x0000000000002420       0x64 /media/coolbreeze413/GALACTICA/work/clients/quicklogic/qorc/github/qorc-sdk/qorc-onion-apps/qorc_gpiocontroller_wb/m4/GCC_Project/output/port.o
                0x0000000000002420                PendSV_Handler
 .text.xPortSysTickHandler
                0x0000000000002484       0x2c /media/coolbreeze413/GALACTICA/work/clients/quicklogic/qorc/github/qorc-sdk/qorc-onion-apps/qorc_gpiocontroller_wb/m4/GCC_Project/output/port.o
                0x0000000000002484                xPortSysTickHandler
 .text.xPortStartScheduler
                0x00000000000024b0      0x158 /media/coolbreeze413/GALACTICA/work/clients/quicklogic/qorc/github/qorc-sdk/qorc-onion-apps/qorc_gpiocontroller_wb/m4/GCC_Project/output/port.o
                0x00000000000024b0                xPortStartScheduler
 .text.vPortValidateInterruptPriority
                0x0000000000002608       0x7c /media/coolbreeze413/GALACTICA/work/clients/quicklogic/qorc/github/qorc-sdk/qorc-onion-apps/qorc_gpiocontroller_wb/m4/GCC_Project/output/port.o
                0x0000000000002608                vPortValidateInterruptPriority
 .text.system_init
                0x0000000000002684       0x6c /media/coolbreeze413/GALACTICA/work/clients/quicklogic/qorc/github/qorc-sdk/qorc-onion-apps/qorc_gpiocontroller_wb/m4/GCC_Project/output/qf_hardwaresetup.o
                0x0000000000002684                system_init
 .text.qf_hardwareSetup
                0x00000000000026f0       0x78 /media/coolbreeze413/GALACTICA/work/clients/quicklogic/qorc/github/qorc-sdk/qorc-onion-apps/qorc_gpiocontroller_wb/m4/GCC_Project/output/qf_hardwaresetup.o
                0x00000000000026f0                qf_hardwareSetup
 .text.prvIsQueueEmpty
                0x0000000000002768       0x16 /media/coolbreeze413/GALACTICA/work/clients/quicklogic/qorc/github/qorc-sdk/qorc-onion-apps/qorc_gpiocontroller_wb/m4/GCC_Project/output/queue.o
 .text.prvCopyDataToQueue
                0x000000000000277e       0x78 /media/coolbreeze413/GALACTICA/work/clients/quicklogic/qorc/github/qorc-sdk/qorc-onion-apps/qorc_gpiocontroller_wb/m4/GCC_Project/output/queue.o
 .text.prvCopyDataFromQueue
                0x00000000000027f6       0x2c /media/coolbreeze413/GALACTICA/work/clients/quicklogic/qorc/github/qorc-sdk/qorc-onion-apps/qorc_gpiocontroller_wb/m4/GCC_Project/output/queue.o
 .text.prvUnlockQueue
                0x0000000000002822       0x70 /media/coolbreeze413/GALACTICA/work/clients/quicklogic/qorc/github/qorc-sdk/qorc-onion-apps/qorc_gpiocontroller_wb/m4/GCC_Project/output/queue.o
 *fill*         0x0000000000002892        0x2 
 .text.xQueueGenericReset
                0x0000000000002894       0x90 /media/coolbreeze413/GALACTICA/work/clients/quicklogic/qorc/github/qorc-sdk/qorc-onion-apps/qorc_gpiocontroller_wb/m4/GCC_Project/output/queue.o
                0x0000000000002894                xQueueGenericReset
 .text.xQueueGenericCreate
                0x0000000000002924       0x74 /media/coolbreeze413/GALACTICA/work/clients/quicklogic/qorc/github/qorc-sdk/qorc-onion-apps/qorc_gpiocontroller_wb/m4/GCC_Project/output/queue.o
                0x0000000000002924                xQueueGenericCreate
 .text.xQueueGenericSend
                0x0000000000002998      0x19c /media/coolbreeze413/GALACTICA/work/clients/quicklogic/qorc/github/qorc-sdk/qorc-onion-apps/qorc_gpiocontroller_wb/m4/GCC_Project/output/queue.o
                0x0000000000002998                xQueueGenericSend
 .text.xQueueGenericSendFromISR
                0x0000000000002b34       0xf0 /media/coolbreeze413/GALACTICA/work/clients/quicklogic/qorc/github/qorc-sdk/qorc-onion-apps/qorc_gpiocontroller_wb/m4/GCC_Project/output/queue.o
                0x0000000000002b34                xQueueGenericSendFromISR
 .text.xQueueGenericSendFromISRDebug
                0x0000000000002c24       0x30 /media/coolbreeze413/GALACTICA/work/clients/quicklogic/qorc/github/qorc-sdk/qorc-onion-apps/qorc_gpiocontroller_wb/m4/GCC_Project/output/queue.o
                0x0000000000002c24                xQueueGenericSendFromISRDebug
 .text.xQueueGiveFromISR
                0x0000000000002c54       0xdc /media/coolbreeze413/GALACTICA/work/clients/quicklogic/qorc/github/qorc-sdk/qorc-onion-apps/qorc_gpiocontroller_wb/m4/GCC_Project/output/queue.o
                0x0000000000002c54                xQueueGiveFromISR
 .text.xQueueReceive
                0x0000000000002d30      0x160 /media/coolbreeze413/GALACTICA/work/clients/quicklogic/qorc/github/qorc-sdk/qorc-onion-apps/qorc_gpiocontroller_wb/m4/GCC_Project/output/queue.o
                0x0000000000002d30                xQueueReceive
 .text.xQueueSemaphoreTake
                0x0000000000002e90      0x1b0 /media/coolbreeze413/GALACTICA/work/clients/quicklogic/qorc/github/qorc-sdk/qorc-onion-apps/qorc_gpiocontroller_wb/m4/GCC_Project/output/queue.o
                0x0000000000002e90                xQueueSemaphoreTake
 .text.xQueuePeek
                0x0000000000003040      0x160 /media/coolbreeze413/GALACTICA/work/clients/quicklogic/qorc/github/qorc-sdk/qorc-onion-apps/qorc_gpiocontroller_wb/m4/GCC_Project/output/queue.o
                0x0000000000003040                xQueuePeek
 .text.uxQueueMessagesWaiting
                0x00000000000031a0       0x3c /media/coolbreeze413/GALACTICA/work/clients/quicklogic/qorc/github/qorc-sdk/qorc-onion-apps/qorc_gpiocontroller_wb/m4/GCC_Project/output/queue.o
                0x00000000000031a0                uxQueueMessagesWaiting
 .text.vQueueAddToRegistry
                0x00000000000031dc       0x24 /media/coolbreeze413/GALACTICA/work/clients/quicklogic/qorc/github/qorc-sdk/qorc-onion-apps/qorc_gpiocontroller_wb/m4/GCC_Project/output/queue.o
                0x00000000000031dc                vQueueAddToRegistry
 .text.vQueueWaitForMessageRestricted
                0x0000000000003200       0x46 /media/coolbreeze413/GALACTICA/work/clients/quicklogic/qorc/github/qorc-sdk/qorc-onion-apps/qorc_gpiocontroller_wb/m4/GCC_Project/output/queue.o
                0x0000000000003200                vQueueWaitForMessageRestricted
 .text.s3x_clkd_write_div
                0x0000000000003246       0xa8 /media/coolbreeze413/GALACTICA/work/clients/quicklogic/qorc/github/qorc-sdk/qorc-onion-apps/qorc_gpiocontroller_wb/m4/GCC_Project/output/s3x_clock.o
 .text.s3x_clkd_read_div
                0x00000000000032ee       0x44 /media/coolbreeze413/GALACTICA/work/clients/quicklogic/qorc/github/qorc-sdk/qorc-onion-apps/qorc_gpiocontroller_wb/m4/GCC_Project/output/s3x_clock.o
 *fill*         0x0000000000003332        0x2 
 .text.s3x_clkd_cal_div.part.0
                0x0000000000003334       0x30 /media/coolbreeze413/GALACTICA/work/clients/quicklogic/qorc/github/qorc-sdk/qorc-onion-apps/qorc_gpiocontroller_wb/m4/GCC_Project/output/s3x_clock.o
 .text.S3x_Id_To_Domain
                0x0000000000003364       0x1c /media/coolbreeze413/GALACTICA/work/clients/quicklogic/qorc/github/qorc-sdk/qorc-onion-apps/qorc_gpiocontroller_wb/m4/GCC_Project/output/s3x_clock.o
                0x0000000000003364                S3x_Id_To_Domain
 .text.s3x_clkd_get_init_rate
                0x0000000000003380       0x28 /media/coolbreeze413/GALACTICA/work/clients/quicklogic/qorc/github/qorc-sdk/qorc-onion-apps/qorc_gpiocontroller_wb/m4/GCC_Project/output/s3x_clock.o
                0x0000000000003380                s3x_clkd_get_init_rate
 .text.s3x_clkd_update_div_val
                0x00000000000033a8       0x4c /media/coolbreeze413/GALACTICA/work/clients/quicklogic/qorc/github/qorc-sdk/qorc-onion-apps/qorc_gpiocontroller_wb/m4/GCC_Project/output/s3x_clock.o
                0x00000000000033a8                s3x_clkd_update_div_val
 .text.s3x_clkd_update_fd_rate
                0x00000000000033f4        0xe /media/coolbreeze413/GALACTICA/work/clients/quicklogic/qorc/github/qorc-sdk/qorc-onion-apps/qorc_gpiocontroller_wb/m4/GCC_Project/output/s3x_clock.o
                0x00000000000033f4                s3x_clkd_update_fd_rate
 *fill*         0x0000000000003402        0x2 
 .text.s3x_clkd_update_sd_div
                0x0000000000003404       0x5c /media/coolbreeze413/GALACTICA/work/clients/quicklogic/qorc/github/qorc-sdk/qorc-onion-apps/qorc_gpiocontroller_wb/m4/GCC_Project/output/s3x_clock.o
 .text.s3x_clkd_update_all_src_div
                0x0000000000003460       0xd0 /media/coolbreeze413/GALACTICA/work/clients/quicklogic/qorc/github/qorc-sdk/qorc-onion-apps/qorc_gpiocontroller_wb/m4/GCC_Project/output/s3x_clock.o
                0x0000000000003460                s3x_clkd_update_all_src_div
 .text.S3x_Clkd_Get_Hsosc_Rate
                0x0000000000003530       0x34 /media/coolbreeze413/GALACTICA/work/clients/quicklogic/qorc/github/qorc-sdk/qorc-onion-apps/qorc_gpiocontroller_wb/m4/GCC_Project/output/s3x_clock.o
                0x0000000000003530                S3x_Clkd_Get_Hsosc_Rate
 .text.s3x_clkd_get_active_HSOSC_qos
                0x0000000000003564        0xc /media/coolbreeze413/GALACTICA/work/clients/quicklogic/qorc/github/qorc-sdk/qorc-onion-apps/qorc_gpiocontroller_wb/m4/GCC_Project/output/s3x_clock.o
                0x0000000000003564                s3x_clkd_get_active_HSOSC_qos
 .text.S3x_Clkd_Change_Hsosc
                0x0000000000003570       0x70 /media/coolbreeze413/GALACTICA/work/clients/quicklogic/qorc/github/qorc-sdk/qorc-onion-apps/qorc_gpiocontroller_wb/m4/GCC_Project/output/s3x_clock.o
                0x0000000000003570                S3x_Clkd_Change_Hsosc
 .text.s3x_clkd_get_src_rate
                0x00000000000035e0       0x12 /media/coolbreeze413/GALACTICA/work/clients/quicklogic/qorc/github/qorc-sdk/qorc-onion-apps/qorc_gpiocontroller_wb/m4/GCC_Project/output/s3x_clock.o
                0x00000000000035e0                s3x_clkd_get_src_rate
 *fill*         0x00000000000035f2        0x2 
 .text.s3x_clkd_get_div
                0x00000000000035f4       0x74 /media/coolbreeze413/GALACTICA/work/clients/quicklogic/qorc/github/qorc-sdk/qorc-onion-apps/qorc_gpiocontroller_wb/m4/GCC_Project/output/s3x_clock.o
                0x00000000000035f4                s3x_clkd_get_div
 .text.s3x_clkd_srate
                0x0000000000003668      0x134 /media/coolbreeze413/GALACTICA/work/clients/quicklogic/qorc/github/qorc-sdk/qorc-onion-apps/qorc_gpiocontroller_wb/m4/GCC_Project/output/s3x_clock.o
 .text.s3x_clkd_grate
                0x000000000000379c       0x68 /media/coolbreeze413/GALACTICA/work/clients/quicklogic/qorc/github/qorc-sdk/qorc-onion-apps/qorc_gpiocontroller_wb/m4/GCC_Project/output/s3x_clock.o
 .text.s3x_clkd_set_src_div_st
                0x0000000000003804       0x4c /media/coolbreeze413/GALACTICA/work/clients/quicklogic/qorc/github/qorc-sdk/qorc-onion-apps/qorc_gpiocontroller_wb/m4/GCC_Project/output/s3x_clock.o
 .text.s3x_update_clk_rate
                0x0000000000003850       0xb0 /media/coolbreeze413/GALACTICA/work/clients/quicklogic/qorc/github/qorc-sdk/qorc-onion-apps/qorc_gpiocontroller_wb/m4/GCC_Project/output/s3x_clock.o
                0x0000000000003850                s3x_update_clk_rate
 .text.s3x_clkd_get_gate_mask_st
                0x0000000000003900       0x16 /media/coolbreeze413/GALACTICA/work/clients/quicklogic/qorc/github/qorc-sdk/qorc-onion-apps/qorc_gpiocontroller_wb/m4/GCC_Project/output/s3x_clock.o
                0x0000000000003900                s3x_clkd_get_gate_mask_st
 *fill*         0x0000000000003916        0x2 
 .text.s3x_clkd_set_gate_mask
                0x0000000000003918       0x50 /media/coolbreeze413/GALACTICA/work/clients/quicklogic/qorc/github/qorc-sdk/qorc-onion-apps/qorc_gpiocontroller_wb/m4/GCC_Project/output/s3x_clock.o
                0x0000000000003918                s3x_clkd_set_gate_mask
 .text.s3x_clkd_enable_gate
                0x0000000000003968       0x68 /media/coolbreeze413/GALACTICA/work/clients/quicklogic/qorc/github/qorc-sdk/qorc-onion-apps/qorc_gpiocontroller_wb/m4/GCC_Project/output/s3x_clock.o
 .text.s3x_clkd_disable_gate
                0x00000000000039d0       0x54 /media/coolbreeze413/GALACTICA/work/clients/quicklogic/qorc/github/qorc-sdk/qorc-onion-apps/qorc_gpiocontroller_wb/m4/GCC_Project/output/s3x_clock.o
 .text._S3x_Clk_Enable
                0x0000000000003a24       0xb8 /media/coolbreeze413/GALACTICA/work/clients/quicklogic/qorc/github/qorc-sdk/qorc-onion-apps/qorc_gpiocontroller_wb/m4/GCC_Project/output/s3x_clock.o
                0x0000000000003a24                _S3x_Clk_Enable
 .text._S3x_Clk_Disable
                0x0000000000003adc       0xc8 /media/coolbreeze413/GALACTICA/work/clients/quicklogic/qorc/github/qorc-sdk/qorc-onion-apps/qorc_gpiocontroller_wb/m4/GCC_Project/output/s3x_clock.o
                0x0000000000003adc                _S3x_Clk_Disable
 .text._S3x_Clk_Get_Status
                0x0000000000003ba4       0x2c /media/coolbreeze413/GALACTICA/work/clients/quicklogic/qorc/github/qorc-sdk/qorc-onion-apps/qorc_gpiocontroller_wb/m4/GCC_Project/output/s3x_clock.o
                0x0000000000003ba4                _S3x_Clk_Get_Status
 .text._S3x_Clk_Get_Rate
                0x0000000000003bd0       0x28 /media/coolbreeze413/GALACTICA/work/clients/quicklogic/qorc/github/qorc-sdk/qorc-onion-apps/qorc_gpiocontroller_wb/m4/GCC_Project/output/s3x_clock.o
                0x0000000000003bd0                _S3x_Clk_Get_Rate
 .text._S3x_Clk_Set_Rate
                0x0000000000003bf8       0x48 /media/coolbreeze413/GALACTICA/work/clients/quicklogic/qorc/github/qorc-sdk/qorc-onion-apps/qorc_gpiocontroller_wb/m4/GCC_Project/output/s3x_clock.o
                0x0000000000003bf8                _S3x_Clk_Set_Rate
 .text.S3x_Clk_Init
                0x0000000000003c40      0x15c /media/coolbreeze413/GALACTICA/work/clients/quicklogic/qorc/github/qorc-sdk/qorc-onion-apps/qorc_gpiocontroller_wb/m4/GCC_Project/output/s3x_clock.o
                0x0000000000003c40                S3x_Clk_Init
 .text.S3x_Clk_Enable
                0x0000000000003d9c        0x4 /media/coolbreeze413/GALACTICA/work/clients/quicklogic/qorc/github/qorc-sdk/qorc-onion-apps/qorc_gpiocontroller_wb/m4/GCC_Project/output/s3x_clock_hal.o
                0x0000000000003d9c                S3x_Clk_Enable
 .text.S3x_Clk_Disable
                0x0000000000003da0        0x4 /media/coolbreeze413/GALACTICA/work/clients/quicklogic/qorc/github/qorc-sdk/qorc-onion-apps/qorc_gpiocontroller_wb/m4/GCC_Project/output/s3x_clock_hal.o
                0x0000000000003da0                S3x_Clk_Disable
 .text.S3x_Clk_Get_Rate
                0x0000000000003da4        0x4 /media/coolbreeze413/GALACTICA/work/clients/quicklogic/qorc/github/qorc-sdk/qorc-onion-apps/qorc_gpiocontroller_wb/m4/GCC_Project/output/s3x_clock_hal.o
                0x0000000000003da4                S3x_Clk_Get_Rate
 .text.DFS_cpuload
                0x0000000000003da8       0x4c /media/coolbreeze413/GALACTICA/work/clients/quicklogic/qorc/github/qorc-sdk/qorc-onion-apps/qorc_gpiocontroller_wb/m4/GCC_Project/output/s3x_cpuload.o
                0x0000000000003da8                DFS_cpuload
 .text.DFS_updatesleepticks
                0x0000000000003df4       0x10 /media/coolbreeze413/GALACTICA/work/clients/quicklogic/qorc/github/qorc-sdk/qorc-onion-apps/qorc_gpiocontroller_wb/m4/GCC_Project/output/s3x_cpuload.o
                0x0000000000003df4                DFS_updatesleepticks
 .text.DFS_resetsleepticks
                0x0000000000003e04        0xc /media/coolbreeze413/GALACTICA/work/clients/quicklogic/qorc/github/qorc-sdk/qorc-onion-apps/qorc_gpiocontroller_wb/m4/GCC_Project/output/s3x_cpuload.o
                0x0000000000003e04                DFS_resetsleepticks
 .text.DFS_UpdateTimer
                0x0000000000003e10       0x5c /media/coolbreeze413/GALACTICA/work/clients/quicklogic/qorc/github/qorc-sdk/qorc-onion-apps/qorc_gpiocontroller_wb/m4/GCC_Project/output/s3x_dfs.o
 .text.DFS_StartTimer
                0x0000000000003e6c       0x88 /media/coolbreeze413/GALACTICA/work/clients/quicklogic/qorc/github/qorc-sdk/qorc-onion-apps/qorc_gpiocontroller_wb/m4/GCC_Project/output/s3x_dfs.o
                0x0000000000003e6c                DFS_StartTimer
 .text.s3x_suspend_dfs
                0x0000000000003ef4        0xc /media/coolbreeze413/GALACTICA/work/clients/quicklogic/qorc/github/qorc-sdk/qorc-onion-apps/qorc_gpiocontroller_wb/m4/GCC_Project/output/s3x_dfs.o
                0x0000000000003ef4                s3x_suspend_dfs
 .text.S3x_Set_Policy
                0x0000000000003f00      0x108 /media/coolbreeze413/GALACTICA/work/clients/quicklogic/qorc/github/qorc-sdk/qorc-onion-apps/qorc_gpiocontroller_wb/m4/GCC_Project/output/s3x_dfs.o
                0x0000000000003f00                S3x_Set_Policy
 .text.S3x_get_max_rate_dfs_node
                0x0000000000004008       0x28 /media/coolbreeze413/GALACTICA/work/clients/quicklogic/qorc/github/qorc-sdk/qorc-onion-apps/qorc_gpiocontroller_wb/m4/GCC_Project/output/s3x_dfs.o
                0x0000000000004008                S3x_get_max_rate_dfs_node
 .text.S3x_Stepup_Policy
                0x0000000000004030       0x7c /media/coolbreeze413/GALACTICA/work/clients/quicklogic/qorc/github/qorc-sdk/qorc-onion-apps/qorc_gpiocontroller_wb/m4/GCC_Project/output/s3x_dfs.o
 .text.DFS_TimerCB
                0x00000000000040ac        0xe /media/coolbreeze413/GALACTICA/work/clients/quicklogic/qorc/github/qorc-sdk/qorc-onion-apps/qorc_gpiocontroller_wb/m4/GCC_Project/output/s3x_dfs.o
 *fill*         0x00000000000040ba        0x2 
 .text.DFS_AlignPolicy
                0x00000000000040bc       0x38 /media/coolbreeze413/GALACTICA/work/clients/quicklogic/qorc/github/qorc-sdk/qorc-onion-apps/qorc_gpiocontroller_wb/m4/GCC_Project/output/s3x_dfs.o
                0x00000000000040bc                DFS_AlignPolicy
 .text.S3x_Reduce_Hsosc
                0x00000000000040f4       0x50 /media/coolbreeze413/GALACTICA/work/clients/quicklogic/qorc/github/qorc-sdk/qorc-onion-apps/qorc_gpiocontroller_wb/m4/GCC_Project/output/s3x_dfs.o
                0x00000000000040f4                S3x_Reduce_Hsosc
 .text.DFS_fPolicyHasDeepSleep
                0x0000000000004144       0x1c /media/coolbreeze413/GALACTICA/work/clients/quicklogic/qorc/github/qorc-sdk/qorc-onion-apps/qorc_gpiocontroller_wb/m4/GCC_Project/output/s3x_dfs.o
                0x0000000000004144                DFS_fPolicyHasDeepSleep
 .text.DFS_SwitchToSleepPolicy
                0x0000000000004160       0x7c /media/coolbreeze413/GALACTICA/work/clients/quicklogic/qorc/github/qorc-sdk/qorc-onion-apps/qorc_gpiocontroller_wb/m4/GCC_Project/output/s3x_dfs.o
                0x0000000000004160                DFS_SwitchToSleepPolicy
 .text.DFS_RestoreFromSleep
                0x00000000000041dc       0x34 /media/coolbreeze413/GALACTICA/work/clients/quicklogic/qorc/github/qorc-sdk/qorc-onion-apps/qorc_gpiocontroller_wb/m4/GCC_Project/output/s3x_dfs.o
                0x00000000000041dc                DFS_RestoreFromSleep
 .text.s3x_get_index_in_dfs_node
                0x0000000000004210       0x20 /media/coolbreeze413/GALACTICA/work/clients/quicklogic/qorc/github/qorc-sdk/qorc-onion-apps/qorc_gpiocontroller_wb/m4/GCC_Project/output/s3x_dfs.o
                0x0000000000004210                s3x_get_index_in_dfs_node
 .text.s3x_get_policy_max_rate
                0x0000000000004230       0x2c /media/coolbreeze413/GALACTICA/work/clients/quicklogic/qorc/github/qorc-sdk/qorc-onion-apps/qorc_gpiocontroller_wb/m4/GCC_Project/output/s3x_dfs.o
                0x0000000000004230                s3x_get_policy_max_rate
 .text.S3x_Is_Dfs_En
                0x000000000000425c       0x10 /media/coolbreeze413/GALACTICA/work/clients/quicklogic/qorc/github/qorc-sdk/qorc-onion-apps/qorc_gpiocontroller_wb/m4/GCC_Project/output/s3x_dfs.o
                0x000000000000425c                S3x_Is_Dfs_En
 .text.S3x_Set_Dfs_st
                0x000000000000426c        0xc /media/coolbreeze413/GALACTICA/work/clients/quicklogic/qorc/github/qorc-sdk/qorc-onion-apps/qorc_gpiocontroller_wb/m4/GCC_Project/output/s3x_dfs.o
                0x000000000000426c                S3x_Set_Dfs_st
 .text.DFS_Get_Curr_Policy
                0x0000000000004278        0xc /media/coolbreeze413/GALACTICA/work/clients/quicklogic/qorc/github/qorc-sdk/qorc-onion-apps/qorc_gpiocontroller_wb/m4/GCC_Project/output/s3x_dfs.o
                0x0000000000004278                DFS_Get_Curr_Policy
 .text.DFS_Initialize
                0x0000000000004284       0x14 /media/coolbreeze413/GALACTICA/work/clients/quicklogic/qorc/github/qorc-sdk/qorc-onion-apps/qorc_gpiocontroller_wb/m4/GCC_Project/output/s3x_dfs.o
                0x0000000000004284                DFS_Initialize
 .text.trace_this
                0x0000000000004298       0x28 /media/coolbreeze413/GALACTICA/work/clients/quicklogic/qorc/github/qorc-sdk/qorc-onion-apps/qorc_gpiocontroller_wb/m4/GCC_Project/output/s3x_lpm.o
 .text.S3x_Register_Lpm_Cb
                0x00000000000042c0       0x40 /media/coolbreeze413/GALACTICA/work/clients/quicklogic/qorc/github/qorc-sdk/qorc-onion-apps/qorc_gpiocontroller_wb/m4/GCC_Project/output/s3x_lpm.o
                0x00000000000042c0                S3x_Register_Lpm_Cb
 .text.s3x_setup_systick_interrupt
                0x0000000000004300       0x54 /media/coolbreeze413/GALACTICA/work/clients/quicklogic/qorc/github/qorc-sdk/qorc-onion-apps/qorc_gpiocontroller_wb/m4/GCC_Project/output/s3x_lpm.o
                0x0000000000004300                s3x_setup_systick_interrupt
 .text.prvStopTickInterruptTimer
                0x0000000000004354       0x10 /media/coolbreeze413/GALACTICA/work/clients/quicklogic/qorc/github/qorc-sdk/qorc-onion-apps/qorc_gpiocontroller_wb/m4/GCC_Project/output/s3x_lpm.o
                0x0000000000004354                prvStopTickInterruptTimer
 .text.prvStartTickInterruptTimer
                0x0000000000004364        0x8 /media/coolbreeze413/GALACTICA/work/clients/quicklogic/qorc/github/qorc-sdk/qorc-onion-apps/qorc_gpiocontroller_wb/m4/GCC_Project/output/s3x_lpm.o
                0x0000000000004364                prvStartTickInterruptTimer
 .text.SysTick_Handler
                0x000000000000436c       0x12 /media/coolbreeze413/GALACTICA/work/clients/quicklogic/qorc/github/qorc-sdk/qorc-onion-apps/qorc_gpiocontroller_wb/m4/GCC_Project/output/s3x_lpm.o
                0x000000000000436c                SysTick_Handler
 .text.vPortSetupTimerInterrupt
                0x000000000000437e        0x6 /media/coolbreeze413/GALACTICA/work/clients/quicklogic/qorc/github/qorc-sdk/qorc-onion-apps/qorc_gpiocontroller_wb/m4/GCC_Project/output/s3x_lpm.o
                0x000000000000437e                vPortSetupTimerInterrupt
 .text.S3x_Pre_Lpm
                0x0000000000004384       0x20 /media/coolbreeze413/GALACTICA/work/clients/quicklogic/qorc/github/qorc-sdk/qorc-onion-apps/qorc_gpiocontroller_wb/m4/GCC_Project/output/s3x_lpm.o
                0x0000000000004384                S3x_Pre_Lpm
 .text.S3x_Post_Lpm
                0x00000000000043a4       0x18 /media/coolbreeze413/GALACTICA/work/clients/quicklogic/qorc/github/qorc-sdk/qorc-onion-apps/qorc_gpiocontroller_wb/m4/GCC_Project/output/s3x_lpm.o
                0x00000000000043a4                S3x_Post_Lpm
 .text.S3x_Lpm_Handler
                0x00000000000043bc      0x3ac /media/coolbreeze413/GALACTICA/work/clients/quicklogic/qorc/github/qorc-sdk/qorc-onion-apps/qorc_gpiocontroller_wb/m4/GCC_Project/output/s3x_lpm.o
                0x00000000000043bc                S3x_Lpm_Handler
 .text.s3x_get_pi
                0x0000000000004768       0x20 /media/coolbreeze413/GALACTICA/work/clients/quicklogic/qorc/github/qorc-sdk/qorc-onion-apps/qorc_gpiocontroller_wb/m4/GCC_Project/output/s3x_pi.o
                0x0000000000004768                s3x_get_pi
 .text.s3x_get_pi_gindex
                0x0000000000004788       0x14 /media/coolbreeze413/GALACTICA/work/clients/quicklogic/qorc/github/qorc-sdk/qorc-onion-apps/qorc_gpiocontroller_wb/m4/GCC_Project/output/s3x_pi.o
                0x0000000000004788                s3x_get_pi_gindex
 .text.s3x_pi_get_st
                0x000000000000479c       0x24 /media/coolbreeze413/GALACTICA/work/clients/quicklogic/qorc/github/qorc-sdk/qorc-onion-apps/qorc_gpiocontroller_wb/m4/GCC_Project/output/s3x_pi.o
                0x000000000000479c                s3x_pi_get_st
 .text.s3x_pi_set_cfg_st
                0x00000000000047c0       0x94 /media/coolbreeze413/GALACTICA/work/clients/quicklogic/qorc/github/qorc-sdk/qorc-onion-apps/qorc_gpiocontroller_wb/m4/GCC_Project/output/s3x_pi.o
                0x00000000000047c0                s3x_pi_set_cfg_st
 .text.s3x_pi_set_active_st
                0x0000000000004854       0xa4 /media/coolbreeze413/GALACTICA/work/clients/quicklogic/qorc/github/qorc-sdk/qorc-onion-apps/qorc_gpiocontroller_wb/m4/GCC_Project/output/s3x_pi.o
                0x0000000000004854                s3x_pi_set_active_st
 .text.s3x_pi_get_clkg_st
                0x00000000000048f8       0x36 /media/coolbreeze413/GALACTICA/work/clients/quicklogic/qorc/github/qorc-sdk/qorc-onion-apps/qorc_gpiocontroller_wb/m4/GCC_Project/output/s3x_pi.o
                0x00000000000048f8                s3x_pi_get_clkg_st
 .text.s3x_pi_set_clkg_st
                0x000000000000492e       0x26 /media/coolbreeze413/GALACTICA/work/clients/quicklogic/qorc/github/qorc-sdk/qorc-onion-apps/qorc_gpiocontroller_wb/m4/GCC_Project/output/s3x_pi.o
                0x000000000000492e                s3x_pi_set_clkg_st
 .text.s3x_set_pi_state
                0x0000000000004954        0xc /media/coolbreeze413/GALACTICA/work/clients/quicklogic/qorc/github/qorc-sdk/qorc-onion-apps/qorc_gpiocontroller_wb/m4/GCC_Project/output/s3x_pi.o
                0x0000000000004954                s3x_set_pi_state
 .text.s3x_get_pi_init_state
                0x0000000000004960       0x18 /media/coolbreeze413/GALACTICA/work/clients/quicklogic/qorc/github/qorc-sdk/qorc-onion-apps/qorc_gpiocontroller_wb/m4/GCC_Project/output/s3x_pi.o
                0x0000000000004960                s3x_get_pi_init_state
 .text.S3x_pi_init
                0x0000000000004978       0x20 /media/coolbreeze413/GALACTICA/work/clients/quicklogic/qorc/github/qorc-sdk/qorc-onion-apps/qorc_gpiocontroller_wb/m4/GCC_Project/output/s3x_pi.o
                0x0000000000004978                S3x_pi_init
 .text.S3x_pwrcfg_init
                0x0000000000004998       0x2c /media/coolbreeze413/GALACTICA/work/clients/quicklogic/qorc/github/qorc-sdk/qorc-onion-apps/qorc_gpiocontroller_wb/m4/GCC_Project/output/s3x_pwrcfg.o
                0x0000000000004998                S3x_pwrcfg_init
 .text.s3x_sram_in_lpm
                0x00000000000049c4       0x1c /media/coolbreeze413/GALACTICA/work/clients/quicklogic/qorc/github/qorc-sdk/qorc-onion-apps/qorc_gpiocontroller_wb/m4/GCC_Project/output/s3x_pwrcfg.o
                0x00000000000049c4                s3x_sram_in_lpm
 .text.S3x_get_qos_rate
                0x00000000000049e0       0x38 /media/coolbreeze413/GALACTICA/work/clients/quicklogic/qorc/github/qorc-sdk/qorc-onion-apps/qorc_gpiocontroller_wb/m4/GCC_Project/output/s3x_qos.o
                0x00000000000049e0                S3x_get_qos_rate
 .text.save_assert_info
                0x0000000000004a18       0x74 /media/coolbreeze413/GALACTICA/work/clients/quicklogic/qorc/github/qorc-sdk/qorc-onion-apps/qorc_gpiocontroller_wb/m4/GCC_Project/output/sec_debug.o
                0x0000000000004a18                save_assert_info
 .text.invoke_soft_fault
                0x0000000000004a8c       0x20 /media/coolbreeze413/GALACTICA/work/clients/quicklogic/qorc/github/qorc-sdk/qorc-onion-apps/qorc_gpiocontroller_wb/m4/GCC_Project/output/sec_debug.o
                0x0000000000004a8c                invoke_soft_fault
 .text.Reset_Handler
                0x0000000000004aac       0x2c /media/coolbreeze413/GALACTICA/work/clients/quicklogic/qorc/github/qorc-sdk/qorc-onion-apps/qorc_gpiocontroller_wb/m4/GCC_Project/output/startup_EOSS3B_GCC.o
                0x0000000000004aac                Reset_Handler
 .text.__semihost_call
                0x0000000000004ad8        0x6 /media/coolbreeze413/GALACTICA/work/clients/quicklogic/qorc/github/qorc-sdk/qorc-onion-apps/qorc_gpiocontroller_wb/m4/GCC_Project/output/startup_EOSS3B_GCC.o
                0x0000000000004ad8                __semihost_call
 *fill*         0x0000000000004ade        0x2 
 .text.prvGetExpectedIdleTime
                0x0000000000004ae0       0x3c /media/coolbreeze413/GALACTICA/work/clients/quicklogic/qorc/github/qorc-sdk/qorc-onion-apps/qorc_gpiocontroller_wb/m4/GCC_Project/output/tasks.o
 .text.prvResetNextTaskUnblockTime
                0x0000000000004b1c       0x24 /media/coolbreeze413/GALACTICA/work/clients/quicklogic/qorc/github/qorc-sdk/qorc-onion-apps/qorc_gpiocontroller_wb/m4/GCC_Project/output/tasks.o
 .text.prvAddCurrentTaskToDelayedList
                0x0000000000004b40       0x8c /media/coolbreeze413/GALACTICA/work/clients/quicklogic/qorc/github/qorc-sdk/qorc-onion-apps/qorc_gpiocontroller_wb/m4/GCC_Project/output/tasks.o
 .text.xTaskCreate
                0x0000000000004bcc      0x1e0 /media/coolbreeze413/GALACTICA/work/clients/quicklogic/qorc/github/qorc-sdk/qorc-onion-apps/qorc_gpiocontroller_wb/m4/GCC_Project/output/tasks.o
                0x0000000000004bcc                xTaskCreate
 .text.vTaskStartScheduler
                0x0000000000004dac       0x98 /media/coolbreeze413/GALACTICA/work/clients/quicklogic/qorc/github/qorc-sdk/qorc-onion-apps/qorc_gpiocontroller_wb/m4/GCC_Project/output/tasks.o
                0x0000000000004dac                vTaskStartScheduler
 .text.vTaskSuspendAll
                0x0000000000004e44       0x10 /media/coolbreeze413/GALACTICA/work/clients/quicklogic/qorc/github/qorc-sdk/qorc-onion-apps/qorc_gpiocontroller_wb/m4/GCC_Project/output/tasks.o
                0x0000000000004e44                vTaskSuspendAll
 .text.xTaskGetTickCount
                0x0000000000004e54        0xc /media/coolbreeze413/GALACTICA/work/clients/quicklogic/qorc/github/qorc-sdk/qorc-onion-apps/qorc_gpiocontroller_wb/m4/GCC_Project/output/tasks.o
                0x0000000000004e54                xTaskGetTickCount
 .text.vTaskStepTick
                0x0000000000004e60       0x44 /media/coolbreeze413/GALACTICA/work/clients/quicklogic/qorc/github/qorc-sdk/qorc-onion-apps/qorc_gpiocontroller_wb/m4/GCC_Project/output/tasks.o
                0x0000000000004e60                vTaskStepTick
 .text.xTaskIncrementTick
                0x0000000000004ea4      0x14c /media/coolbreeze413/GALACTICA/work/clients/quicklogic/qorc/github/qorc-sdk/qorc-onion-apps/qorc_gpiocontroller_wb/m4/GCC_Project/output/tasks.o
                0x0000000000004ea4                xTaskIncrementTick
 .text.xTaskResumeAll
                0x0000000000004ff0      0x100 /media/coolbreeze413/GALACTICA/work/clients/quicklogic/qorc/github/qorc-sdk/qorc-onion-apps/qorc_gpiocontroller_wb/m4/GCC_Project/output/tasks.o
                0x0000000000004ff0                xTaskResumeAll
 .text.vTaskDelay
                0x00000000000050f0       0x60 /media/coolbreeze413/GALACTICA/work/clients/quicklogic/qorc/github/qorc-sdk/qorc-onion-apps/qorc_gpiocontroller_wb/m4/GCC_Project/output/tasks.o
                0x00000000000050f0                vTaskDelay
 .text.prvIdleTask
                0x0000000000005150       0xc4 /media/coolbreeze413/GALACTICA/work/clients/quicklogic/qorc/github/qorc-sdk/qorc-onion-apps/qorc_gpiocontroller_wb/m4/GCC_Project/output/tasks.o
 .text.vTaskSwitchContext
                0x0000000000005214       0xb8 /media/coolbreeze413/GALACTICA/work/clients/quicklogic/qorc/github/qorc-sdk/qorc-onion-apps/qorc_gpiocontroller_wb/m4/GCC_Project/output/tasks.o
                0x0000000000005214                vTaskSwitchContext
 .text.vTaskPlaceOnEventList
                0x00000000000052cc       0x48 /media/coolbreeze413/GALACTICA/work/clients/quicklogic/qorc/github/qorc-sdk/qorc-onion-apps/qorc_gpiocontroller_wb/m4/GCC_Project/output/tasks.o
                0x00000000000052cc                vTaskPlaceOnEventList
 .text.vTaskPlaceOnEventListRestricted
                0x0000000000005314       0x50 /media/coolbreeze413/GALACTICA/work/clients/quicklogic/qorc/github/qorc-sdk/qorc-onion-apps/qorc_gpiocontroller_wb/m4/GCC_Project/output/tasks.o
                0x0000000000005314                vTaskPlaceOnEventListRestricted
 .text.xTaskRemoveFromEventList
                0x0000000000005364       0x9c /media/coolbreeze413/GALACTICA/work/clients/quicklogic/qorc/github/qorc-sdk/qorc-onion-apps/qorc_gpiocontroller_wb/m4/GCC_Project/output/tasks.o
                0x0000000000005364                xTaskRemoveFromEventList
 .text.vTaskInternalSetTimeOutState
                0x0000000000005400       0x18 /media/coolbreeze413/GALACTICA/work/clients/quicklogic/qorc/github/qorc-sdk/qorc-onion-apps/qorc_gpiocontroller_wb/m4/GCC_Project/output/tasks.o
                0x0000000000005400                vTaskInternalSetTimeOutState