Archive member included to satisfy reference by file (symbol)

/media/coolbreeze413/GALACTICA/work/clients/quicklogic/qorc/github/qorc-sdk/arm_toolchain_install/gcc-arm-none-eabi-9-2020-q2-update/bin/../lib/gcc/arm-none-eabi/9.3.1/thumb/v7e-m+fp/hard/libgcc.a(_arm_muldf3.o)
                              /media/coolbreeze413/GALACTICA/work/clients/quicklogic/qorc/github/qorc-sdk/qorc-onion-apps/qorc_fpga_compositeGPBTctrl/GCC_Project/output/ql_test_signals.o (__aeabi_dmul)
/media/coolbreeze413/GALACTICA/work/clients/quicklogic/qorc/github/qorc-sdk/arm_toolchain_install/gcc-arm-none-eabi-9-2020-q2-update/bin/../lib/gcc/arm-none-eabi/9.3.1/thumb/v7e-m+fp/hard/libgcc.a(_arm_addsubdf3.o)
                              /media/coolbreeze413/GALACTICA/work/clients/quicklogic/qorc/github/qorc-sdk/qorc-onion-apps/qorc_fpga_compositeGPBTctrl/GCC_Project/output/ql_test_signals.o (__aeabi_dadd)
/media/coolbreeze413/GALACTICA/work/clients/quicklogic/qorc/github/qorc-sdk/arm_toolchain_install/gcc-arm-none-eabi-9-2020-q2-update/bin/../lib/gcc/arm-none-eabi/9.3.1/thumb/v7e-m+fp/hard/libgcc.a(_arm_muldivdf3.o)
                              /media/coolbreeze413/GALACTICA/work/clients/quicklogic/qorc/github/qorc-sdk/qorc-onion-apps/qorc_fpga_compositeGPBTctrl/GCC_Project/output/eoss3_hal_i2c.o (__aeabi_ddiv)
/media/coolbreeze413/GALACTICA/work/clients/quicklogic/qorc/github/qorc-sdk/arm_toolchain_install/gcc-arm-none-eabi-9-2020-q2-update/bin/../lib/gcc/arm-none-eabi/9.3.1/thumb/v7e-m+fp/hard/libgcc.a(_arm_fixdfsi.o)
                              /media/coolbreeze413/GALACTICA/work/clients/quicklogic/qorc/github/qorc-sdk/qorc-onion-apps/qorc_fpga_compositeGPBTctrl/GCC_Project/output/ql_test_signals.o (__aeabi_d2iz)
/media/coolbreeze413/GALACTICA/work/clients/quicklogic/qorc/github/qorc-sdk/arm_toolchain_install/gcc-arm-none-eabi-9-2020-q2-update/bin/../lib/gcc/arm-none-eabi/9.3.1/thumb/v7e-m+fp/hard/libgcc.a(_arm_truncdfsf2.o)
                              /media/coolbreeze413/GALACTICA/work/clients/quicklogic/qorc/github/qorc-sdk/qorc-onion-apps/qorc_fpga_compositeGPBTctrl/GCC_Project/output/eoss3_hal_i2c.o (__aeabi_d2f)
/media/coolbreeze413/GALACTICA/work/clients/quicklogic/qorc/github/qorc-sdk/arm_toolchain_install/gcc-arm-none-eabi-9-2020-q2-update/bin/../lib/gcc/arm-none-eabi/9.3.1/thumb/v7e-m+fp/hard/libgcc.a(_aeabi_ldivmod.o)
                              /media/coolbreeze413/GALACTICA/work/clients/quicklogic/qorc/github/qorc-sdk/qorc-onion-apps/qorc_fpga_compositeGPBTctrl/GCC_Project/output/dbg_uart.o (__aeabi_ldivmod)
/media/coolbreeze413/GALACTICA/work/clients/quicklogic/qorc/github/qorc-sdk/arm_toolchain_install/gcc-arm-none-eabi-9-2020-q2-update/bin/../lib/gcc/arm-none-eabi/9.3.1/thumb/v7e-m+fp/hard/libgcc.a(_aeabi_uldivmod.o)
                              /media/coolbreeze413/GALACTICA/work/clients/quicklogic/qorc/github/qorc-sdk/qorc-onion-apps/qorc_fpga_compositeGPBTctrl/GCC_Project/output/s3x_lpm.o (__aeabi_uldivmod)
/media/coolbreeze413/GALACTICA/work/clients/quicklogic/qorc/github/qorc-sdk/arm_toolchain_install/gcc-arm-none-eabi-9-2020-q2-update/bin/../lib/gcc/arm-none-eabi/9.3.1/thumb/v7e-m+fp/hard/libgcc.a(_udivmoddi4.o)
                              /media/coolbreeze413/GALACTICA/work/clients/quicklogic/qorc/github/qorc-sdk/arm_toolchain_install/gcc-arm-none-eabi-9-2020-q2-update/bin/../lib/gcc/arm-none-eabi/9.3.1/thumb/v7e-m+fp/hard/libgcc.a(_aeabi_ldivmod.o) (__udivmoddi4)
/media/coolbreeze413/GALACTICA/work/clients/quicklogic/qorc/github/qorc-sdk/arm_toolchain_install/gcc-arm-none-eabi-9-2020-q2-update/bin/../lib/gcc/arm-none-eabi/9.3.1/thumb/v7e-m+fp/hard/libgcc.a(_dvmd_tls.o)
                              /media/coolbreeze413/GALACTICA/work/clients/quicklogic/qorc/github/qorc-sdk/arm_toolchain_install/gcc-arm-none-eabi-9-2020-q2-update/bin/../lib/gcc/arm-none-eabi/9.3.1/thumb/v7e-m+fp/hard/libgcc.a(_aeabi_ldivmod.o) (__aeabi_ldiv0)
/media/coolbreeze413/GALACTICA/work/clients/quicklogic/qorc/github/qorc-sdk/arm_toolchain_install/gcc-arm-none-eabi-9-2020-q2-update/bin/../lib/gcc/arm-none-eabi/9.3.1/../../../../arm-none-eabi/lib/thumb/v7e-m+fp/hard/libg_nano.a(lib_a-exit.o)
                              /media/coolbreeze413/GALACTICA/work/clients/quicklogic/qorc/github/qorc-sdk/arm_toolchain_install/gcc-arm-none-eabi-9-2020-q2-update/bin/../lib/gcc/arm-none-eabi/9.3.1/../../../../arm-none-eabi/lib/thumb/v7e-m+fp/hard/crt0.o (exit)
/media/coolbreeze413/GALACTICA/work/clients/quicklogic/qorc/github/qorc-sdk/arm_toolchain_install/gcc-arm-none-eabi-9-2020-q2-update/bin/../lib/gcc/arm-none-eabi/9.3.1/../../../../arm-none-eabi/lib/thumb/v7e-m+fp/hard/libg_nano.a(lib_a-impure.o)
                              /media/coolbreeze413/GALACTICA/work/clients/quicklogic/qorc/github/qorc-sdk/arm_toolchain_install/gcc-arm-none-eabi-9-2020-q2-update/bin/../lib/gcc/arm-none-eabi/9.3.1/../../../../arm-none-eabi/lib/thumb/v7e-m+fp/hard/libg_nano.a(lib_a-exit.o) (_global_impure_ptr)
[...]
Memory Configuration

Name             Origin             Length             Attributes
rom              0x0000000000000000 0x0000000000027000 xr
ram              0x0000000020027000 0x000000000003c800 xrw
spiram           0x0000000020063800 0x0000000000000800 rw
HWA              0x0000000020064000 0x0000000000018000 rw
shm              0x000000002007c000 0x0000000000004000
*default*        0x0000000000000000 0xffffffffffffffff

Linker script and memory map

LOAD /media/coolbreeze413/GALACTICA/work/clients/quicklogic/qorc/github/qorc-sdk/arm_toolchain_install/gcc-arm-none-eabi-9-2020-q2-update/bin/../lib/gcc/arm-none-eabi/9.3.1/thumb/v7e-m+fp/hard/crti.o
LOAD /media/coolbreeze413/GALACTICA/work/clients/quicklogic/qorc/github/qorc-sdk/arm_toolchain_install/gcc-arm-none-eabi-9-2020-q2-update/bin/../lib/gcc/arm-none-eabi/9.3.1/thumb/v7e-m+fp/hard/crtbegin.o
LOAD /media/coolbreeze413/GALACTICA/work/clients/quicklogic/qorc/github/qorc-sdk/arm_toolchain_install/gcc-arm-none-eabi-9-2020-q2-update/bin/../lib/gcc/arm-none-eabi/9.3.1/../../../../arm-none-eabi/lib/thumb/v7e-m+fp/hard/crt0.o
LOAD /media/coolbreeze413/GALACTICA/work/clients/quicklogic/qorc/github/qorc-sdk/qorc-onion-apps/qorc_fpga_compositeGPBTctrl/GCC_Project/output/c_lib_retarget.o
LOAD /media/coolbreeze413/GALACTICA/work/clients/quicklogic/qorc/github/qorc-sdk/qorc-onion-apps/qorc_fpga_compositeGPBTctrl/GCC_Project/output/circularBuffQueue.o
LOAD /media/coolbreeze413/GALACTICA/work/clients/quicklogic/qorc/github/qorc-sdk/qorc-onion-apps/qorc_fpga_compositeGPBTctrl/GCC_Project/output/cli_args.o
LOAD /media/coolbreeze413/GALACTICA/work/clients/quicklogic/qorc/github/qorc-sdk/qorc-onion-apps/qorc_fpga_compositeGPBTctrl/GCC_Project/output/cli_hexdump.o
LOAD /media/coolbreeze413/GALACTICA/work/clients/quicklogic/qorc/github/qorc-sdk/qorc-onion-apps/qorc_fpga_compositeGPBTctrl/GCC_Project/output/cli_io.o
LOAD /media/coolbreeze413/GALACTICA/work/clients/quicklogic/qorc/github/qorc-sdk/qorc-onion-apps/qorc_fpga_compositeGPBTctrl/GCC_Project/output/cli_loop.o
LOAD /media/coolbreeze413/GALACTICA/work/clients/quicklogic/qorc/github/qorc-sdk/qorc-onion-apps/qorc_fpga_compositeGPBTctrl/GCC_Project/output/cli_misc.o
LOAD /media/coolbreeze413/GALACTICA/work/clients/quicklogic/qorc/github/qorc-sdk/qorc-onion-apps/qorc_fpga_compositeGPBTctrl/GCC_Project/output/cli_platform.o
LOAD /media/coolbreeze413/GALACTICA/work/clients/quicklogic/qorc/github/qorc-sdk/qorc-onion-apps/qorc_fpga_compositeGPBTctrl/GCC_Project/output/cli_stdcmds.o
LOAD /media/coolbreeze413/GALACTICA/work/clients/quicklogic/qorc/github/qorc-sdk/qorc-onion-apps/qorc_fpga_compositeGPBTctrl/GCC_Project/output/crc16.o
LOAD /media/coolbreeze413/GALACTICA/work/clients/quicklogic/qorc/github/qorc-sdk/qorc-onion-apps/qorc_fpga_compositeGPBTctrl/GCC_Project/output/crc32.o
LOAD /media/coolbreeze413/GALACTICA/work/clients/quicklogic/qorc/github/qorc-sdk/qorc-onion-apps/qorc_fpga_compositeGPBTctrl/GCC_Project/output/croutine.o
LOAD /media/coolbreeze413/GALACTICA/work/clients/quicklogic/qorc/github/qorc-sdk/qorc-onion-apps/qorc_fpga_compositeGPBTctrl/GCC_Project/output/dbg_bufferedprinttask.o
LOAD /media/coolbreeze413/GALACTICA/work/clients/quicklogic/qorc/github/qorc-sdk/qorc-onion-apps/qorc_fpga_compositeGPBTctrl/GCC_Project/output/dbg_queue_monitor.o
LOAD /media/coolbreeze413/GALACTICA/work/clients/quicklogic/qorc/github/qorc-sdk/qorc-onion-apps/qorc_fpga_compositeGPBTctrl/GCC_Project/output/dbg_uart.o
LOAD /media/coolbreeze413/GALACTICA/work/clients/quicklogic/qorc/github/qorc-sdk/qorc-onion-apps/qorc_fpga_compositeGPBTctrl/GCC_Project/output/dbgtrace.o
LOAD /media/coolbreeze413/GALACTICA/work/clients/quicklogic/qorc/github/qorc-sdk/qorc-onion-apps/qorc_fpga_compositeGPBTctrl/GCC_Project/output/eoss3_hal_adc.o
LOAD /media/coolbreeze413/GALACTICA/work/clients/quicklogic/qorc/github/qorc-sdk/qorc-onion-apps/qorc_fpga_compositeGPBTctrl/GCC_Project/output/eoss3_hal_gpio.o
LOAD /media/coolbreeze413/GALACTICA/work/clients/quicklogic/qorc/github/qorc-sdk/qorc-onion-apps/qorc_fpga_compositeGPBTctrl/GCC_Project/output/eoss3_hal_i2c.o
LOAD /media/coolbreeze413/GALACTICA/work/clients/quicklogic/qorc/github/qorc-sdk/qorc-onion-apps/qorc_fpga_compositeGPBTctrl/GCC_Project/output/eoss3_hal_i2s.o
LOAD /media/coolbreeze413/GALACTICA/work/clients/quicklogic/qorc/github/qorc-sdk/qorc-onion-apps/qorc_fpga_compositeGPBTctrl/GCC_Project/output/eoss3_hal_i2s_slave_assp.o
LOAD /media/coolbreeze413/GALACTICA/work/clients/quicklogic/qorc/github/qorc-sdk/qorc-onion-apps/qorc_fpga_compositeGPBTctrl/GCC_Project/output/eoss3_hal_pad_config.o
LOAD /media/coolbreeze413/GALACTICA/work/clients/quicklogic/qorc/github/qorc-sdk/qorc-onion-apps/qorc_fpga_compositeGPBTctrl/GCC_Project/output/eoss3_hal_pkfb.o
LOAD /media/coolbreeze413/GALACTICA/work/clients/quicklogic/qorc/github/qorc-sdk/qorc-onion-apps/qorc_fpga_compositeGPBTctrl/GCC_Project/output/eoss3_hal_rtc.o
LOAD /media/coolbreeze413/GALACTICA/work/clients/quicklogic/qorc/github/qorc-sdk/qorc-onion-apps/qorc_fpga_compositeGPBTctrl/GCC_Project/output/eoss3_hal_sdma.o
LOAD /media/coolbreeze413/GALACTICA/work/clients/quicklogic/qorc/github/qorc-sdk/qorc-onion-apps/qorc_fpga_compositeGPBTctrl/GCC_Project/output/eoss3_hal_spi.o
LOAD /media/coolbreeze413/GALACTICA/work/clients/quicklogic/qorc/github/qorc-sdk/qorc-onion-apps/qorc_fpga_compositeGPBTctrl/GCC_Project/output/eoss3_hal_timer.o
LOAD /media/coolbreeze413/GALACTICA/work/clients/quicklogic/qorc/github/qorc-sdk/qorc-onion-apps/qorc_fpga_compositeGPBTctrl/GCC_Project/output/eoss3_hal_uart.o
LOAD /media/coolbreeze413/GALACTICA/work/clients/quicklogic/qorc/github/qorc-sdk/qorc-onion-apps/qorc_fpga_compositeGPBTctrl/GCC_Project/output/eoss3_hal_wb.o
LOAD /media/coolbreeze413/GALACTICA/work/clients/quicklogic/qorc/github/qorc-sdk/qorc-onion-apps/qorc_fpga_compositeGPBTctrl/GCC_Project/output/eoss3_hal_wdt.o
LOAD /media/coolbreeze413/GALACTICA/work/clients/quicklogic/qorc/github/qorc-sdk/qorc-onion-apps/qorc_fpga_compositeGPBTctrl/GCC_Project/output/event_groups.o
LOAD /media/coolbreeze413/GALACTICA/work/clients/quicklogic/qorc/github/qorc-sdk/qorc-onion-apps/qorc_fpga_compositeGPBTctrl/GCC_Project/output/exceptions.o
LOAD /media/coolbreeze413/GALACTICA/work/clients/quicklogic/qorc/github/qorc-sdk/qorc-onion-apps/qorc_fpga_compositeGPBTctrl/GCC_Project/output/freertos_static_memory.o
LOAD /media/coolbreeze413/GALACTICA/work/clients/quicklogic/qorc/github/qorc-sdk/qorc-onion-apps/qorc_fpga_compositeGPBTctrl/GCC_Project/output/hal_fpga_onion.o
LOAD /media/coolbreeze413/GALACTICA/work/clients/quicklogic/qorc/github/qorc-sdk/qorc-onion-apps/qorc_fpga_compositeGPBTctrl/GCC_Project/output/hal_fpga_onion_breathectrl.o
LOAD /media/coolbreeze413/GALACTICA/work/clients/quicklogic/qorc/github/qorc-sdk/qorc-onion-apps/qorc_fpga_compositeGPBTctrl/GCC_Project/output/hal_fpga_onion_gpioctrl.o
LOAD /media/coolbreeze413/GALACTICA/work/clients/quicklogic/qorc/github/qorc-sdk/qorc-onion-apps/qorc_fpga_compositeGPBTctrl/GCC_Project/output/hal_fpga_onion_pwmctrl.o
LOAD /media/coolbreeze413/GALACTICA/work/clients/quicklogic/qorc/github/qorc-sdk/qorc-onion-apps/qorc_fpga_compositeGPBTctrl/GCC_Project/output/hal_fpga_onion_timerctrl.o
LOAD /media/coolbreeze413/GALACTICA/work/clients/quicklogic/qorc/github/qorc-sdk/qorc-onion-apps/qorc_fpga_compositeGPBTctrl/GCC_Project/output/heap_4.o
LOAD /media/coolbreeze413/GALACTICA/work/clients/quicklogic/qorc/github/qorc-sdk/qorc-onion-apps/qorc_fpga_compositeGPBTctrl/GCC_Project/output/hearable_pwrcfg.o
LOAD /media/coolbreeze413/GALACTICA/work/clients/quicklogic/qorc/github/qorc-sdk/qorc-onion-apps/qorc_fpga_compositeGPBTctrl/GCC_Project/output/leds.o
LOAD /media/coolbreeze413/GALACTICA/work/clients/quicklogic/qorc/github/qorc-sdk/qorc-onion-apps/qorc_fpga_compositeGPBTctrl/GCC_Project/output/list.o
LOAD /media/coolbreeze413/GALACTICA/work/clients/quicklogic/qorc/github/qorc-sdk/qorc-onion-apps/qorc_fpga_compositeGPBTctrl/GCC_Project/output/main.o
LOAD /media/coolbreeze413/GALACTICA/work/clients/quicklogic/qorc/github/qorc-sdk/qorc-onion-apps/qorc_fpga_compositeGPBTctrl/GCC_Project/output/main_dbg_cli_menu.o
LOAD /media/coolbreeze413/GALACTICA/work/clients/quicklogic/qorc/github/qorc-sdk/qorc-onion-apps/qorc_fpga_compositeGPBTctrl/GCC_Project/output/minimal_task.o
LOAD /media/coolbreeze413/GALACTICA/work/clients/quicklogic/qorc/github/qorc-sdk/qorc-onion-apps/qorc_fpga_compositeGPBTctrl/GCC_Project/output/pincfg_table.o
LOAD /media/coolbreeze413/GALACTICA/work/clients/quicklogic/qorc/github/qorc-sdk/qorc-onion-apps/qorc_fpga_compositeGPBTctrl/GCC_Project/output/port.o
LOAD /media/coolbreeze413/GALACTICA/work/clients/quicklogic/qorc/github/qorc-sdk/qorc-onion-apps/qorc_fpga_compositeGPBTctrl/GCC_Project/output/qf_baremetalsetup.o
LOAD /media/coolbreeze413/GALACTICA/work/clients/quicklogic/qorc/github/qorc-sdk/qorc-onion-apps/qorc_fpga_compositeGPBTctrl/GCC_Project/output/qf_hardwaresetup.o
LOAD /media/coolbreeze413/GALACTICA/work/clients/quicklogic/qorc/github/qorc-sdk/qorc-onion-apps/qorc_fpga_compositeGPBTctrl/GCC_Project/output/ql_base64.o
LOAD /media/coolbreeze413/GALACTICA/work/clients/quicklogic/qorc/github/qorc-sdk/qorc-onion-apps/qorc_fpga_compositeGPBTctrl/GCC_Project/output/ql_stackwatermark.o
LOAD /media/coolbreeze413/GALACTICA/work/clients/quicklogic/qorc/github/qorc-sdk/qorc-onion-apps/qorc_fpga_compositeGPBTctrl/GCC_Project/output/ql_test_signals.o
LOAD /media/coolbreeze413/GALACTICA/work/clients/quicklogic/qorc/github/qorc-sdk/qorc-onion-apps/qorc_fpga_compositeGPBTctrl/GCC_Project/output/ql_time.o
LOAD /media/coolbreeze413/GALACTICA/work/clients/quicklogic/qorc/github/qorc-sdk/qorc-onion-apps/qorc_fpga_compositeGPBTctrl/GCC_Project/output/queue.o
LOAD /media/coolbreeze413/GALACTICA/work/clients/quicklogic/qorc/github/qorc-sdk/qorc-onion-apps/qorc_fpga_compositeGPBTctrl/GCC_Project/output/s3x_clock.o
LOAD /media/coolbreeze413/GALACTICA/work/clients/quicklogic/qorc/github/qorc-sdk/qorc-onion-apps/qorc_fpga_compositeGPBTctrl/GCC_Project/output/s3x_clock_hal.o
LOAD /media/coolbreeze413/GALACTICA/work/clients/quicklogic/qorc/github/qorc-sdk/qorc-onion-apps/qorc_fpga_compositeGPBTctrl/GCC_Project/output/s3x_cpuload.o
LOAD /media/coolbreeze413/GALACTICA/work/clients/quicklogic/qorc/github/qorc-sdk/qorc-onion-apps/qorc_fpga_compositeGPBTctrl/GCC_Project/output/s3x_dfs.o
LOAD /media/coolbreeze413/GALACTICA/work/clients/quicklogic/qorc/github/qorc-sdk/qorc-onion-apps/qorc_fpga_compositeGPBTctrl/GCC_Project/output/s3x_lpm.o
LOAD /media/coolbreeze413/GALACTICA/work/clients/quicklogic/qorc/github/qorc-sdk/qorc-onion-apps/qorc_fpga_compositeGPBTctrl/GCC_Project/output/s3x_pi.o
LOAD /media/coolbreeze413/GALACTICA/work/clients/quicklogic/qorc/github/qorc-sdk/qorc-onion-apps/qorc_fpga_compositeGPBTctrl/GCC_Project/output/s3x_pwrcfg.o
LOAD /media/coolbreeze413/GALACTICA/work/clients/quicklogic/qorc/github/qorc-sdk/qorc-onion-apps/qorc_fpga_compositeGPBTctrl/GCC_Project/output/s3x_qos.o
LOAD /media/coolbreeze413/GALACTICA/work/clients/quicklogic/qorc/github/qorc-sdk/qorc-onion-apps/qorc_fpga_compositeGPBTctrl/GCC_Project/output/sec_debug.o
LOAD /media/coolbreeze413/GALACTICA/work/clients/quicklogic/qorc/github/qorc-sdk/qorc-onion-apps/qorc_fpga_compositeGPBTctrl/GCC_Project/output/spi_flash.o
LOAD /media/coolbreeze413/GALACTICA/work/clients/quicklogic/qorc/github/qorc-sdk/qorc-onion-apps/qorc_fpga_compositeGPBTctrl/GCC_Project/output/startup_EOSS3B_GCC.o
LOAD /media/coolbreeze413/GALACTICA/work/clients/quicklogic/qorc/github/qorc-sdk/qorc-onion-apps/qorc_fpga_compositeGPBTctrl/GCC_Project/output/stream_buffer.o
LOAD /media/coolbreeze413/GALACTICA/work/clients/quicklogic/qorc/github/qorc-sdk/qorc-onion-apps/qorc_fpga_compositeGPBTctrl/GCC_Project/output/tasks.o
LOAD /media/coolbreeze413/GALACTICA/work/clients/quicklogic/qorc/github/qorc-sdk/qorc-onion-apps/qorc_fpga_compositeGPBTctrl/GCC_Project/output/timers.o
LOAD /media/coolbreeze413/GALACTICA/work/clients/quicklogic/qorc/github/qorc-sdk/qorc-onion-apps/qorc_fpga_compositeGPBTctrl/GCC_Project/output/vectors_CM4F_gcc.o
LOAD /media/coolbreeze413/GALACTICA/work/clients/quicklogic/qorc/github/qorc-sdk/qorc-onion-apps/qorc_fpga_compositeGPBTctrl/GCC_Project/output/watchdog.o
LOAD /media/coolbreeze413/GALACTICA/work/clients/quicklogic/qorc/github/qorc-sdk/arm_toolchain_install/gcc-arm-none-eabi-9-2020-q2-update/bin/../lib/gcc/arm-none-eabi/9.3.1/../../../../arm-none-eabi/lib/thumb/v7e-m+fp/hard/libm.a
LOAD /media/coolbreeze413/GALACTICA/work/clients/quicklogic/qorc/github/qorc-sdk/qorc-onion-apps/qorc_fpga_compositeGPBTctrl/GCC_Project/../../../Libraries/CMSIS/lib/GCC/libarm_cortexM4lf_math.a
START GROUP
LOAD /media/coolbreeze413/GALACTICA/work/clients/quicklogic/qorc/github/qorc-sdk/arm_toolchain_install/gcc-arm-none-eabi-9-2020-q2-update/bin/../lib/gcc/arm-none-eabi/9.3.1/thumb/v7e-m+fp/hard/libgcc.a
LOAD /media/coolbreeze413/GALACTICA/work/clients/quicklogic/qorc/github/qorc-sdk/arm_toolchain_install/gcc-arm-none-eabi-9-2020-q2-update/bin/../lib/gcc/arm-none-eabi/9.3.1/../../../../arm-none-eabi/lib/thumb/v7e-m+fp/hard/libg_nano.a
LOAD /media/coolbreeze413/GALACTICA/work/clients/quicklogic/qorc/github/qorc-sdk/arm_toolchain_install/gcc-arm-none-eabi-9-2020-q2-update/bin/../lib/gcc/arm-none-eabi/9.3.1/../../../../arm-none-eabi/lib/thumb/v7e-m+fp/hard/libc_nano.a
END GROUP
START GROUP
LOAD /media/coolbreeze413/GALACTICA/work/clients/quicklogic/qorc/github/qorc-sdk/arm_toolchain_install/gcc-arm-none-eabi-9-2020-q2-update/bin/../lib/gcc/arm-none-eabi/9.3.1/thumb/v7e-m+fp/hard/libgcc.a
LOAD /media/coolbreeze413/GALACTICA/work/clients/quicklogic/qorc/github/qorc-sdk/arm_toolchain_install/gcc-arm-none-eabi-9-2020-q2-update/bin/../lib/gcc/arm-none-eabi/9.3.1/../../../../arm-none-eabi/lib/thumb/v7e-m+fp/hard/libc_nano.a
LOAD /media/coolbreeze413/GALACTICA/work/clients/quicklogic/qorc/github/qorc-sdk/arm_toolchain_install/gcc-arm-none-eabi-9-2020-q2-update/bin/../lib/gcc/arm-none-eabi/9.3.1/../../../../arm-none-eabi/lib/thumb/v7e-m+fp/hard/libnosys.a
END GROUP
START GROUP
LOAD /media/coolbreeze413/GALACTICA/work/clients/quicklogic/qorc/github/qorc-sdk/arm_toolchain_install/gcc-arm-none-eabi-9-2020-q2-update/bin/../lib/gcc/arm-none-eabi/9.3.1/thumb/v7e-m+fp/hard/libgcc.a
LOAD /media/coolbreeze413/GALACTICA/work/clients/quicklogic/qorc/github/qorc-sdk/arm_toolchain_install/gcc-arm-none-eabi-9-2020-q2-update/bin/../lib/gcc/arm-none-eabi/9.3.1/../../../../arm-none-eabi/lib/thumb/v7e-m+fp/hard/libc_nano.a
LOAD /media/coolbreeze413/GALACTICA/work/clients/quicklogic/qorc/github/qorc-sdk/arm_toolchain_install/gcc-arm-none-eabi-9-2020-q2-update/bin/../lib/gcc/arm-none-eabi/9.3.1/../../../../arm-none-eabi/lib/thumb/v7e-m+fp/hard/libnosys.a
END GROUP
LOAD /media/coolbreeze413/GALACTICA/work/clients/quicklogic/qorc/github/qorc-sdk/arm_toolchain_install/gcc-arm-none-eabi-9-2020-q2-update/bin/../lib/gcc/arm-none-eabi/9.3.1/thumb/v7e-m+fp/hard/crtend.o
LOAD /media/coolbreeze413/GALACTICA/work/clients/quicklogic/qorc/github/qorc-sdk/arm_toolchain_install/gcc-arm-none-eabi-9-2020-q2-update/bin/../lib/gcc/arm-none-eabi/9.3.1/thumb/v7e-m+fp/hard/crtn.o

.text           0x0000000000000000     0x92cf
 *(.isr_vector)
 .isr_vector    0x0000000000000000      0x124 /media/coolbreeze413/GALACTICA/work/clients/quicklogic/qorc/github/qorc-sdk/qorc-onion-apps/qorc_fpga_compositeGPBTctrl/GCC_Project/output/vectors_CM4F_gcc.o
                0x0000000000000000                __Vectors
 *(.text*)
 .text          0x0000000000000124       0x40 /media/coolbreeze413/GALACTICA/work/clients/quicklogic/qorc/github/qorc-sdk/arm_toolchain_install/gcc-arm-none-eabi-9-2020-q2-update/bin/../lib/gcc/arm-none-eabi/9.3.1/thumb/v7e-m+fp/hard/crtbegin.o
 .text          0x0000000000000164       0x7c /media/coolbreeze413/GALACTICA/work/clients/quicklogic/qorc/github/qorc-sdk/arm_toolchain_install/gcc-arm-none-eabi-9-2020-q2-update/bin/../lib/gcc/arm-none-eabi/9.3.1/../../../../arm-none-eabi/lib/thumb/v7e-m+fp/hard/crt0.o
                0x0000000000000164                _stack_init
                0x000000000000016c                _mainCRTStartup
                0x000000000000016c                _start
 .text._write   0x00000000000001e0        0xe /media/coolbreeze413/GALACTICA/work/clients/quicklogic/qorc/github/qorc-sdk/qorc-onion-apps/qorc_fpga_compositeGPBTctrl/GCC_Project/output/c_lib_retarget.o
                0x00000000000001e0                _write
 .text._close   0x00000000000001ee        0x6 /media/coolbreeze413/GALACTICA/work/clients/quicklogic/qorc/github/qorc-sdk/qorc-onion-apps/qorc_fpga_compositeGPBTctrl/GCC_Project/output/c_lib_retarget.o
                0x00000000000001ee                _close
 .text._lseek   0x00000000000001f4        0x4 /media/coolbreeze413/GALACTICA/work/clients/quicklogic/qorc/github/qorc-sdk/qorc-onion-apps/qorc_fpga_compositeGPBTctrl/GCC_Project/output/c_lib_retarget.o
                0x00000000000001f4                _lseek
 .text._read    0x00000000000001f8        0x4 /media/coolbreeze413/GALACTICA/work/clients/quicklogic/qorc/github/qorc-sdk/qorc-onion-apps/qorc_fpga_compositeGPBTctrl/GCC_Project/output/c_lib_retarget.o
                0x00000000000001f8                _read
 .text.do_str_fetch
                0x00000000000001fc       0x38 /media/coolbreeze413/GALACTICA/work/clients/quicklogic/qorc/github/qorc-sdk/qorc-onion-apps/qorc_fpga_compositeGPBTctrl/GCC_Project/output/cli_args.o
 .text.CLI_string_ptr_get_subcmd
                0x0000000000000234       0x20 /media/coolbreeze413/GALACTICA/work/clients/quicklogic/qorc/github/qorc-sdk/qorc-onion-apps/qorc_fpga_compositeGPBTctrl/GCC_Project/output/cli_args.o
                0x0000000000000234                CLI_string_ptr_get_subcmd
 .text.CLI_numX_getshow_X
                0x0000000000000254      0x188 /media/coolbreeze413/GALACTICA/work/clients/quicklogic/qorc/github/qorc-sdk/qorc-onion-apps/qorc_fpga_compositeGPBTctrl/GCC_Project/output/cli_args.o
                0x0000000000000254                CLI_numX_getshow_X
 .text.CLI_uint8_getshow
                0x00000000000003dc        0x8 /media/coolbreeze413/GALACTICA/work/clients/quicklogic/qorc/github/qorc-sdk/qorc-onion-apps/qorc_fpga_compositeGPBTctrl/GCC_Project/output/cli_args.o
                0x00000000000003dc                CLI_uint8_getshow
 .text.CLI_uint32_getshow
                0x00000000000003e4        0x8 /media/coolbreeze413/GALACTICA/work/clients/quicklogic/qorc/github/qorc-sdk/qorc-onion-apps/qorc_fpga_compositeGPBTctrl/GCC_Project/output/cli_args.o
                0x00000000000003e4                CLI_uint32_getshow
 .text.append_key
                0x00000000000003ec       0x30 /media/coolbreeze413/GALACTICA/work/clients/quicklogic/qorc/github/qorc-sdk/qorc-onion-apps/qorc_fpga_compositeGPBTctrl/GCC_Project/output/cli_io.o
 .text.get_key_ignore_null
                0x000000000000041c       0x18 /media/coolbreeze413/GALACTICA/work/clients/quicklogic/qorc/github/qorc-sdk/qorc-onion-apps/qorc_fpga_compositeGPBTctrl/GCC_Project/output/cli_io.o
 .text.CLI_getkey_peek
                0x0000000000000434      0x110 /media/coolbreeze413/GALACTICA/work/clients/quicklogic/qorc/github/qorc-sdk/qorc-onion-apps/qorc_fpga_compositeGPBTctrl/GCC_Project/output/cli_io.o
                0x0000000000000434                CLI_getkey_peek
 .text.CLI_getkey
                0x0000000000000544       0x30 /media/coolbreeze413/GALACTICA/work/clients/quicklogic/qorc/github/qorc-sdk/qorc-onion-apps/qorc_fpga_compositeGPBTctrl/GCC_Project/output/cli_io.o
                0x0000000000000544                CLI_getkey
 .text.CLI_col0_timestamp
                0x0000000000000574       0x78 /media/coolbreeze413/GALACTICA/work/clients/quicklogic/qorc/github/qorc-sdk/qorc-onion-apps/qorc_fpga_compositeGPBTctrl/GCC_Project/output/cli_io.o
                0x0000000000000574                CLI_col0_timestamp
 .text.CLI_putc
                0x00000000000005ec       0x4c /media/coolbreeze413/GALACTICA/work/clients/quicklogic/qorc/github/qorc-sdk/qorc-onion-apps/qorc_fpga_compositeGPBTctrl/GCC_Project/output/cli_io.o
                0x00000000000005ec                CLI_putc
 .text.CLI_puts_no_nl
                0x0000000000000638       0x12 /media/coolbreeze413/GALACTICA/work/clients/quicklogic/qorc/github/qorc-sdk/qorc-onion-apps/qorc_fpga_compositeGPBTctrl/GCC_Project/output/cli_io.o
                0x0000000000000638                CLI_puts_no_nl
 *fill*         0x000000000000064a        0x2 
 .text.CLI_vprintf
                0x000000000000064c       0x24 /media/coolbreeze413/GALACTICA/work/clients/quicklogic/qorc/github/qorc-sdk/qorc-onion-apps/qorc_fpga_compositeGPBTctrl/GCC_Project/output/cli_io.o
                0x000000000000064c                CLI_vprintf
 .text.CLI_printf
                0x0000000000000670       0x1a /media/coolbreeze413/GALACTICA/work/clients/quicklogic/qorc/github/qorc-sdk/qorc-onion-apps/qorc_fpga_compositeGPBTctrl/GCC_Project/output/cli_io.o
                0x0000000000000670                CLI_printf
 *fill*         0x000000000000068a        0x2 
 .text.handle_help
                0x000000000000068c       0xc4 /media/coolbreeze413/GALACTICA/work/clients/quicklogic/qorc/github/qorc-sdk/qorc-onion-apps/qorc_fpga_compositeGPBTctrl/GCC_Project/output/cli_loop.o
 .text.CLI_cmd_stack_replace
                0x0000000000000750       0x10 /media/coolbreeze413/GALACTICA/work/clients/quicklogic/qorc/github/qorc-sdk/qorc-onion-apps/qorc_fpga_compositeGPBTctrl/GCC_Project/output/cli_loop.o
                0x0000000000000750                CLI_cmd_stack_replace
 .text.CLI_cmd_stack_push
                0x0000000000000760       0x30 /media/coolbreeze413/GALACTICA/work/clients/quicklogic/qorc/github/qorc-sdk/qorc-onion-apps/qorc_fpga_compositeGPBTctrl/GCC_Project/output/cli_loop.o
                0x0000000000000760                CLI_cmd_stack_push
 .text.CLI_cmd_stack_clear
                0x0000000000000790       0x24 /media/coolbreeze413/GALACTICA/work/clients/quicklogic/qorc/github/qorc-sdk/qorc-onion-apps/qorc_fpga_compositeGPBTctrl/GCC_Project/output/cli_loop.o
                0x0000000000000790                CLI_cmd_stack_clear
 .text.CLI_cmd_stack_pop
                0x00000000000007b4       0x40 /media/coolbreeze413/GALACTICA/work/clients/quicklogic/qorc/github/qorc-sdk/qorc-onion-apps/qorc_fpga_compositeGPBTctrl/GCC_Project/output/cli_loop.o
                0x00000000000007b4                CLI_cmd_stack_pop
 .text.handle_exit
                0x00000000000007f4       0x1c /media/coolbreeze413/GALACTICA/work/clients/quicklogic/qorc/github/qorc-sdk/qorc-onion-apps/qorc_fpga_compositeGPBTctrl/GCC_Project/output/cli_loop.o
 .text.CLI_init
                0x0000000000000810       0x24 /media/coolbreeze413/GALACTICA/work/clients/quicklogic/qorc/github/qorc-sdk/qorc-onion-apps/qorc_fpga_compositeGPBTctrl/GCC_Project/output/cli_loop.o
                0x0000000000000810                CLI_init
 .text.CLI_print_prompt
                0x0000000000000834       0x44 /media/coolbreeze413/GALACTICA/work/clients/quicklogic/qorc/github/qorc-sdk/qorc-onion-apps/qorc_fpga_compositeGPBTctrl/GCC_Project/output/cli_loop.o
                0x0000000000000834                CLI_print_prompt
 .text.CLI_dispatch_subcmd
                0x0000000000000878       0x84 /media/coolbreeze413/GALACTICA/work/clients/quicklogic/qorc/github/qorc-sdk/qorc-onion-apps/qorc_fpga_compositeGPBTctrl/GCC_Project/output/cli_loop.o
                0x0000000000000878                CLI_dispatch_subcmd
 .text.CLI_dispatch
                0x00000000000008fc       0xc0 /media/coolbreeze413/GALACTICA/work/clients/quicklogic/qorc/github/qorc-sdk/qorc-onion-apps/qorc_fpga_compositeGPBTctrl/GCC_Project/output/cli_loop.o
 .text.CLI_submenu_handler
                0x00000000000009bc       0x30 /media/coolbreeze413/GALACTICA/work/clients/quicklogic/qorc/github/qorc-sdk/qorc-onion-apps/qorc_fpga_compositeGPBTctrl/GCC_Project/output/cli_loop.o
                0x00000000000009bc                CLI_submenu_handler
 .text.CLI_verror
                0x00000000000009ec       0x40 /media/coolbreeze413/GALACTICA/work/clients/quicklogic/qorc/github/qorc-sdk/qorc-onion-apps/qorc_fpga_compositeGPBTctrl/GCC_Project/output/cli_loop.o
                0x00000000000009ec                CLI_verror
 .text.CLI_rx_byte
                0x0000000000000a2c       0xec /media/coolbreeze413/GALACTICA/work/clients/quicklogic/qorc/github/qorc-sdk/qorc-onion-apps/qorc_fpga_compositeGPBTctrl/GCC_Project/output/cli_loop.o
                0x0000000000000a2c                CLI_rx_byte
 .text.CLI_is_more_args
                0x0000000000000b18       0x14 /media/coolbreeze413/GALACTICA/work/clients/quicklogic/qorc/github/qorc-sdk/qorc-onion-apps/qorc_fpga_compositeGPBTctrl/GCC_Project/output/cli_misc.o
                0x0000000000000b18                CLI_is_more_args
 .text.CLI_error
                0x0000000000000b2c       0x1a /media/coolbreeze413/GALACTICA/work/clients/quicklogic/qorc/github/qorc-sdk/qorc-onion-apps/qorc_fpga_compositeGPBTctrl/GCC_Project/output/cli_misc.o
                0x0000000000000b2c                CLI_error
 *fill*         0x0000000000000b46        0x2 
 .text.CLI_error_missing_parameter
                0x0000000000000b48        0xc /media/coolbreeze413/GALACTICA/work/clients/quicklogic/qorc/github/qorc-sdk/qorc-onion-apps/qorc_fpga_compositeGPBTctrl/GCC_Project/output/cli_misc.o
                0x0000000000000b48                CLI_error_missing_parameter
 .text.CLI_error_not_a_number
                0x0000000000000b54       0x10 /media/coolbreeze413/GALACTICA/work/clients/quicklogic/qorc/github/qorc-sdk/qorc-onion-apps/qorc_fpga_compositeGPBTctrl/GCC_Project/output/cli_misc.o
                0x0000000000000b54                CLI_error_not_a_number
 .text.CLI_task
                0x0000000000000b64       0x24 /media/coolbreeze413/GALACTICA/work/clients/quicklogic/qorc/github/qorc-sdk/qorc-onion-apps/qorc_fpga_compositeGPBTctrl/GCC_Project/output/cli_platform.o
                0x0000000000000b64                CLI_task
 .text.CLI_time_now
                0x0000000000000b88        0x4 /media/coolbreeze413/GALACTICA/work/clients/quicklogic/qorc/github/qorc-sdk/qorc-onion-apps/qorc_fpga_compositeGPBTctrl/GCC_Project/output/cli_platform.o
                0x0000000000000b88                CLI_time_now
 .text.CLI_beep
                0x0000000000000b8c        0x6 /media/coolbreeze413/GALACTICA/work/clients/quicklogic/qorc/github/qorc-sdk/qorc-onion-apps/qorc_fpga_compositeGPBTctrl/GCC_Project/output/cli_platform.o
                0x0000000000000b8c                CLI_beep
 .text.CLI_timeout_expired
                0x0000000000000b92       0x22 /media/coolbreeze413/GALACTICA/work/clients/quicklogic/qorc/github/qorc-sdk/qorc-onion-apps/qorc_fpga_compositeGPBTctrl/GCC_Project/output/cli_platform.o
                0x0000000000000b92                CLI_timeout_expired
 .text.CLI_putc_raw
                0x0000000000000bb4        0x8 /media/coolbreeze413/GALACTICA/work/clients/quicklogic/qorc/github/qorc-sdk/qorc-onion-apps/qorc_fpga_compositeGPBTctrl/GCC_Project/output/cli_platform.o
                0x0000000000000bb4                CLI_putc_raw
 .text.CLI_getkey_raw
                0x0000000000000bbc       0x3c /media/coolbreeze413/GALACTICA/work/clients/quicklogic/qorc/github/qorc-sdk/qorc-onion-apps/qorc_fpga_compositeGPBTctrl/GCC_Project/output/cli_platform.o
                0x0000000000000bbc                CLI_getkey_raw
 .text.CLI_start_task
                0x0000000000000bf8       0x58 /media/coolbreeze413/GALACTICA/work/clients/quicklogic/qorc/github/qorc-sdk/qorc-onion-apps/qorc_fpga_compositeGPBTctrl/GCC_Project/output/cli_platform.o
                0x0000000000000bf8                CLI_start_task
 .text.__debug_lockup
                0x0000000000000c50       0x14 /media/coolbreeze413/GALACTICA/work/clients/quicklogic/qorc/github/qorc-sdk/qorc-onion-apps/qorc_fpga_compositeGPBTctrl/GCC_Project/output/dbg_uart.o
 .text._semihost_write
                0x0000000000000c64       0x54 /media/coolbreeze413/GALACTICA/work/clients/quicklogic/qorc/github/qorc-sdk/qorc-onion-apps/qorc_fpga_compositeGPBTctrl/GCC_Project/output/dbg_uart.o
                0x0000000000000c64                _semihost_write
 .text.dbg_ch_raw
                0x0000000000000cb8       0x74 /media/coolbreeze413/GALACTICA/work/clients/quicklogic/qorc/github/qorc-sdk/qorc-onion-apps/qorc_fpga_compositeGPBTctrl/GCC_Project/output/dbg_uart.o
                0x0000000000000cb8                dbg_ch_raw
 .text.dbg_nl   0x0000000000000d2c       0x12 /media/coolbreeze413/GALACTICA/work/clients/quicklogic/qorc/github/qorc-sdk/qorc-onion-apps/qorc_fpga_compositeGPBTctrl/GCC_Project/output/dbg_uart.o
                0x0000000000000d2c                dbg_nl
 .text.dbg_ch   0x0000000000000d3e        0xc /media/coolbreeze413/GALACTICA/work/clients/quicklogic/qorc/github/qorc-sdk/qorc-onion-apps/qorc_fpga_compositeGPBTctrl/GCC_Project/output/dbg_uart.o
                0x0000000000000d3e                dbg_ch
 .text.dbg_hex4
                0x0000000000000d4a       0x14 /media/coolbreeze413/GALACTICA/work/clients/quicklogic/qorc/github/qorc-sdk/qorc-onion-apps/qorc_fpga_compositeGPBTctrl/GCC_Project/output/dbg_uart.o
 .text.dbg_hex8
                0x0000000000000d5e       0x14 /media/coolbreeze413/GALACTICA/work/clients/quicklogic/qorc/github/qorc-sdk/qorc-onion-apps/qorc_fpga_compositeGPBTctrl/GCC_Project/output/dbg_uart.o
                0x0000000000000d5e                dbg_hex8
 .text.dbg_hex16
                0x0000000000000d72       0x14 /media/coolbreeze413/GALACTICA/work/clients/quicklogic/qorc/github/qorc-sdk/qorc-onion-apps/qorc_fpga_compositeGPBTctrl/GCC_Project/output/dbg_uart.o
                0x0000000000000d72                dbg_hex16
 .text.dbg_hex32
                0x0000000000000d86       0x14 /media/coolbreeze413/GALACTICA/work/clients/quicklogic/qorc/github/qorc-sdk/qorc-onion-apps/qorc_fpga_compositeGPBTctrl/GCC_Project/output/dbg_uart.o
                0x0000000000000d86                dbg_hex32
 .text._dbg_int
                0x0000000000000d9a       0x20 /media/coolbreeze413/GALACTICA/work/clients/quicklogic/qorc/github/qorc-sdk/qorc-onion-apps/qorc_fpga_compositeGPBTctrl/GCC_Project/output/dbg_uart.o
 .text.dbg_memdumpx
                0x0000000000000dba       0xea /media/coolbreeze413/GALACTICA/work/clients/quicklogic/qorc/github/qorc-sdk/qorc-onion-apps/qorc_fpga_compositeGPBTctrl/GCC_Project/output/dbg_uart.o
 .text.dbg_str  0x0000000000000ea4       0x84 /media/coolbreeze413/GALACTICA/work/clients/quicklogic/qorc/github/qorc-sdk/qorc-onion-apps/qorc_fpga_compositeGPBTctrl/GCC_Project/output/dbg_uart.o
                0x0000000000000ea4                dbg_str
 .text._dbg_str_xxx
                0x0000000000000f28       0x16 /media/coolbreeze413/GALACTICA/work/clients/quicklogic/qorc/github/qorc-sdk/qorc-onion-apps/qorc_fpga_compositeGPBTctrl/GCC_Project/output/dbg_uart.o
 .text.dbg_str_hexXX
                0x0000000000000f3e       0x22 /media/coolbreeze413/GALACTICA/work/clients/quicklogic/qorc/github/qorc-sdk/qorc-onion-apps/qorc_fpga_compositeGPBTctrl/GCC_Project/output/dbg_uart.o
 .text.dbg_int  0x0000000000000f60       0x24 /media/coolbreeze413/GALACTICA/work/clients/quicklogic/qorc/github/qorc-sdk/qorc-onion-apps/qorc_fpga_compositeGPBTctrl/GCC_Project/output/dbg_uart.o
                0x0000000000000f60                dbg_int
 .text.dbg_str_str
                0x0000000000000f84       0x16 /media/coolbreeze413/GALACTICA/work/clients/quicklogic/qorc/github/qorc-sdk/qorc-onion-apps/qorc_fpga_compositeGPBTctrl/GCC_Project/output/dbg_uart.o
                0x0000000000000f84                dbg_str_str
 .text.dbg_str_int
                0x0000000000000f9a       0x16 /media/coolbreeze413/GALACTICA/work/clients/quicklogic/qorc/github/qorc-sdk/qorc-onion-apps/qorc_fpga_compositeGPBTctrl/GCC_Project/output/dbg_uart.o
                0x0000000000000f9a                dbg_str_int
 .text.dbg_str_int_noln
                0x0000000000000fb0       0x12 /media/coolbreeze413/GALACTICA/work/clients/quicklogic/qorc/github/qorc-sdk/qorc-onion-apps/qorc_fpga_compositeGPBTctrl/GCC_Project/output/dbg_uart.o
                0x0000000000000fb0                dbg_str_int_noln
 *fill*         0x0000000000000fc2        0x2 
 .text.dbg_str_hex32
                0x0000000000000fc4        0xc /media/coolbreeze413/GALACTICA/work/clients/quicklogic/qorc/github/qorc-sdk/qorc-onion-apps/qorc_fpga_compositeGPBTctrl/GCC_Project/output/dbg_uart.o
                0x0000000000000fc4                dbg_str_hex32
 .text.dbg_fatal_error
                0x0000000000000fd0       0x12 /media/coolbreeze413/GALACTICA/work/clients/quicklogic/qorc/github/qorc-sdk/qorc-onion-apps/qorc_fpga_compositeGPBTctrl/GCC_Project/output/dbg_uart.o
                0x0000000000000fd0                dbg_fatal_error
 .text.dbg_fatal_error_int
                0x0000000000000fe2        0xe /media/coolbreeze413/GALACTICA/work/clients/quicklogic/qorc/github/qorc-sdk/qorc-onion-apps/qorc_fpga_compositeGPBTctrl/GCC_Project/output/dbg_uart.o
                0x0000000000000fe2                dbg_fatal_error_int
 .text.dbg_memdump32
                0x0000000000000ff0       0x1e /media/coolbreeze413/GALACTICA/work/clients/quicklogic/qorc/github/qorc-sdk/qorc-onion-apps/qorc_fpga_compositeGPBTctrl/GCC_Project/output/dbg_uart.o
                0x0000000000000ff0                dbg_memdump32
 *fill*         0x000000000000100e        0x2 
 .text.HAL_GPIO_Write
                0x0000000000001010       0x28 /media/coolbreeze413/GALACTICA/work/clients/quicklogic/qorc/github/qorc-sdk/qorc-onion-apps/qorc_fpga_compositeGPBTctrl/GCC_Project/output/eoss3_hal_gpio.o
                0x0000000000001010                HAL_GPIO_Write
 .text.HAL_PAD_Config
                0x0000000000001038      0x190 /media/coolbreeze413/GALACTICA/work/clients/quicklogic/qorc/github/qorc-sdk/qorc-onion-apps/qorc_fpga_compositeGPBTctrl/GCC_Project/output/eoss3_hal_pad_config.o
                0x0000000000001038                HAL_PAD_Config
 .text.configure_s3_pads
                0x00000000000011c8       0x1a /media/coolbreeze413/GALACTICA/work/clients/quicklogic/qorc/github/qorc-sdk/qorc-onion-apps/qorc_fpga_compositeGPBTctrl/GCC_Project/output/eoss3_hal_pad_config.o
                0x00000000000011c8                configure_s3_pads
 *fill*         0x00000000000011e2        0x2 
 .text.eoss3_rtc_enable_irq
                0x00000000000011e4       0x28 /media/coolbreeze413/GALACTICA/work/clients/quicklogic/qorc/github/qorc-sdk/qorc-onion-apps/qorc_fpga_compositeGPBTctrl/GCC_Project/output/eoss3_hal_rtc.o
 .text.write_rtc_reg
                0x000000000000120c       0x18 /media/coolbreeze413/GALACTICA/work/clients/quicklogic/qorc/github/qorc-sdk/qorc-onion-apps/qorc_fpga_compositeGPBTctrl/GCC_Project/output/eoss3_hal_rtc.o
 .text.__rtc_setup_alarm.isra.0
                0x0000000000001224       0x44 /media/coolbreeze413/GALACTICA/work/clients/quicklogic/qorc/github/qorc-sdk/qorc-onion-apps/qorc_fpga_compositeGPBTctrl/GCC_Project/output/eoss3_hal_rtc.o
 .text.HAL_RTC_ISR
                0x0000000000001268       0x24 /media/coolbreeze413/GALACTICA/work/clients/quicklogic/qorc/github/qorc-sdk/qorc-onion-apps/qorc_fpga_compositeGPBTctrl/GCC_Project/output/eoss3_hal_rtc.o
                0x0000000000001268                HAL_RTC_ISR
 .text.unlock_spi1_bus
                0x000000000000128c       0x58 /media/coolbreeze413/GALACTICA/work/clients/quicklogic/qorc/github/qorc-sdk/qorc-onion-apps/qorc_fpga_compositeGPBTctrl/GCC_Project/output/eoss3_hal_spi.o
                0x000000000000128c                unlock_spi1_bus
 .text.SPI_DMA_Complete
                0x00000000000012e4       0x88 /media/coolbreeze413/GALACTICA/work/clients/quicklogic/qorc/github/qorc-sdk/qorc-onion-apps/qorc_fpga_compositeGPBTctrl/GCC_Project/output/eoss3_hal_spi.o
                0x00000000000012e4                SPI_DMA_Complete
 .text.HAL_SPI_IRQHandler
                0x000000000000136c       0x6c /media/coolbreeze413/GALACTICA/work/clients/quicklogic/qorc/github/qorc-sdk/qorc-onion-apps/qorc_fpga_compositeGPBTctrl/GCC_Project/output/eoss3_hal_spi.o
                0x000000000000136c                HAL_SPI_IRQHandler
 .text.HAL_Delay_Init
                0x00000000000013d8       0x54 /media/coolbreeze413/GALACTICA/work/clients/quicklogic/qorc/github/qorc-sdk/qorc-onion-apps/qorc_fpga_compositeGPBTctrl/GCC_Project/output/eoss3_hal_timer.o
                0x00000000000013d8                HAL_Delay_Init
 .text.HAL_DelayUSec
                0x000000000000142c       0x28 /media/coolbreeze413/GALACTICA/work/clients/quicklogic/qorc/github/qorc-sdk/qorc-onion-apps/qorc_fpga_compositeGPBTctrl/GCC_Project/output/eoss3_hal_timer.o
                0x000000000000142c                HAL_DelayUSec
 .text.HAL_Timer_ISR
                0x0000000000001454       0x88 /media/coolbreeze413/GALACTICA/work/clients/quicklogic/qorc/github/qorc-sdk/qorc-onion-apps/qorc_fpga_compositeGPBTctrl/GCC_Project/output/eoss3_hal_timer.o
                0x0000000000001454                HAL_Timer_ISR
 .text.uart_baud_rate
                0x00000000000014dc       0x60 /media/coolbreeze413/GALACTICA/work/clients/quicklogic/qorc/github/qorc-sdk/qorc-onion-apps/qorc_fpga_compositeGPBTctrl/GCC_Project/output/eoss3_hal_uart.o
 .text.is_hw_uart_enabled
                0x000000000000153c       0x20 /media/coolbreeze413/GALACTICA/work/clients/quicklogic/qorc/github/qorc-sdk/qorc-onion-apps/qorc_fpga_compositeGPBTctrl/GCC_Project/output/eoss3_hal_uart.o
 .text.uart_disable
                0x000000000000155c       0x1c /media/coolbreeze413/GALACTICA/work/clients/quicklogic/qorc/github/qorc-sdk/qorc-onion-apps/qorc_fpga_compositeGPBTctrl/GCC_Project/output/eoss3_hal_uart.o
 .text.uart_lpm_callback
                0x0000000000001578       0x70 /media/coolbreeze413/GALACTICA/work/clients/quicklogic/qorc/github/qorc-sdk/qorc-onion-apps/qorc_fpga_compositeGPBTctrl/GCC_Project/output/eoss3_hal_uart.o
 .text.uart_init
                0x00000000000015e8      0x168 /media/coolbreeze413/GALACTICA/work/clients/quicklogic/qorc/github/qorc-sdk/qorc-onion-apps/qorc_fpga_compositeGPBTctrl/GCC_Project/output/eoss3_hal_uart.o
                0x00000000000015e8                uart_init
 .text.uart_isr_handler
                0x0000000000001750       0x84 /media/coolbreeze413/GALACTICA/work/clients/quicklogic/qorc/github/qorc-sdk/qorc-onion-apps/qorc_fpga_compositeGPBTctrl/GCC_Project/output/eoss3_hal_uart.o
                0x0000000000001750                uart_isr_handler
 .text.uart_tx_raw
                0x00000000000017d4       0x38 /media/coolbreeze413/GALACTICA/work/clients/quicklogic/qorc/github/qorc-sdk/qorc-onion-apps/qorc_fpga_compositeGPBTctrl/GCC_Project/output/eoss3_hal_uart.o
                0x00000000000017d4                uart_tx_raw
 .text.uart_tx  0x000000000000180c       0x1c /media/coolbreeze413/GALACTICA/work/clients/quicklogic/qorc/github/qorc-sdk/qorc-onion-apps/qorc_fpga_compositeGPBTctrl/GCC_Project/output/eoss3_hal_uart.o
                0x000000000000180c                uart_tx
 .text.uart_tx_buf
                0x0000000000001828       0x1a /media/coolbreeze413/GALACTICA/work/clients/quicklogic/qorc/github/qorc-sdk/qorc-onion-apps/qorc_fpga_compositeGPBTctrl/GCC_Project/output/eoss3_hal_uart.o
                0x0000000000001828                uart_tx_buf
 *fill*         0x0000000000001842        0x2 
 .text.uart_rx_wait
                0x0000000000001844       0x34 /media/coolbreeze413/GALACTICA/work/clients/quicklogic/qorc/github/qorc-sdk/qorc-onion-apps/qorc_fpga_compositeGPBTctrl/GCC_Project/output/eoss3_hal_uart.o
                0x0000000000001844                uart_rx_wait
 .text.uart_rx_available
                0x0000000000001878       0x34 /media/coolbreeze413/GALACTICA/work/clients/quicklogic/qorc/github/qorc-sdk/qorc-onion-apps/qorc_fpga_compositeGPBTctrl/GCC_Project/output/eoss3_hal_uart.o
                0x0000000000001878                uart_rx_available
 .text.uart_rx  0x00000000000018ac       0x60 /media/coolbreeze413/GALACTICA/work/clients/quicklogic/qorc/github/qorc-sdk/qorc-onion-apps/qorc_fpga_compositeGPBTctrl/GCC_Project/output/eoss3_hal_uart.o
                0x00000000000018ac                uart_rx
 .text.WDT_ISR  0x000000000000190c       0x8c /media/coolbreeze413/GALACTICA/work/clients/quicklogic/qorc/github/qorc-sdk/qorc-onion-apps/qorc_fpga_compositeGPBTctrl/GCC_Project/output/eoss3_hal_wdt.o
                0x000000000000190c                WDT_ISR
 .text.spurious_interrupt
                0x0000000000001998        0xc /media/coolbreeze413/GALACTICA/work/clients/quicklogic/qorc/github/qorc-sdk/qorc-onion-apps/qorc_fpga_compositeGPBTctrl/GCC_Project/output/exceptions.o
 .text.prvGetRegistersFromStack
                0x00000000000019a4       0xf0 /media/coolbreeze413/GALACTICA/work/clients/quicklogic/qorc/github/qorc-sdk/qorc-onion-apps/qorc_fpga_compositeGPBTctrl/GCC_Project/output/exceptions.o
                0x00000000000019a4                prvGetRegistersFromStack
 .text.HardFault_Handler
                0x0000000000001a94       0x16 /media/coolbreeze413/GALACTICA/work/clients/quicklogic/qorc/github/qorc-sdk/qorc-onion-apps/qorc_fpga_compositeGPBTctrl/GCC_Project/output/exceptions.o
                0x0000000000001a94                HardFault_Handler
 .text.NMI_Handler
                0x0000000000001aaa        0x6 /media/coolbreeze413/GALACTICA/work/clients/quicklogic/qorc/github/qorc-sdk/qorc-onion-apps/qorc_fpga_compositeGPBTctrl/GCC_Project/output/exceptions.o
                0x0000000000001aaa                NMI_Handler
 .text.MemManage_Handler
                0x0000000000001ab0        0x6 /media/coolbreeze413/GALACTICA/work/clients/quicklogic/qorc/github/qorc-sdk/qorc-onion-apps/qorc_fpga_compositeGPBTctrl/GCC_Project/output/exceptions.o
                0x0000000000001ab0                MemManage_Handler
 .text.BusFault_Handler
                0x0000000000001ab6        0x6 /media/coolbreeze413/GALACTICA/work/clients/quicklogic/qorc/github/qorc-sdk/qorc-onion-apps/qorc_fpga_compositeGPBTctrl/GCC_Project/output/exceptions.o
                0x0000000000001ab6                BusFault_Handler
 .text.UsageFault_Handler
                0x0000000000001abc        0x6 /media/coolbreeze413/GALACTICA/work/clients/quicklogic/qorc/github/qorc-sdk/qorc-onion-apps/qorc_fpga_compositeGPBTctrl/GCC_Project/output/exceptions.o
                0x0000000000001abc                UsageFault_Handler
 .text.DebugMon_Handler
                0x0000000000001ac2        0x6 /media/coolbreeze413/GALACTICA/work/clients/quicklogic/qorc/github/qorc-sdk/qorc-onion-apps/qorc_fpga_compositeGPBTctrl/GCC_Project/output/exceptions.o
                0x0000000000001ac2                DebugMon_Handler
 .text.Uart_Handler
                0x0000000000001ac8       0x50 /media/coolbreeze413/GALACTICA/work/clients/quicklogic/qorc/github/qorc-sdk/qorc-onion-apps/qorc_fpga_compositeGPBTctrl/GCC_Project/output/exceptions.o
                0x0000000000001ac8                Uart_Handler
 .text.Timer_Handler
                0x0000000000001b18       0x24 /media/coolbreeze413/GALACTICA/work/clients/quicklogic/qorc/github/qorc-sdk/qorc-onion-apps/qorc_fpga_compositeGPBTctrl/GCC_Project/output/exceptions.o
                0x0000000000001b18                Timer_Handler
 .text.CpuWdtInt_Handler
                0x0000000000001b3c       0x24 /media/coolbreeze413/GALACTICA/work/clients/quicklogic/qorc/github/qorc-sdk/qorc-onion-apps/qorc_fpga_compositeGPBTctrl/GCC_Project/output/exceptions.o
                0x0000000000001b3c                CpuWdtInt_Handler
 .text.CpuWdtRst_Handler
                0x0000000000001b60        0x6 /media/coolbreeze413/GALACTICA/work/clients/quicklogic/qorc/github/qorc-sdk/qorc-onion-apps/qorc_fpga_compositeGPBTctrl/GCC_Project/output/exceptions.o
                0x0000000000001b60                CpuWdtRst_Handler
 .text.BusTimeout_Handler
                0x0000000000001b66        0x6 /media/coolbreeze413/GALACTICA/work/clients/quicklogic/qorc/github/qorc-sdk/qorc-onion-apps/qorc_fpga_compositeGPBTctrl/GCC_Project/output/exceptions.o
                0x0000000000001b66                BusTimeout_Handler
 .text.Fpu_Handler
                0x0000000000001b6c        0x6 /media/coolbreeze413/GALACTICA/work/clients/quicklogic/qorc/github/qorc-sdk/qorc-onion-apps/qorc_fpga_compositeGPBTctrl/GCC_Project/output/exceptions.o
                0x0000000000001b6c                Fpu_Handler
 *fill*         0x0000000000001b72        0x2 
 .text.Pkfb_Handler
                0x0000000000001b74       0x10 /media/coolbreeze413/GALACTICA/work/clients/quicklogic/qorc/github/qorc-sdk/qorc-onion-apps/qorc_fpga_compositeGPBTctrl/GCC_Project/output/exceptions.o
                0x0000000000001b74                Pkfb_Handler
 .text.I2s_Handler
                0x0000000000001b84        0x6 /media/coolbreeze413/GALACTICA/work/clients/quicklogic/qorc/github/qorc-sdk/qorc-onion-apps/qorc_fpga_compositeGPBTctrl/GCC_Project/output/exceptions.o
                0x0000000000001b84                I2s_Handler
 .text.Audio_Handler
                0x0000000000001b8a        0x6 /media/coolbreeze413/GALACTICA/work/clients/quicklogic/qorc/github/qorc-sdk/qorc-onion-apps/qorc_fpga_compositeGPBTctrl/GCC_Project/output/exceptions.o
                0x0000000000001b8a                Audio_Handler
 .text.SpiMs_Handler
                0x0000000000001b90       0x5c /media/coolbreeze413/GALACTICA/work/clients/quicklogic/qorc/github/qorc-sdk/qorc-onion-apps/qorc_fpga_compositeGPBTctrl/GCC_Project/output/exceptions.o
                0x0000000000001b90                SpiMs_Handler
 .text.CfgDma_Handler
                0x0000000000001bec       0x28 /media/coolbreeze413/GALACTICA/work/clients/quicklogic/qorc/github/qorc-sdk/qorc-onion-apps/qorc_fpga_compositeGPBTctrl/GCC_Project/output/exceptions.o
                0x0000000000001bec                CfgDma_Handler
 .text.PmuTimer_Handler
                0x0000000000001c14        0x2 /media/coolbreeze413/GALACTICA/work/clients/quicklogic/qorc/github/qorc-sdk/qorc-onion-apps/qorc_fpga_compositeGPBTctrl/GCC_Project/output/exceptions.o
                0x0000000000001c14                PmuTimer_Handler
 .text.AdcDone_Handler
                0x0000000000001c16        0x8 /media/coolbreeze413/GALACTICA/work/clients/quicklogic/qorc/github/qorc-sdk/qorc-onion-apps/qorc_fpga_compositeGPBTctrl/GCC_Project/output/exceptions.o
                0x0000000000001c16                AdcDone_Handler
 *fill*         0x0000000000001c1e        0x2 
 .text.RtcAlarm_Handler
                0x0000000000001c20       0x1c /media/coolbreeze413/GALACTICA/work/clients/quicklogic/qorc/github/qorc-sdk/qorc-onion-apps/qorc_fpga_compositeGPBTctrl/GCC_Project/output/exceptions.o
                0x0000000000001c20                RtcAlarm_Handler
 .text.ResetInt_Handler
                0x0000000000001c3c        0x8 /media/coolbreeze413/GALACTICA/work/clients/quicklogic/qorc/github/qorc-sdk/qorc-onion-apps/qorc_fpga_compositeGPBTctrl/GCC_Project/output/exceptions.o
                0x0000000000001c3c                ResetInt_Handler
 .text.Ffe0_Handler
                0x0000000000001c44       0x18 /media/coolbreeze413/GALACTICA/work/clients/quicklogic/qorc/github/qorc-sdk/qorc-onion-apps/qorc_fpga_compositeGPBTctrl/GCC_Project/output/exceptions.o
                0x0000000000001c44                Ffe0_Handler
 .text.FbMsg_Handler
                0x0000000000001c5c       0x6c /media/coolbreeze413/GALACTICA/work/clients/quicklogic/qorc/github/qorc-sdk/qorc-onion-apps/qorc_fpga_compositeGPBTctrl/GCC_Project/output/exceptions.o
                0x0000000000001c5c                FbMsg_Handler
 .text.FB_RegisterISR
                0x0000000000001cc8       0x10 /media/coolbreeze413/GALACTICA/work/clients/quicklogic/qorc/github/qorc-sdk/qorc-onion-apps/qorc_fpga_compositeGPBTctrl/GCC_Project/output/exceptions.o
                0x0000000000001cc8                FB_RegisterISR
 .text.FB_ConfigureInterrupt
                0x0000000000001cd8       0x78 /media/coolbreeze413/GALACTICA/work/clients/quicklogic/qorc/github/qorc-sdk/qorc-onion-apps/qorc_fpga_compositeGPBTctrl/GCC_Project/output/exceptions.o
                0x0000000000001cd8                FB_ConfigureInterrupt
 .text.SensorGpio_Handler
                0x0000000000001d50        0x8 /media/coolbreeze413/GALACTICA/work/clients/quicklogic/qorc/github/qorc-sdk/qorc-onion-apps/qorc_fpga_compositeGPBTctrl/GCC_Project/output/exceptions.o
                0x0000000000001d50                SensorGpio_Handler
 .text.M4SramSleep_Handler
                0x0000000000001d58        0x8 /media/coolbreeze413/GALACTICA/work/clients/quicklogic/qorc/github/qorc-sdk/qorc-onion-apps/qorc_fpga_compositeGPBTctrl/GCC_Project/output/exceptions.o
                0x0000000000001d58                M4SramSleep_Handler
 .text.LDO30_PG_Handler
                0x0000000000001d60        0x8 /media/coolbreeze413/GALACTICA/work/clients/quicklogic/qorc/github/qorc-sdk/qorc-onion-apps/qorc_fpga_compositeGPBTctrl/GCC_Project/output/exceptions.o
                0x0000000000001d60                LDO30_PG_Handler
 .text.LDO50_PG_Handler
                0x0000000000001d68        0x8 /media/coolbreeze413/GALACTICA/work/clients/quicklogic/qorc/github/qorc-sdk/qorc-onion-apps/qorc_fpga_compositeGPBTctrl/GCC_Project/output/exceptions.o
                0x0000000000001d68                LDO50_PG_Handler
 .text.DMIC_Voice_Det_Handler
                0x0000000000001d70        0x8 /media/coolbreeze413/GALACTICA/work/clients/quicklogic/qorc/github/qorc-sdk/qorc-onion-apps/qorc_fpga_compositeGPBTctrl/GCC_Project/output/exceptions.o
                0x0000000000001d70                DMIC_Voice_Det_Handler
 .text.ApPDMClkOn_Handler
                0x0000000000001d78        0x8 /media/coolbreeze413/GALACTICA/work/clients/quicklogic/qorc/github/qorc-sdk/qorc-onion-apps/qorc_fpga_compositeGPBTctrl/GCC_Project/output/exceptions.o
                0x0000000000001d78                ApPDMClkOn_Handler
 .text.ApPDMClkOff_Handler
                0x0000000000001d80        0x8 /media/coolbreeze413/GALACTICA/work/clients/quicklogic/qorc/github/qorc-sdk/qorc-onion-apps/qorc_fpga_compositeGPBTctrl/GCC_Project/output/exceptions.o
                0x0000000000001d80                ApPDMClkOff_Handler
 .text.Dmac0BlkDone_Handler
                0x0000000000001d88        0x8 /media/coolbreeze413/GALACTICA/work/clients/quicklogic/qorc/github/qorc-sdk/qorc-onion-apps/qorc_fpga_compositeGPBTctrl/GCC_Project/output/exceptions.o
                0x0000000000001d88                Dmac0BlkDone_Handler
 .text.Dmac0BufDone_Handler
                0x0000000000001d90        0x8 /media/coolbreeze413/GALACTICA/work/clients/quicklogic/qorc/github/qorc-sdk/qorc-onion-apps/qorc_fpga_compositeGPBTctrl/GCC_Project/output/exceptions.o
                0x0000000000001d90                Dmac0BufDone_Handler
 .text.Dmac1BlkDone_Handler
                0x0000000000001d98        0x8 /media/coolbreeze413/GALACTICA/work/clients/quicklogic/qorc/github/qorc-sdk/qorc-onion-apps/qorc_fpga_compositeGPBTctrl/GCC_Project/output/exceptions.o
                0x0000000000001d98                Dmac1BlkDone_Handler
 .text.Dmac1BufDone_Handler
                0x0000000000001da0        0x8 /media/coolbreeze413/GALACTICA/work/clients/quicklogic/qorc/github/qorc-sdk/qorc-onion-apps/qorc_fpga_compositeGPBTctrl/GCC_Project/output/exceptions.o
                0x0000000000001da0                Dmac1BufDone_Handler
 .text.Sdma0Done_Handler
                0x0000000000001da8        0x8 /media/coolbreeze413/GALACTICA/work/clients/quicklogic/qorc/github/qorc-sdk/qorc-onion-apps/qorc_fpga_compositeGPBTctrl/GCC_Project/output/exceptions.o
                0x0000000000001da8                Sdma0Done_Handler
 .text.Sdma1Done_Handler
                0x0000000000001db0        0x8 /media/coolbreeze413/GALACTICA/work/clients/quicklogic/qorc/github/qorc-sdk/qorc-onion-apps/qorc_fpga_compositeGPBTctrl/GCC_Project/output/exceptions.o
                0x0000000000001db0                Sdma1Done_Handler
 .text.Sdma2Done_Handler
                0x0000000000001db8        0x8 /media/coolbreeze413/GALACTICA/work/clients/quicklogic/qorc/github/qorc-sdk/qorc-onion-apps/qorc_fpga_compositeGPBTctrl/GCC_Project/output/exceptions.o
                0x0000000000001db8                Sdma2Done_Handler
 .text.Sdma3Done_Handler
                0x0000000000001dc0        0x8 /media/coolbreeze413/GALACTICA/work/clients/quicklogic/qorc/github/qorc-sdk/qorc-onion-apps/qorc_fpga_compositeGPBTctrl/GCC_Project/output/exceptions.o
                0x0000000000001dc0                Sdma3Done_Handler
 .text.Sdma4Done_Handler
                0x0000000000001dc8        0x8 /media/coolbreeze413/GALACTICA/work/clients/quicklogic/qorc/github/qorc-sdk/qorc-onion-apps/qorc_fpga_compositeGPBTctrl/GCC_Project/output/exceptions.o
                0x0000000000001dc8                Sdma4Done_Handler
 .text.Sdma5Done_Handler
                0x0000000000001dd0        0x8 /media/coolbreeze413/GALACTICA/work/clients/quicklogic/qorc/github/qorc-sdk/qorc-onion-apps/qorc_fpga_compositeGPBTctrl/GCC_Project/output/exceptions.o
                0x0000000000001dd0                Sdma5Done_Handler
 .text.Sdma6Done_Handler
                0x0000000000001dd8        0x8 /media/coolbreeze413/GALACTICA/work/clients/quicklogic/qorc/github/qorc-sdk/qorc-onion-apps/qorc_fpga_compositeGPBTctrl/GCC_Project/output/exceptions.o
                0x0000000000001dd8                Sdma6Done_Handler
 .text.Sdma7Done_Handler
                0x0000000000001de0        0x8 /media/coolbreeze413/GALACTICA/work/clients/quicklogic/qorc/github/qorc-sdk/qorc-onion-apps/qorc_fpga_compositeGPBTctrl/GCC_Project/output/exceptions.o
                0x0000000000001de0                Sdma7Done_Handler
 .text.Sdma8Done_Handler
                0x0000000000001de8        0x8 /media/coolbreeze413/GALACTICA/work/clients/quicklogic/qorc/github/qorc-sdk/qorc-onion-apps/qorc_fpga_compositeGPBTctrl/GCC_Project/output/exceptions.o
                0x0000000000001de8                Sdma8Done_Handler
 .text.Sdma9Done_Handler
                0x0000000000001df0        0x8 /media/coolbreeze413/GALACTICA/work/clients/quicklogic/qorc/github/qorc-sdk/qorc-onion-apps/qorc_fpga_compositeGPBTctrl/GCC_Project/output/exceptions.o
                0x0000000000001df0                Sdma9Done_Handler
 .text.Sdma10Done_Handler
                0x0000000000001df8        0x8 /media/coolbreeze413/GALACTICA/work/clients/quicklogic/qorc/github/qorc-sdk/qorc-onion-apps/qorc_fpga_compositeGPBTctrl/GCC_Project/output/exceptions.o
                0x0000000000001df8                Sdma10Done_Handler
 .text.Sdma11Done_Handler
                0x0000000000001e00        0x8 /media/coolbreeze413/GALACTICA/work/clients/quicklogic/qorc/github/qorc-sdk/qorc-onion-apps/qorc_fpga_compositeGPBTctrl/GCC_Project/output/exceptions.o
                0x0000000000001e00                Sdma11Done_Handler
 .text.SdmaErr_Handler
                0x0000000000001e08        0x8 /media/coolbreeze413/GALACTICA/work/clients/quicklogic/qorc/github/qorc-sdk/qorc-onion-apps/qorc_fpga_compositeGPBTctrl/GCC_Project/output/exceptions.o
                0x0000000000001e08                SdmaErr_Handler
 .text.I2S_SlvM4TxOr_Handler
                0x0000000000001e10        0x8 /media/coolbreeze413/GALACTICA/work/clients/quicklogic/qorc/github/qorc-sdk/qorc-onion-apps/qorc_fpga_compositeGPBTctrl/GCC_Project/output/exceptions.o
                0x0000000000001e10                I2S_SlvM4TxOr_Handler
 .text.SRAM_128KB_Handler
                0x0000000000001e18        0x8 /media/coolbreeze413/GALACTICA/work/clients/quicklogic/qorc/github/qorc-sdk/qorc-onion-apps/qorc_fpga_compositeGPBTctrl/GCC_Project/output/exceptions.o
                0x0000000000001e18                SRAM_128KB_Handler
 .text.LPSD_Voice_Det_Handler
                0x0000000000001e20        0x8 /media/coolbreeze413/GALACTICA/work/clients/quicklogic/qorc/github/qorc-sdk/qorc-onion-apps/qorc_fpga_compositeGPBTctrl/GCC_Project/output/exceptions.o
                0x0000000000001e20                LPSD_Voice_Det_Handler
 .text.FfeWdt_Handler
                0x0000000000001e28        0x8 /media/coolbreeze413/GALACTICA/work/clients/quicklogic/qorc/github/qorc-sdk/qorc-onion-apps/qorc_fpga_compositeGPBTctrl/GCC_Project/output/exceptions.o
                0x0000000000001e28                FfeWdt_Handler
 .text.ApBoot_Handler
                0x0000000000001e30        0x8 /media/coolbreeze413/GALACTICA/work/clients/quicklogic/qorc/github/qorc-sdk/qorc-onion-apps/qorc_fpga_compositeGPBTctrl/GCC_Project/output/exceptions.o
                0x0000000000001e30                ApBoot_Handler
 .text.SwInt2_Handler
                0x0000000000001e38        0x8 /media/coolbreeze413/GALACTICA/work/clients/quicklogic/qorc/github/qorc-sdk/qorc-onion-apps/qorc_fpga_compositeGPBTctrl/GCC_Project/output/exceptions.o
                0x0000000000001e38                SwInt2_Handler
 .text.SwInt1_Handler
                0x0000000000001e40       0x24 /media/coolbreeze413/GALACTICA/work/clients/quicklogic/qorc/github/qorc-sdk/qorc-onion-apps/qorc_fpga_compositeGPBTctrl/GCC_Project/output/exceptions.o
                0x0000000000001e40                SwInt1_Handler
 .text.Ffe0Msg_Handler
                0x0000000000001e64        0x8 /media/coolbreeze413/GALACTICA/work/clients/quicklogic/qorc/github/qorc-sdk/qorc-onion-apps/qorc_fpga_compositeGPBTctrl/GCC_Project/output/exceptions.o
                0x0000000000001e64                Ffe0Msg_Handler
 .text.lpsdVoiceOffHandler
                0x0000000000001e6c        0x8 /media/coolbreeze413/GALACTICA/work/clients/quicklogic/qorc/github/qorc-sdk/qorc-onion-apps/qorc_fpga_compositeGPBTctrl/GCC_Project/output/exceptions.o
                0x0000000000001e6c                lpsdVoiceOffHandler
 .text.dmicVoiceOffHandler
                0x0000000000001e74        0x8 /media/coolbreeze413/GALACTICA/work/clients/quicklogic/qorc/github/qorc-sdk/qorc-onion-apps/qorc_fpga_compositeGPBTctrl/GCC_Project/output/exceptions.o
                0x0000000000001e74                dmicVoiceOffHandler
 .text.vApplicationMallocFailedHook
                0x0000000000001e7c       0x24 /media/coolbreeze413/GALACTICA/work/clients/quicklogic/qorc/github/qorc-sdk/qorc-onion-apps/qorc_fpga_compositeGPBTctrl/GCC_Project/output/exceptions.o
                0x0000000000001e7c                vApplicationMallocFailedHook
 .text.vApplicationStackOverflowHook
                0x0000000000001ea0       0x24 /media/coolbreeze413/GALACTICA/work/clients/quicklogic/qorc/github/qorc-sdk/qorc-onion-apps/qorc_fpga_compositeGPBTctrl/GCC_Project/output/exceptions.o
                0x0000000000001ea0                vApplicationStackOverflowHook
 .text.vApplicationTickHook
                0x0000000000001ec4        0x2 /media/coolbreeze413/GALACTICA/work/clients/quicklogic/qorc/github/qorc-sdk/qorc-onion-apps/qorc_fpga_compositeGPBTctrl/GCC_Project/output/exceptions.o
                0x0000000000001ec4                vApplicationTickHook
 .text.vApplicationIdleHook
                0x0000000000001ec6        0x2 /media/coolbreeze413/GALACTICA/work/clients/quicklogic/qorc/github/qorc-sdk/qorc-onion-apps/qorc_fpga_compositeGPBTctrl/GCC_Project/output/exceptions.o
                0x0000000000001ec6                vApplicationIdleHook
 .text.hal_fpga_onion_get_device_id
                0x0000000000001ec8        0xc /media/coolbreeze413/GALACTICA/work/clients/quicklogic/qorc/github/qorc-sdk/qorc-onion-apps/qorc_fpga_compositeGPBTctrl/GCC_Project/output/hal_fpga_onion.o
                0x0000000000001ec8                hal_fpga_onion_get_device_id
 .text.hal_fpga_onion_clock_cycles_for_msec
                0x0000000000001ed4       0x3c /media/coolbreeze413/GALACTICA/work/clients/quicklogic/qorc/github/qorc-sdk/qorc-onion-apps/qorc_fpga_compositeGPBTctrl/GCC_Project/output/hal_fpga_onion.o
                0x0000000000001ed4                hal_fpga_onion_clock_cycles_for_msec
 .text.hal_fpga_onion_msec_for_clock_cycles
                0x0000000000001f10       0x3c /media/coolbreeze413/GALACTICA/work/clients/quicklogic/qorc/github/qorc-sdk/qorc-onion-apps/qorc_fpga_compositeGPBTctrl/GCC_Project/output/hal_fpga_onion.o
                0x0000000000001f10                hal_fpga_onion_msec_for_clock_cycles
 .text.hal_fpga_onion_breathectrl_enable
                0x0000000000001f4c       0x5c /media/coolbreeze413/GALACTICA/work/clients/quicklogic/qorc/github/qorc-sdk/qorc-onion-apps/qorc_fpga_compositeGPBTctrl/GCC_Project/output/hal_fpga_onion_breathectrl.o
                0x0000000000001f4c                hal_fpga_onion_breathectrl_enable
 .text.hal_fpga_onion_breathectrl_disable
                0x0000000000001fa8       0x28 /media/coolbreeze413/GALACTICA/work/clients/quicklogic/qorc/github/qorc-sdk/qorc-onion-apps/qorc_fpga_compositeGPBTctrl/GCC_Project/output/hal_fpga_onion_breathectrl.o
                0x0000000000001fa8                hal_fpga_onion_breathectrl_disable
 .text.hal_fpga_onion_breathectrl_getval
                0x0000000000001fd0       0x38 /media/coolbreeze413/GALACTICA/work/clients/quicklogic/qorc/github/qorc-sdk/qorc-onion-apps/qorc_fpga_compositeGPBTctrl/GCC_Project/output/hal_fpga_onion_breathectrl.o
                0x0000000000001fd0                hal_fpga_onion_breathectrl_getval
 .text.hal_fpga_onion_gpioctrl_set_output
                0x0000000000002008       0x2c /media/coolbreeze413/GALACTICA/work/clients/quicklogic/qorc/github/qorc-sdk/qorc-onion-apps/qorc_fpga_compositeGPBTctrl/GCC_Project/output/hal_fpga_onion_gpioctrl.o
                0x0000000000002008                hal_fpga_onion_gpioctrl_set_output
 .text.hal_fpga_onion_gpioctrl_set_input
                0x0000000000002034       0x24 /media/coolbreeze413/GALACTICA/work/clients/quicklogic/qorc/github/qorc-sdk/qorc-onion-apps/qorc_fpga_compositeGPBTctrl/GCC_Project/output/hal_fpga_onion_gpioctrl.o
                0x0000000000002034                hal_fpga_onion_gpioctrl_set_input
 .text.hal_fpga_onion_gpioctrl_get_value
                0x0000000000002058       0x14 /media/coolbreeze413/GALACTICA/work/clients/quicklogic/qorc/github/qorc-sdk/qorc-onion-apps/qorc_fpga_compositeGPBTctrl/GCC_Project/output/hal_fpga_onion_gpioctrl.o
                0x0000000000002058                hal_fpga_onion_gpioctrl_get_value
 .text.hal_fpga_onion_pwmctrl_enable
                0x000000000000206c       0x34 /media/coolbreeze413/GALACTICA/work/clients/quicklogic/qorc/github/qorc-sdk/qorc-onion-apps/qorc_fpga_compositeGPBTctrl/GCC_Project/output/hal_fpga_onion_pwmctrl.o
                0x000000000000206c                hal_fpga_onion_pwmctrl_enable
 .text.hal_fpga_onion_pwmctrl_disable
                0x00000000000020a0       0x28 /media/coolbreeze413/GALACTICA/work/clients/quicklogic/qorc/github/qorc-sdk/qorc-onion-apps/qorc_fpga_compositeGPBTctrl/GCC_Project/output/hal_fpga_onion_pwmctrl.o
                0x00000000000020a0                hal_fpga_onion_pwmctrl_disable
 .text.hal_fpga_onion_pwmctrl_getval
                0x00000000000020c8       0x2c /media/coolbreeze413/GALACTICA/work/clients/quicklogic/qorc/github/qorc-sdk/qorc-onion-apps/qorc_fpga_compositeGPBTctrl/GCC_Project/output/hal_fpga_onion_pwmctrl.o
                0x00000000000020c8                hal_fpga_onion_pwmctrl_getval
 .text.hal_fpga_onion_timerctrl0_isr
                0x00000000000020f4       0x1c /media/coolbreeze413/GALACTICA/work/clients/quicklogic/qorc/github/qorc-sdk/qorc-onion-apps/qorc_fpga_compositeGPBTctrl/GCC_Project/output/hal_fpga_onion_timerctrl.o
                0x00000000000020f4                hal_fpga_onion_timerctrl0_isr
 .text.hal_fpga_onion_timerctrl_init
                0x0000000000002110       0x30 /media/coolbreeze413/GALACTICA/work/clients/quicklogic/qorc/github/qorc-sdk/qorc-onion-apps/qorc_fpga_compositeGPBTctrl/GCC_Project/output/hal_fpga_onion_timerctrl.o
                0x0000000000002110                hal_fpga_onion_timerctrl_init
 .text.hal_fpga_onion_timerctrl_enable
                0x0000000000002140       0x28 /media/coolbreeze413/GALACTICA/work/clients/quicklogic/qorc/github/qorc-sdk/qorc-onion-apps/qorc_fpga_compositeGPBTctrl/GCC_Project/output/hal_fpga_onion_timerctrl.o
                0x0000000000002140                hal_fpga_onion_timerctrl_enable
 .text.hal_fpga_onion_timerctrl_disable
                0x0000000000002168       0x14 /media/coolbreeze413/GALACTICA/work/clients/quicklogic/qorc/github/qorc-sdk/qorc-onion-apps/qorc_fpga_compositeGPBTctrl/GCC_Project/output/hal_fpga_onion_timerctrl.o
                0x0000000000002168                hal_fpga_onion_timerctrl_disable
 .text.hal_fpga_onion_timerctrl_getval
                0x000000000000217c       0x1c /media/coolbreeze413/GALACTICA/work/clients/quicklogic/qorc/github/qorc-sdk/qorc-onion-apps/qorc_fpga_compositeGPBTctrl/GCC_Project/output/hal_fpga_onion_timerctrl.o
                0x000000000000217c                hal_fpga_onion_timerctrl_getval
 .text.prvInsertBlockIntoFreeList
                0x0000000000002198       0x74 /media/coolbreeze413/GALACTICA/work/clients/quicklogic/qorc/github/qorc-sdk/qorc-onion-apps/qorc_fpga_compositeGPBTctrl/GCC_Project/output/heap_4.o
 .text.pvPortMalloc
                0x000000000000220c      0x198 /media/coolbreeze413/GALACTICA/work/clients/quicklogic/qorc/github/qorc-sdk/qorc-onion-apps/qorc_fpga_compositeGPBTctrl/GCC_Project/output/heap_4.o
                0x000000000000220c                pvPortMalloc
 .text.vPortFree
                0x00000000000023a4       0xa0 /media/coolbreeze413/GALACTICA/work/clients/quicklogic/qorc/github/qorc-sdk/qorc-onion-apps/qorc_fpga_compositeGPBTctrl/GCC_Project/output/heap_4.o
                0x00000000000023a4                vPortFree
 .text.vListInitialise
                0x0000000000002444       0x16 /media/coolbreeze413/GALACTICA/work/clients/quicklogic/qorc/github/qorc-sdk/qorc-onion-apps/qorc_fpga_compositeGPBTctrl/GCC_Project/output/list.o
                0x0000000000002444                vListInitialise
 .text.vListInitialiseItem
                0x000000000000245a        0x6 /media/coolbreeze413/GALACTICA/work/clients/quicklogic/qorc/github/qorc-sdk/qorc-onion-apps/qorc_fpga_compositeGPBTctrl/GCC_Project/output/list.o
                0x000000000000245a                vListInitialiseItem
 .text.vListInsertEnd
                0x0000000000002460       0x18 /media/coolbreeze413/GALACTICA/work/clients/quicklogic/qorc/github/qorc-sdk/qorc-onion-apps/qorc_fpga_compositeGPBTctrl/GCC_Project/output/list.o
                0x0000000000002460                vListInsertEnd
 .text.vListInsert
                0x0000000000002478       0x2e /media/coolbreeze413/GALACTICA/work/clients/quicklogic/qorc/github/qorc-sdk/qorc-onion-apps/qorc_fpga_compositeGPBTctrl/GCC_Project/output/list.o
                0x0000000000002478                vListInsert
 .text.uxListRemove
                0x00000000000024a6       0x20 /media/coolbreeze413/GALACTICA/work/clients/quicklogic/qorc/github/qorc-sdk/qorc-onion-apps/qorc_fpga_compositeGPBTctrl/GCC_Project/output/list.o
                0x00000000000024a6                uxListRemove
 *fill*         0x00000000000024c6        0x2 
 .text.startup.main
                0x00000000000024c8      0x204 /media/coolbreeze413/GALACTICA/work/clients/quicklogic/qorc/github/qorc-sdk/qorc-onion-apps/qorc_fpga_compositeGPBTctrl/GCC_Project/output/main.o
                0x00000000000024c8                main
 .text.SystemInit
                0x00000000000026cc        0x2 /media/coolbreeze413/GALACTICA/work/clients/quicklogic/qorc/github/qorc-sdk/qorc-onion-apps/qorc_fpga_compositeGPBTctrl/GCC_Project/output/main.o
                0x00000000000026cc                SystemInit
 *fill*         0x00000000000026ce        0x2 
 .text.get_gpio_value
                0x00000000000026d0       0x34 /media/coolbreeze413/GALACTICA/work/clients/quicklogic/qorc/github/qorc-sdk/qorc-onion-apps/qorc_fpga_compositeGPBTctrl/GCC_Project/output/main_dbg_cli_menu.o
 .text.set_gpio_input
                0x0000000000002704       0x20 /media/coolbreeze413/GALACTICA/work/clients/quicklogic/qorc/github/qorc-sdk/qorc-onion-apps/qorc_fpga_compositeGPBTctrl/GCC_Project/output/main_dbg_cli_menu.o
 .text.set_gpio_output
                0x0000000000002724       0x34 /media/coolbreeze413/GALACTICA/work/clients/quicklogic/qorc/github/qorc-sdk/qorc-onion-apps/qorc_fpga_compositeGPBTctrl/GCC_Project/output/main_dbg_cli_menu.o
 .text.get_pwm_value
                0x0000000000002758       0x4c /media/coolbreeze413/GALACTICA/work/clients/quicklogic/qorc/github/qorc-sdk/qorc-onion-apps/qorc_fpga_compositeGPBTctrl/GCC_Project/output/main_dbg_cli_menu.o
 .text.disable_pwm_output
                0x00000000000027a4       0x20 /media/coolbreeze413/GALACTICA/work/clients/quicklogic/qorc/github/qorc-sdk/qorc-onion-apps/qorc_fpga_compositeGPBTctrl/GCC_Project/output/main_dbg_cli_menu.o
 .text.enable_pwm_output
                0x00000000000027c4       0x34 /media/coolbreeze413/GALACTICA/work/clients/quicklogic/qorc/github/qorc-sdk/qorc-onion-apps/qorc_fpga_compositeGPBTctrl/GCC_Project/output/main_dbg_cli_menu.o
 .text.get_breathe_value
                0x00000000000027f8       0x3c /media/coolbreeze413/GALACTICA/work/clients/quicklogic/qorc/github/qorc-sdk/qorc-onion-apps/qorc_fpga_compositeGPBTctrl/GCC_Project/output/main_dbg_cli_menu.o
 .text.disable_breathe_output
                0x0000000000002834       0x20 /media/coolbreeze413/GALACTICA/work/clients/quicklogic/qorc/github/qorc-sdk/qorc-onion-apps/qorc_fpga_compositeGPBTctrl/GCC_Project/output/main_dbg_cli_menu.o
 .text.enable_breathe_output
                0x0000000000002854       0x34 /media/coolbreeze413/GALACTICA/work/clients/quicklogic/qorc/github/qorc-sdk/qorc-onion-apps/qorc_fpga_compositeGPBTctrl/GCC_Project/output/main_dbg_cli_menu.o
 .text.get_timer_value
                0x0000000000002888       0x3c /media/coolbreeze413/GALACTICA/work/clients/quicklogic/qorc/github/qorc-sdk/qorc-onion-apps/qorc_fpga_compositeGPBTctrl/GCC_Project/output/main_dbg_cli_menu.o
 .text.disable_timer_output
                0x00000000000028c4       0x20 /media/coolbreeze413/GALACTICA/work/clients/quicklogic/qorc/github/qorc-sdk/qorc-onion-apps/qorc_fpga_compositeGPBTctrl/GCC_Project/output/main_dbg_cli_menu.o
 .text.enable_timer_output
                0x00000000000028e4       0x34 /media/coolbreeze413/GALACTICA/work/clients/quicklogic/qorc/github/qorc-sdk/qorc-onion-apps/qorc_fpga_compositeGPBTctrl/GCC_Project/output/main_dbg_cli_menu.o
 .text.minimal_taskfunc_timerctrl0_mon
                0x0000000000002918       0x50 /media/coolbreeze413/GALACTICA/work/clients/quicklogic/qorc/github/qorc-sdk/qorc-onion-apps/qorc_fpga_compositeGPBTctrl/GCC_Project/output/minimal_task.o
                0x0000000000002918                minimal_taskfunc_timerctrl0_mon
 .text.minimal_task_init_timerctrl0_mon
                0x0000000000002968       0x3c /media/coolbreeze413/GALACTICA/work/clients/quicklogic/qorc/github/qorc-sdk/qorc-onion-apps/qorc_fpga_compositeGPBTctrl/GCC_Project/output/minimal_task.o
                0x0000000000002968                minimal_task_init_timerctrl0_mon
 .text.minimal_task_sendmsg_timerctrl0_mon
                0x00000000000029a4       0x20 /media/coolbreeze413/GALACTICA/work/clients/quicklogic/qorc/github/qorc-sdk/qorc-onion-apps/qorc_fpga_compositeGPBTctrl/GCC_Project/output/minimal_task.o
                0x00000000000029a4                minimal_task_sendmsg_timerctrl0_mon
 .text.minimal_task_sendmsgFromISR_timerctrl0_mon
                0x00000000000029c4       0x3c /media/coolbreeze413/GALACTICA/work/clients/quicklogic/qorc/github/qorc-sdk/qorc-onion-apps/qorc_fpga_compositeGPBTctrl/GCC_Project/output/minimal_task.o
                0x00000000000029c4                minimal_task_sendmsgFromISR_timerctrl0_mon
 .text.prvPortStartFirstTask
                0x0000000000002a00       0x28 /media/coolbreeze413/GALACTICA/work/clients/quicklogic/qorc/github/qorc-sdk/qorc-onion-apps/qorc_fpga_compositeGPBTctrl/GCC_Project/output/port.o
 .text.vPortEnableVFP
                0x0000000000002a28       0x14 /media/coolbreeze413/GALACTICA/work/clients/quicklogic/qorc/github/qorc-sdk/qorc-onion-apps/qorc_fpga_compositeGPBTctrl/GCC_Project/output/port.o
 .text.prvTaskExitError
                0x0000000000002a3c       0x50 /media/coolbreeze413/GALACTICA/work/clients/quicklogic/qorc/github/qorc-sdk/qorc-onion-apps/qorc_fpga_compositeGPBTctrl/GCC_Project/output/port.o
 .text.pxPortInitialiseStack
                0x0000000000002a8c       0x2c /media/coolbreeze413/GALACTICA/work/clients/quicklogic/qorc/github/qorc-sdk/qorc-onion-apps/qorc_fpga_compositeGPBTctrl/GCC_Project/output/port.o
                0x0000000000002a8c                pxPortInitialiseStack
 *fill*         0x0000000000002ab8        0x8 
 .text.SVC_Handler
                0x0000000000002ac0       0x24 /media/coolbreeze413/GALACTICA/work/clients/quicklogic/qorc/github/qorc-sdk/qorc-onion-apps/qorc_fpga_compositeGPBTctrl/GCC_Project/output/port.o
                0x0000000000002ac0                SVC_Handler
 .text.vPortEnterCritical
                0x0000000000002ae4       0x58 /media/coolbreeze413/GALACTICA/work/clients/quicklogic/qorc/github/qorc-sdk/qorc-onion-apps/qorc_fpga_compositeGPBTctrl/GCC_Project/output/port.o
                0x0000000000002ae4                vPortEnterCritical
 .text.vPortExitCritical
                0x0000000000002b3c       0x3c /media/coolbreeze413/GALACTICA/work/clients/quicklogic/qorc/github/qorc-sdk/qorc-onion-apps/qorc_fpga_compositeGPBTctrl/GCC_Project/output/port.o
                0x0000000000002b3c                vPortExitCritical
 *fill*         0x0000000000002b78        0x8 
 .text.PendSV_Handler
                0x0000000000002b80       0x64 /media/coolbreeze413/GALACTICA/work/clients/quicklogic/qorc/github/qorc-sdk/qorc-onion-apps/qorc_fpga_compositeGPBTctrl/GCC_Project/output/port.o
                0x0000000000002b80                PendSV_Handler
 .text.xPortSysTickHandler
                0x0000000000002be4       0x2c /media/coolbreeze413/GALACTICA/work/clients/quicklogic/qorc/github/qorc-sdk/qorc-onion-apps/qorc_fpga_compositeGPBTctrl/GCC_Project/output/port.o
                0x0000000000002be4                xPortSysTickHandler
 .text.xPortStartScheduler
                0x0000000000002c10      0x158 /media/coolbreeze413/GALACTICA/work/clients/quicklogic/qorc/github/qorc-sdk/qorc-onion-apps/qorc_fpga_compositeGPBTctrl/GCC_Project/output/port.o
                0x0000000000002c10                xPortStartScheduler
 .text.vPortValidateInterruptPriority
                0x0000000000002d68       0x7c /media/coolbreeze413/GALACTICA/work/clients/quicklogic/qorc/github/qorc-sdk/qorc-onion-apps/qorc_fpga_compositeGPBTctrl/GCC_Project/output/port.o
                0x0000000000002d68                vPortValidateInterruptPriority
 .text.system_init
                0x0000000000002de4       0x6c /media/coolbreeze413/GALACTICA/work/clients/quicklogic/qorc/github/qorc-sdk/qorc-onion-apps/qorc_fpga_compositeGPBTctrl/GCC_Project/output/qf_hardwaresetup.o
                0x0000000000002de4                system_init
 .text.qf_hardwareSetup
                0x0000000000002e50       0x78 /media/coolbreeze413/GALACTICA/work/clients/quicklogic/qorc/github/qorc-sdk/qorc-onion-apps/qorc_fpga_compositeGPBTctrl/GCC_Project/output/qf_hardwaresetup.o
                0x0000000000002e50                qf_hardwareSetup
 .text.prvIsQueueEmpty
                0x0000000000002ec8       0x16 /media/coolbreeze413/GALACTICA/work/clients/quicklogic/qorc/github/qorc-sdk/qorc-onion-apps/qorc_fpga_compositeGPBTctrl/GCC_Project/output/queue.o
 .text.prvCopyDataToQueue
                0x0000000000002ede       0x78 /media/coolbreeze413/GALACTICA/work/clients/quicklogic/qorc/github/qorc-sdk/qorc-onion-apps/qorc_fpga_compositeGPBTctrl/GCC_Project/output/queue.o
 .text.prvCopyDataFromQueue
                0x0000000000002f56       0x2c /media/coolbreeze413/GALACTICA/work/clients/quicklogic/qorc/github/qorc-sdk/qorc-onion-apps/qorc_fpga_compositeGPBTctrl/GCC_Project/output/queue.o
 .text.prvUnlockQueue
                0x0000000000002f82       0x70 /media/coolbreeze413/GALACTICA/work/clients/quicklogic/qorc/github/qorc-sdk/qorc-onion-apps/qorc_fpga_compositeGPBTctrl/GCC_Project/output/queue.o
 *fill*         0x0000000000002ff2        0x2 
 .text.xQueueGenericReset
                0x0000000000002ff4       0x90 /media/coolbreeze413/GALACTICA/work/clients/quicklogic/qorc/github/qorc-sdk/qorc-onion-apps/qorc_fpga_compositeGPBTctrl/GCC_Project/output/queue.o
                0x0000000000002ff4                xQueueGenericReset
 .text.xQueueGenericCreate
                0x0000000000003084       0x74 /media/coolbreeze413/GALACTICA/work/clients/quicklogic/qorc/github/qorc-sdk/qorc-onion-apps/qorc_fpga_compositeGPBTctrl/GCC_Project/output/queue.o
                0x0000000000003084                xQueueGenericCreate
 .text.xQueueGenericSend
                0x00000000000030f8      0x19c /media/coolbreeze413/GALACTICA/work/clients/quicklogic/qorc/github/qorc-sdk/qorc-onion-apps/qorc_fpga_compositeGPBTctrl/GCC_Project/output/queue.o
                0x00000000000030f8                xQueueGenericSend
 .text.xQueueGenericSendFromISR
                0x0000000000003294       0xf0 /media/coolbreeze413/GALACTICA/work/clients/quicklogic/qorc/github/qorc-sdk/qorc-onion-apps/qorc_fpga_compositeGPBTctrl/GCC_Project/output/queue.o
                0x0000000000003294                xQueueGenericSendFromISR
 .text.xQueueGenericSendFromISRDebug
                0x0000000000003384       0x30 /media/coolbreeze413/GALACTICA/work/clients/quicklogic/qorc/github/qorc-sdk/qorc-onion-apps/qorc_fpga_compositeGPBTctrl/GCC_Project/output/queue.o
                0x0000000000003384                xQueueGenericSendFromISRDebug
 .text.xQueueGiveFromISR
                0x00000000000033b4       0xdc /media/coolbreeze413/GALACTICA/work/clients/quicklogic/qorc/github/qorc-sdk/qorc-onion-apps/qorc_fpga_compositeGPBTctrl/GCC_Project/output/queue.o
                0x00000000000033b4                xQueueGiveFromISR
 .text.xQueueReceive
                0x0000000000003490      0x160 /media/coolbreeze413/GALACTICA/work/clients/quicklogic/qorc/github/qorc-sdk/qorc-onion-apps/qorc_fpga_compositeGPBTctrl/GCC_Project/output/queue.o
                0x0000000000003490                xQueueReceive
 .text.xQueueSemaphoreTake
                0x00000000000035f0      0x1b0 /media/coolbreeze413/GALACTICA/work/clients/quicklogic/qorc/github/qorc-sdk/qorc-onion-apps/qorc_fpga_compositeGPBTctrl/GCC_Project/output/queue.o
                0x00000000000035f0                xQueueSemaphoreTake
 .text.xQueuePeek
                0x00000000000037a0      0x160 /media/coolbreeze413/GALACTICA/work/clients/quicklogic/qorc/github/qorc-sdk/qorc-onion-apps/qorc_fpga_compositeGPBTctrl/GCC_Project/output/queue.o
                0x00000000000037a0                xQueuePeek
 .text.uxQueueMessagesWaiting
                0x0000000000003900       0x3c /media/coolbreeze413/GALACTICA/work/clients/quicklogic/qorc/github/qorc-sdk/qorc-onion-apps/qorc_fpga_compositeGPBTctrl/GCC_Project/output/queue.o
                0x0000000000003900                uxQueueMessagesWaiting
 .text.vQueueAddToRegistry
                0x000000000000393c       0x24 /media/coolbreeze413/GALACTICA/work/clients/quicklogic/qorc/github/qorc-sdk/qorc-onion-apps/qorc_fpga_compositeGPBTctrl/GCC_Project/output/queue.o
                0x000000000000393c                vQueueAddToRegistry
 .text.vQueueWaitForMessageRestricted
                0x0000000000003960       0x46 /media/coolbreeze413/GALACTICA/work/clients/quicklogic/qorc/github/qorc-sdk/qorc-onion-apps/qorc_fpga_compositeGPBTctrl/GCC_Project/output/queue.o
                0x0000000000003960                vQueueWaitForMessageRestricted
 .text.s3x_clkd_write_div
                0x00000000000039a6       0xa8 /media/coolbreeze413/GALACTICA/work/clients/quicklogic/qorc/github/qorc-sdk/qorc-onion-apps/qorc_fpga_compositeGPBTctrl/GCC_Project/output/s3x_clock.o
 .text.s3x_clkd_read_div
                0x0000000000003a4e       0x44 /media/coolbreeze413/GALACTICA/work/clients/quicklogic/qorc/github/qorc-sdk/qorc-onion-apps/qorc_fpga_compositeGPBTctrl/GCC_Project/output/s3x_clock.o
 *fill*         0x0000000000003a92        0x2 
 .text.s3x_clkd_cal_div.part.0
                0x0000000000003a94       0x30 /media/coolbreeze413/GALACTICA/work/clients/quicklogic/qorc/github/qorc-sdk/qorc-onion-apps/qorc_fpga_compositeGPBTctrl/GCC_Project/output/s3x_clock.o
 .text.S3x_Id_To_Domain
                0x0000000000003ac4       0x1c /media/coolbreeze413/GALACTICA/work/clients/quicklogic/qorc/github/qorc-sdk/qorc-onion-apps/qorc_fpga_compositeGPBTctrl/GCC_Project/output/s3x_clock.o
                0x0000000000003ac4                S3x_Id_To_Domain
 .text.S3x_Clkd_Get_Cpu_Rate
                0x0000000000003ae0        0xc /media/coolbreeze413/GALACTICA/work/clients/quicklogic/qorc/github/qorc-sdk/qorc-onion-apps/qorc_fpga_compositeGPBTctrl/GCC_Project/output/s3x_clock.o
                0x0000000000003ae0                S3x_Clkd_Get_Cpu_Rate
 .text.s3x_clkd_get_init_rate
                0x0000000000003aec       0x28 /media/coolbreeze413/GALACTICA/work/clients/quicklogic/qorc/github/qorc-sdk/qorc-onion-apps/qorc_fpga_compositeGPBTctrl/GCC_Project/output/s3x_clock.o
                0x0000000000003aec                s3x_clkd_get_init_rate
 .text.s3x_clkd_update_div_val
                0x0000000000003b14       0x4c /media/coolbreeze413/GALACTICA/work/clients/quicklogic/qorc/github/qorc-sdk/qorc-onion-apps/qorc_fpga_compositeGPBTctrl/GCC_Project/output/s3x_clock.o
                0x0000000000003b14                s3x_clkd_update_div_val
 .text.s3x_clkd_update_fd_rate
                0x0000000000003b60        0xe /media/coolbreeze413/GALACTICA/work/clients/quicklogic/qorc/github/qorc-sdk/qorc-onion-apps/qorc_fpga_compositeGPBTctrl/GCC_Project/output/s3x_clock.o
                0x0000000000003b60                s3x_clkd_update_fd_rate
 *fill*         0x0000000000003b6e        0x2 
 .text.s3x_clkd_update_sd_div
                0x0000000000003b70       0x5c /media/coolbreeze413/GALACTICA/work/clients/quicklogic/qorc/github/qorc-sdk/qorc-onion-apps/qorc_fpga_compositeGPBTctrl/GCC_Project/output/s3x_clock.o
 .text.s3x_clkd_update_all_src_div
                0x0000000000003bcc       0xd0 /media/coolbreeze413/GALACTICA/work/clients/quicklogic/qorc/github/qorc-sdk/qorc-onion-apps/qorc_fpga_compositeGPBTctrl/GCC_Project/output/s3x_clock.o
                0x0000000000003bcc                s3x_clkd_update_all_src_div
 .text.S3x_Clkd_Get_Hsosc_Rate
                0x0000000000003c9c       0x34 /media/coolbreeze413/GALACTICA/work/clients/quicklogic/qorc/github/qorc-sdk/qorc-onion-apps/qorc_fpga_compositeGPBTctrl/GCC_Project/output/s3x_clock.o
                0x0000000000003c9c                S3x_Clkd_Get_Hsosc_Rate
 .text.s3x_clkd_get_active_HSOSC_qos
                0x0000000000003cd0        0xc /media/coolbreeze413/GALACTICA/work/clients/quicklogic/qorc/github/qorc-sdk/qorc-onion-apps/qorc_fpga_compositeGPBTctrl/GCC_Project/output/s3x_clock.o
                0x0000000000003cd0                s3x_clkd_get_active_HSOSC_qos
 .text.S3x_Clkd_Change_Hsosc
                0x0000000000003cdc       0x70 /media/coolbreeze413/GALACTICA/work/clients/quicklogic/qorc/github/qorc-sdk/qorc-onion-apps/qorc_fpga_compositeGPBTctrl/GCC_Project/output/s3x_clock.o
                0x0000000000003cdc                S3x_Clkd_Change_Hsosc
 .text.s3x_clkd_get_src_rate
                0x0000000000003d4c       0x12 /media/coolbreeze413/GALACTICA/work/clients/quicklogic/qorc/github/qorc-sdk/qorc-onion-apps/qorc_fpga_compositeGPBTctrl/GCC_Project/output/s3x_clock.o
                0x0000000000003d4c                s3x_clkd_get_src_rate
 *fill*         0x0000000000003d5e        0x2 
 .text.s3x_clkd_get_div
                0x0000000000003d60       0x74 /media/coolbreeze413/GALACTICA/work/clients/quicklogic/qorc/github/qorc-sdk/qorc-onion-apps/qorc_fpga_compositeGPBTctrl/GCC_Project/output/s3x_clock.o
                0x0000000000003d60                s3x_clkd_get_div
 .text.s3x_clkd_srate
                0x0000000000003dd4      0x134 /media/coolbreeze413/GALACTICA/work/clients/quicklogic/qorc/github/qorc-sdk/qorc-onion-apps/qorc_fpga_compositeGPBTctrl/GCC_Project/output/s3x_clock.o
 .text.s3x_clkd_grate
                0x0000000000003f08       0x68 /media/coolbreeze413/GALACTICA/work/clients/quicklogic/qorc/github/qorc-sdk/qorc-onion-apps/qorc_fpga_compositeGPBTctrl/GCC_Project/output/s3x_clock.o
 .text.s3x_clkd_set_src_div_st
                0x0000000000003f70       0x4c /media/coolbreeze413/GALACTICA/work/clients/quicklogic/qorc/github/qorc-sdk/qorc-onion-apps/qorc_fpga_compositeGPBTctrl/GCC_Project/output/s3x_clock.o
 .text.s3x_update_clk_rate
                0x0000000000003fbc       0xb0 /media/coolbreeze413/GALACTICA/work/clients/quicklogic/qorc/github/qorc-sdk/qorc-onion-apps/qorc_fpga_compositeGPBTctrl/GCC_Project/output/s3x_clock.o
                0x0000000000003fbc                s3x_update_clk_rate
 .text.s3x_clkd_get_gate_mask_st
                0x000000000000406c       0x16 /media/coolbreeze413/GALACTICA/work/clients/quicklogic/qorc/github/qorc-sdk/qorc-onion-apps/qorc_fpga_compositeGPBTctrl/GCC_Project/output/s3x_clock.o
                0x000000000000406c                s3x_clkd_get_gate_mask_st
 *fill*         0x0000000000004082        0x2 
 .text.s3x_clkd_set_gate_mask
                0x0000000000004084       0x50 /media/coolbreeze413/GALACTICA/work/clients/quicklogic/qorc/github/qorc-sdk/qorc-onion-apps/qorc_fpga_compositeGPBTctrl/GCC_Project/output/s3x_clock.o
                0x0000000000004084                s3x_clkd_set_gate_mask
 .text.s3x_clkd_enable_gate
                0x00000000000040d4       0x68 /media/coolbreeze413/GALACTICA/work/clients/quicklogic/qorc/github/qorc-sdk/qorc-onion-apps/qorc_fpga_compositeGPBTctrl/GCC_Project/output/s3x_clock.o
 .text.s3x_clkd_disable_gate
                0x000000000000413c       0x54 /media/coolbreeze413/GALACTICA/work/clients/quicklogic/qorc/github/qorc-sdk/qorc-onion-apps/qorc_fpga_compositeGPBTctrl/GCC_Project/output/s3x_clock.o
 .text._S3x_Clk_Enable
                0x0000000000004190       0xb8 /media/coolbreeze413/GALACTICA/work/clients/quicklogic/qorc/github/qorc-sdk/qorc-onion-apps/qorc_fpga_compositeGPBTctrl/GCC_Project/output/s3x_clock.o
                0x0000000000004190                _S3x_Clk_Enable
 .text._S3x_Clk_Disable
                0x0000000000004248       0xc8 /media/coolbreeze413/GALACTICA/work/clients/quicklogic/qorc/github/qorc-sdk/qorc-onion-apps/qorc_fpga_compositeGPBTctrl/GCC_Project/output/s3x_clock.o
                0x0000000000004248                _S3x_Clk_Disable
 .text._S3x_Clk_Get_Status
                0x0000000000004310       0x2c /media/coolbreeze413/GALACTICA/work/clients/quicklogic/qorc/github/qorc-sdk/qorc-onion-apps/qorc_fpga_compositeGPBTctrl/GCC_Project/output/s3x_clock.o
                0x0000000000004310                _S3x_Clk_Get_Status
 .text._S3x_Clk_Get_Rate
                0x000000000000433c       0x28 /media/coolbreeze413/GALACTICA/work/clients/quicklogic/qorc/github/qorc-sdk/qorc-onion-apps/qorc_fpga_compositeGPBTctrl/GCC_Project/output/s3x_clock.o
                0x000000000000433c                _S3x_Clk_Get_Rate
 .text._S3x_Clk_Set_Rate
                0x0000000000004364       0x48 /media/coolbreeze413/GALACTICA/work/clients/quicklogic/qorc/github/qorc-sdk/qorc-onion-apps/qorc_fpga_compositeGPBTctrl/GCC_Project/output/s3x_clock.o
                0x0000000000004364                _S3x_Clk_Set_Rate
 .text.S3x_Clk_Init
                0x00000000000043ac      0x15c /media/coolbreeze413/GALACTICA/work/clients/quicklogic/qorc/github/qorc-sdk/qorc-onion-apps/qorc_fpga_compositeGPBTctrl/GCC_Project/output/s3x_clock.o
                0x00000000000043ac                S3x_Clk_Init
 .text.S3x_Clk_Enable
                0x0000000000004508        0x4 /media/coolbreeze413/GALACTICA/work/clients/quicklogic/qorc/github/qorc-sdk/qorc-onion-apps/qorc_fpga_compositeGPBTctrl/GCC_Project/output/s3x_clock_hal.o
                0x0000000000004508                S3x_Clk_Enable
 .text.S3x_Clk_Disable
                0x000000000000450c        0x4 /media/coolbreeze413/GALACTICA/work/clients/quicklogic/qorc/github/qorc-sdk/qorc-onion-apps/qorc_fpga_compositeGPBTctrl/GCC_Project/output/s3x_clock_hal.o
                0x000000000000450c                S3x_Clk_Disable
 .text.S3x_Clk_Get_Rate
                0x0000000000004510        0x4 /media/coolbreeze413/GALACTICA/work/clients/quicklogic/qorc/github/qorc-sdk/qorc-onion-apps/qorc_fpga_compositeGPBTctrl/GCC_Project/output/s3x_clock_hal.o
                0x0000000000004510                S3x_Clk_Get_Rate
 .text.DFS_cpuload
                0x0000000000004514       0x4c /media/coolbreeze413/GALACTICA/work/clients/quicklogic/qorc/github/qorc-sdk/qorc-onion-apps/qorc_fpga_compositeGPBTctrl/GCC_Project/output/s3x_cpuload.o
                0x0000000000004514                DFS_cpuload
 .text.DFS_updatesleepticks
                0x0000000000004560       0x10 /media/coolbreeze413/GALACTICA/work/clients/quicklogic/qorc/github/qorc-sdk/qorc-onion-apps/qorc_fpga_compositeGPBTctrl/GCC_Project/output/s3x_cpuload.o
                0x0000000000004560                DFS_updatesleepticks
 .text.DFS_resetsleepticks
                0x0000000000004570        0xc /media/coolbreeze413/GALACTICA/work/clients/quicklogic/qorc/github/qorc-sdk/qorc-onion-apps/qorc_fpga_compositeGPBTctrl/GCC_Project/output/s3x_cpuload.o
                0x0000000000004570                DFS_resetsleepticks
 .text.DFS_UpdateTimer
                0x000000000000457c       0x5c /media/coolbreeze413/GALACTICA/work/clients/quicklogic/qorc/github/qorc-sdk/qorc-onion-apps/qorc_fpga_compositeGPBTctrl/GCC_Project/output/s3x_dfs.o
 .text.DFS_StartTimer
                0x00000000000045d8       0x88 /media/coolbreeze413/GALACTICA/work/clients/quicklogic/qorc/github/qorc-sdk/qorc-onion-apps/qorc_fpga_compositeGPBTctrl/GCC_Project/output/s3x_dfs.o
                0x00000000000045d8                DFS_StartTimer
 .text.s3x_suspend_dfs
                0x0000000000004660        0xc /media/coolbreeze413/GALACTICA/work/clients/quicklogic/qorc/github/qorc-sdk/qorc-onion-apps/qorc_fpga_compositeGPBTctrl/GCC_Project/output/s3x_dfs.o
                0x0000000000004660                s3x_suspend_dfs
 .text.S3x_Set_Policy
                0x000000000000466c      0x108 /media/coolbreeze413/GALACTICA/work/clients/quicklogic/qorc/github/qorc-sdk/qorc-onion-apps/qorc_fpga_compositeGPBTctrl/GCC_Project/output/s3x_dfs.o
                0x000000000000466c                S3x_Set_Policy
 .text.S3x_get_max_rate_dfs_node
                0x0000000000004774       0x28 /media/coolbreeze413/GALACTICA/work/clients/quicklogic/qorc/github/qorc-sdk/qorc-onion-apps/qorc_fpga_compositeGPBTctrl/GCC_Project/output/s3x_dfs.o
                0x0000000000004774                S3x_get_max_rate_dfs_node
 .text.S3x_Stepup_Policy
                0x000000000000479c       0x7c /media/coolbreeze413/GALACTICA/work/clients/quicklogic/qorc/github/qorc-sdk/qorc-onion-apps/qorc_fpga_compositeGPBTctrl/GCC_Project/output/s3x_dfs.o
 .text.DFS_TimerCB
                0x0000000000004818        0xe /media/coolbreeze413/GALACTICA/work/clients/quicklogic/qorc/github/qorc-sdk/qorc-onion-apps/qorc_fpga_compositeGPBTctrl/GCC_Project/output/s3x_dfs.o
 *fill*         0x0000000000004826        0x2 
 .text.DFS_AlignPolicy
                0x0000000000004828       0x38 /media/coolbreeze413/GALACTICA/work/clients/quicklogic/qorc/github/qorc-sdk/qorc-onion-apps/qorc_fpga_compositeGPBTctrl/GCC_Project/output/s3x_dfs.o
                0x0000000000004828                DFS_AlignPolicy
 .text.S3x_Reduce_Hsosc
                0x0000000000004860       0x50 /media/coolbreeze413/GALACTICA/work/clients/quicklogic/qorc/github/qorc-sdk/qorc-onion-apps/qorc_fpga_compositeGPBTctrl/GCC_Project/output/s3x_dfs.o
                0x0000000000004860                S3x_Reduce_Hsosc
 .text.DFS_fPolicyHasDeepSleep
                0x00000000000048b0       0x1c /media/coolbreeze413/GALACTICA/work/clients/quicklogic/qorc/github/qorc-sdk/qorc-onion-apps/qorc_fpga_compositeGPBTctrl/GCC_Project/output/s3x_dfs.o
                0x00000000000048b0                DFS_fPolicyHasDeepSleep
 .text.DFS_SwitchToSleepPolicy
                0x00000000000048cc       0x7c /media/coolbreeze413/GALACTICA/work/clients/quicklogic/qorc/github/qorc-sdk/qorc-onion-apps/qorc_fpga_compositeGPBTctrl/GCC_Project/output/s3x_dfs.o
                0x00000000000048cc                DFS_SwitchToSleepPolicy
 .text.DFS_RestoreFromSleep
                0x0000000000004948       0x34 /media/coolbreeze413/GALACTICA/work/clients/quicklogic/qorc/github/qorc-sdk/qorc-onion-apps/qorc_fpga_compositeGPBTctrl/GCC_Project/output/s3x_dfs.o
                0x0000000000004948                DFS_RestoreFromSleep
 .text.s3x_get_index_in_dfs_node
                0x000000000000497c       0x20 /media/coolbreeze413/GALACTICA/work/clients/quicklogic/qorc/github/qorc-sdk/qorc-onion-apps/qorc_fpga_compositeGPBTctrl/GCC_Project/output/s3x_dfs.o
                0x000000000000497c                s3x_get_index_in_dfs_node
 .text.s3x_get_policy_max_rate
                0x000000000000499c       0x2c /media/coolbreeze413/GALACTICA/work/clients/quicklogic/qorc/github/qorc-sdk/qorc-onion-apps/qorc_fpga_compositeGPBTctrl/GCC_Project/output/s3x_dfs.o
                0x000000000000499c                s3x_get_policy_max_rate
 .text.S3x_Is_Dfs_En
                0x00000000000049c8       0x10 /media/coolbreeze413/GALACTICA/work/clients/quicklogic/qorc/github/qorc-sdk/qorc-onion-apps/qorc_fpga_compositeGPBTctrl/GCC_Project/output/s3x_dfs.o
                0x00000000000049c8                S3x_Is_Dfs_En
 .text.S3x_Set_Dfs_st
                0x00000000000049d8        0xc /media/coolbreeze413/GALACTICA/work/clients/quicklogic/qorc/github/qorc-sdk/qorc-onion-apps/qorc_fpga_compositeGPBTctrl/GCC_Project/output/s3x_dfs.o
                0x00000000000049d8                S3x_Set_Dfs_st
 .text.DFS_Get_Curr_Policy
                0x00000000000049e4        0xc /media/coolbreeze413/GALACTICA/work/clients/quicklogic/qorc/github/qorc-sdk/qorc-onion-apps/qorc_fpga_compositeGPBTctrl/GCC_Project/output/s3x_dfs.o
                0x00000000000049e4                DFS_Get_Curr_Policy
 .text.DFS_Initialize