Archive member included to satisfy reference by file (symbol)

/media/coolbreeze413/GALACTICA/work/clients/quicklogic/qorc/github/qorc-sdk/arm_toolchain_install/gcc-arm-none-eabi-9-2020-q2-update/bin/../lib/gcc/arm-none-eabi/9.3.1/thumb/v7e-m+fp/hard/libgcc.a(_arm_muldf3.o)
                              /media/coolbreeze413/GALACTICA/work/clients/quicklogic/qorc/github/qorc-sdk/qorc-onion-apps/qorc_bootloader_cli/GCC_Project/output/ql_test_signals.o (__aeabi_dmul)
/media/coolbreeze413/GALACTICA/work/clients/quicklogic/qorc/github/qorc-sdk/arm_toolchain_install/gcc-arm-none-eabi-9-2020-q2-update/bin/../lib/gcc/arm-none-eabi/9.3.1/thumb/v7e-m+fp/hard/libgcc.a(_arm_addsubdf3.o)
                              /media/coolbreeze413/GALACTICA/work/clients/quicklogic/qorc/github/qorc-sdk/qorc-onion-apps/qorc_bootloader_cli/GCC_Project/output/ql_test_signals.o (__aeabi_dadd)
/media/coolbreeze413/GALACTICA/work/clients/quicklogic/qorc/github/qorc-sdk/arm_toolchain_install/gcc-arm-none-eabi-9-2020-q2-update/bin/../lib/gcc/arm-none-eabi/9.3.1/thumb/v7e-m+fp/hard/libgcc.a(_arm_muldivdf3.o)
                              /media/coolbreeze413/GALACTICA/work/clients/quicklogic/qorc/github/qorc-sdk/qorc-onion-apps/qorc_bootloader_cli/GCC_Project/output/eoss3_hal_i2c.o (__aeabi_ddiv)
/media/coolbreeze413/GALACTICA/work/clients/quicklogic/qorc/github/qorc-sdk/arm_toolchain_install/gcc-arm-none-eabi-9-2020-q2-update/bin/../lib/gcc/arm-none-eabi/9.3.1/thumb/v7e-m+fp/hard/libgcc.a(_arm_fixdfsi.o)
                              /media/coolbreeze413/GALACTICA/work/clients/quicklogic/qorc/github/qorc-sdk/qorc-onion-apps/qorc_bootloader_cli/GCC_Project/output/ql_test_signals.o (__aeabi_d2iz)
/media/coolbreeze413/GALACTICA/work/clients/quicklogic/qorc/github/qorc-sdk/arm_toolchain_install/gcc-arm-none-eabi-9-2020-q2-update/bin/../lib/gcc/arm-none-eabi/9.3.1/thumb/v7e-m+fp/hard/libgcc.a(_arm_truncdfsf2.o)
                              /media/coolbreeze413/GALACTICA/work/clients/quicklogic/qorc/github/qorc-sdk/qorc-onion-apps/qorc_bootloader_cli/GCC_Project/output/eoss3_hal_i2c.o (__aeabi_d2f)
/media/coolbreeze413/GALACTICA/work/clients/quicklogic/qorc/github/qorc-sdk/arm_toolchain_install/gcc-arm-none-eabi-9-2020-q2-update/bin/../lib/gcc/arm-none-eabi/9.3.1/thumb/v7e-m+fp/hard/libgcc.a(_aeabi_ldivmod.o)
                              /media/coolbreeze413/GALACTICA/work/clients/quicklogic/qorc/github/qorc-sdk/qorc-onion-apps/qorc_bootloader_cli/GCC_Project/output/dbg_uart.o (__aeabi_ldivmod)
/media/coolbreeze413/GALACTICA/work/clients/quicklogic/qorc/github/qorc-sdk/arm_toolchain_install/gcc-arm-none-eabi-9-2020-q2-update/bin/../lib/gcc/arm-none-eabi/9.3.1/thumb/v7e-m+fp/hard/libgcc.a(_aeabi_uldivmod.o)
                              /media/coolbreeze413/GALACTICA/work/clients/quicklogic/qorc/github/qorc-sdk/qorc-onion-apps/qorc_bootloader_cli/GCC_Project/output/s3x_lpm.o (__aeabi_uldivmod)
/media/coolbreeze413/GALACTICA/work/clients/quicklogic/qorc/github/qorc-sdk/arm_toolchain_install/gcc-arm-none-eabi-9-2020-q2-update/bin/../lib/gcc/arm-none-eabi/9.3.1/thumb/v7e-m+fp/hard/libgcc.a(_udivmoddi4.o)
                              /media/coolbreeze413/GALACTICA/work/clients/quicklogic/qorc/github/qorc-sdk/arm_toolchain_install/gcc-arm-none-eabi-9-2020-q2-update/bin/../lib/gcc/arm-none-eabi/9.3.1/thumb/v7e-m+fp/hard/libgcc.a(_aeabi_ldivmod.o) (__udivmoddi4)
/media/coolbreeze413/GALACTICA/work/clients/quicklogic/qorc/github/qorc-sdk/arm_toolchain_install/gcc-arm-none-eabi-9-2020-q2-update/bin/../lib/gcc/arm-none-eabi/9.3.1/thumb/v7e-m+fp/hard/libgcc.a(_dvmd_tls.o)
                              /media/coolbreeze413/GALACTICA/work/clients/quicklogic/qorc/github/qorc-sdk/arm_toolchain_install/gcc-arm-none-eabi-9-2020-q2-update/bin/../lib/gcc/arm-none-eabi/9.3.1/thumb/v7e-m+fp/hard/libgcc.a(_aeabi_ldivmod.o) (__aeabi_ldiv0)
/media/coolbreeze413/GALACTICA/work/clients/quicklogic/qorc/github/qorc-sdk/arm_toolchain_install/gcc-arm-none-eabi-9-2020-q2-update/bin/../lib/gcc/arm-none-eabi/9.3.1/../../../../arm-none-eabi/lib/thumb/v7e-m+fp/hard/libg_nano.a(lib_a-exit.o)
                              /media/coolbreeze413/GALACTICA/work/clients/quicklogic/qorc/github/qorc-sdk/arm_toolchain_install/gcc-arm-none-eabi-9-2020-q2-update/bin/../lib/gcc/arm-none-eabi/9.3.1/../../../../arm-none-eabi/lib/thumb/v7e-m+fp/hard/crt0.o (exit)
/media/coolbreeze413/GALACTICA/work/clients/quicklogic/qorc/github/qorc-sdk/arm_toolchain_install/gcc-arm-none-eabi-9-2020-q2-update/bin/../lib/gcc/arm-none-eabi/9.3.1/../../../../arm-none-eabi/lib/thumb/v7e-m+fp/hard/libg_nano.a(lib_a-impure.o)
                              /media/coolbreeze413/GALACTICA/work/clients/quicklogic/qorc/github/qorc-sdk/arm_toolchain_install/gcc-arm-none-eabi-9-2020-q2-update/bin/../lib/gcc/arm-none-eabi/9.3.1/../../../../arm-none-eabi/lib/thumb/v7e-m+fp/hard/libg_nano.a(lib_a-exit.o) (_global_impure_ptr)
[...]
Memory Configuration

Name             Origin             Length             Attributes
rom              0x0000000020000000 0x000000000000a900 xr
ram              0x000000002000a900 0x0000000000005700 xrw
stack            0x000000002007e000 0x0000000000001000
LOADER           0x000000002007f200 0x0000000000000e00 xr
*default*        0x0000000000000000 0xffffffffffffffff

Linker script and memory map

LOAD /media/coolbreeze413/GALACTICA/work/clients/quicklogic/qorc/github/qorc-sdk/arm_toolchain_install/gcc-arm-none-eabi-9-2020-q2-update/bin/../lib/gcc/arm-none-eabi/9.3.1/thumb/v7e-m+fp/hard/crti.o
LOAD /media/coolbreeze413/GALACTICA/work/clients/quicklogic/qorc/github/qorc-sdk/arm_toolchain_install/gcc-arm-none-eabi-9-2020-q2-update/bin/../lib/gcc/arm-none-eabi/9.3.1/thumb/v7e-m+fp/hard/crtbegin.o
LOAD /media/coolbreeze413/GALACTICA/work/clients/quicklogic/qorc/github/qorc-sdk/arm_toolchain_install/gcc-arm-none-eabi-9-2020-q2-update/bin/../lib/gcc/arm-none-eabi/9.3.1/../../../../arm-none-eabi/lib/thumb/v7e-m+fp/hard/crt0.o
LOAD /media/coolbreeze413/GALACTICA/work/clients/quicklogic/qorc/github/qorc-sdk/qorc-onion-apps/qorc_bootloader_cli/GCC_Project/output/appfpga_loader.o
LOAD /media/coolbreeze413/GALACTICA/work/clients/quicklogic/qorc/github/qorc-sdk/qorc-onion-apps/qorc_bootloader_cli/GCC_Project/output/bootloader_task.o
LOAD /media/coolbreeze413/GALACTICA/work/clients/quicklogic/qorc/github/qorc-sdk/qorc-onion-apps/qorc_bootloader_cli/GCC_Project/output/c_lib_retarget.o
LOAD /media/coolbreeze413/GALACTICA/work/clients/quicklogic/qorc/github/qorc-sdk/qorc-onion-apps/qorc_bootloader_cli/GCC_Project/output/circularBuffQueue.o
LOAD /media/coolbreeze413/GALACTICA/work/clients/quicklogic/qorc/github/qorc-sdk/qorc-onion-apps/qorc_bootloader_cli/GCC_Project/output/cli_args.o
LOAD /media/coolbreeze413/GALACTICA/work/clients/quicklogic/qorc/github/qorc-sdk/qorc-onion-apps/qorc_bootloader_cli/GCC_Project/output/cli_hexdump.o
LOAD /media/coolbreeze413/GALACTICA/work/clients/quicklogic/qorc/github/qorc-sdk/qorc-onion-apps/qorc_bootloader_cli/GCC_Project/output/cli_io.o
LOAD /media/coolbreeze413/GALACTICA/work/clients/quicklogic/qorc/github/qorc-sdk/qorc-onion-apps/qorc_bootloader_cli/GCC_Project/output/cli_loop.o
LOAD /media/coolbreeze413/GALACTICA/work/clients/quicklogic/qorc/github/qorc-sdk/qorc-onion-apps/qorc_bootloader_cli/GCC_Project/output/cli_misc.o
LOAD /media/coolbreeze413/GALACTICA/work/clients/quicklogic/qorc/github/qorc-sdk/qorc-onion-apps/qorc_bootloader_cli/GCC_Project/output/cli_platform.o
LOAD /media/coolbreeze413/GALACTICA/work/clients/quicklogic/qorc/github/qorc-sdk/qorc-onion-apps/qorc_bootloader_cli/GCC_Project/output/cli_stdcmds.o
LOAD /media/coolbreeze413/GALACTICA/work/clients/quicklogic/qorc/github/qorc-sdk/qorc-onion-apps/qorc_bootloader_cli/GCC_Project/output/crc16.o
LOAD /media/coolbreeze413/GALACTICA/work/clients/quicklogic/qorc/github/qorc-sdk/qorc-onion-apps/qorc_bootloader_cli/GCC_Project/output/crc32.o
LOAD /media/coolbreeze413/GALACTICA/work/clients/quicklogic/qorc/github/qorc-sdk/qorc-onion-apps/qorc_bootloader_cli/GCC_Project/output/croutine.o
LOAD /media/coolbreeze413/GALACTICA/work/clients/quicklogic/qorc/github/qorc-sdk/qorc-onion-apps/qorc_bootloader_cli/GCC_Project/output/dbg_bufferedprinttask.o
LOAD /media/coolbreeze413/GALACTICA/work/clients/quicklogic/qorc/github/qorc-sdk/qorc-onion-apps/qorc_bootloader_cli/GCC_Project/output/dbg_queue_monitor.o
LOAD /media/coolbreeze413/GALACTICA/work/clients/quicklogic/qorc/github/qorc-sdk/qorc-onion-apps/qorc_bootloader_cli/GCC_Project/output/dbg_uart.o
LOAD /media/coolbreeze413/GALACTICA/work/clients/quicklogic/qorc/github/qorc-sdk/qorc-onion-apps/qorc_bootloader_cli/GCC_Project/output/dbgtrace.o
LOAD /media/coolbreeze413/GALACTICA/work/clients/quicklogic/qorc/github/qorc-sdk/qorc-onion-apps/qorc_bootloader_cli/GCC_Project/output/eoss3_hal_adc.o
LOAD /media/coolbreeze413/GALACTICA/work/clients/quicklogic/qorc/github/qorc-sdk/qorc-onion-apps/qorc_bootloader_cli/GCC_Project/output/eoss3_hal_fpga_usbserial.o
LOAD /media/coolbreeze413/GALACTICA/work/clients/quicklogic/qorc/github/qorc-sdk/qorc-onion-apps/qorc_bootloader_cli/GCC_Project/output/eoss3_hal_gpio.o
LOAD /media/coolbreeze413/GALACTICA/work/clients/quicklogic/qorc/github/qorc-sdk/qorc-onion-apps/qorc_bootloader_cli/GCC_Project/output/eoss3_hal_i2c.o
LOAD /media/coolbreeze413/GALACTICA/work/clients/quicklogic/qorc/github/qorc-sdk/qorc-onion-apps/qorc_bootloader_cli/GCC_Project/output/eoss3_hal_pad_config.o
LOAD /media/coolbreeze413/GALACTICA/work/clients/quicklogic/qorc/github/qorc-sdk/qorc-onion-apps/qorc_bootloader_cli/GCC_Project/output/eoss3_hal_pkfb.o
LOAD /media/coolbreeze413/GALACTICA/work/clients/quicklogic/qorc/github/qorc-sdk/qorc-onion-apps/qorc_bootloader_cli/GCC_Project/output/eoss3_hal_rtc.o
LOAD /media/coolbreeze413/GALACTICA/work/clients/quicklogic/qorc/github/qorc-sdk/qorc-onion-apps/qorc_bootloader_cli/GCC_Project/output/eoss3_hal_sdma.o
LOAD /media/coolbreeze413/GALACTICA/work/clients/quicklogic/qorc/github/qorc-sdk/qorc-onion-apps/qorc_bootloader_cli/GCC_Project/output/eoss3_hal_spi.o
LOAD /media/coolbreeze413/GALACTICA/work/clients/quicklogic/qorc/github/qorc-sdk/qorc-onion-apps/qorc_bootloader_cli/GCC_Project/output/eoss3_hal_timer.o
LOAD /media/coolbreeze413/GALACTICA/work/clients/quicklogic/qorc/github/qorc-sdk/qorc-onion-apps/qorc_bootloader_cli/GCC_Project/output/eoss3_hal_uart.o
LOAD /media/coolbreeze413/GALACTICA/work/clients/quicklogic/qorc/github/qorc-sdk/qorc-onion-apps/qorc_bootloader_cli/GCC_Project/output/eoss3_hal_wb.o
LOAD /media/coolbreeze413/GALACTICA/work/clients/quicklogic/qorc/github/qorc-sdk/qorc-onion-apps/qorc_bootloader_cli/GCC_Project/output/eoss3_hal_wdt.o
LOAD /media/coolbreeze413/GALACTICA/work/clients/quicklogic/qorc/github/qorc-sdk/qorc-onion-apps/qorc_bootloader_cli/GCC_Project/output/event_groups.o
LOAD /media/coolbreeze413/GALACTICA/work/clients/quicklogic/qorc/github/qorc-sdk/qorc-onion-apps/qorc_bootloader_cli/GCC_Project/output/exceptions.o
LOAD /media/coolbreeze413/GALACTICA/work/clients/quicklogic/qorc/github/qorc-sdk/qorc-onion-apps/qorc_bootloader_cli/GCC_Project/output/fpga_loader.o
LOAD /media/coolbreeze413/GALACTICA/work/clients/quicklogic/qorc/github/qorc-sdk/qorc-onion-apps/qorc_bootloader_cli/GCC_Project/output/freertos_static_memory.o
LOAD /media/coolbreeze413/GALACTICA/work/clients/quicklogic/qorc/github/qorc-sdk/qorc-onion-apps/qorc_bootloader_cli/GCC_Project/output/heap_1.o
LOAD /media/coolbreeze413/GALACTICA/work/clients/quicklogic/qorc/github/qorc-sdk/qorc-onion-apps/qorc_bootloader_cli/GCC_Project/output/hearable_pwrcfg.o
LOAD /media/coolbreeze413/GALACTICA/work/clients/quicklogic/qorc/github/qorc-sdk/qorc-onion-apps/qorc_bootloader_cli/GCC_Project/output/leds.o
LOAD /media/coolbreeze413/GALACTICA/work/clients/quicklogic/qorc/github/qorc-sdk/qorc-onion-apps/qorc_bootloader_cli/GCC_Project/output/list.o
LOAD /media/coolbreeze413/GALACTICA/work/clients/quicklogic/qorc/github/qorc-sdk/qorc-onion-apps/qorc_bootloader_cli/GCC_Project/output/m4_app_loader.o
LOAD /media/coolbreeze413/GALACTICA/work/clients/quicklogic/qorc/github/qorc-sdk/qorc-onion-apps/qorc_bootloader_cli/GCC_Project/output/main.o
LOAD /media/coolbreeze413/GALACTICA/work/clients/quicklogic/qorc/github/qorc-sdk/qorc-onion-apps/qorc_bootloader_cli/GCC_Project/output/main_dbg_cli_menu.o
LOAD /media/coolbreeze413/GALACTICA/work/clients/quicklogic/qorc/github/qorc-sdk/qorc-onion-apps/qorc_bootloader_cli/GCC_Project/output/pincfg_table.o
LOAD /media/coolbreeze413/GALACTICA/work/clients/quicklogic/qorc/github/qorc-sdk/qorc-onion-apps/qorc_bootloader_cli/GCC_Project/output/port.o
LOAD /media/coolbreeze413/GALACTICA/work/clients/quicklogic/qorc/github/qorc-sdk/qorc-onion-apps/qorc_bootloader_cli/GCC_Project/output/program_flash.o
LOAD /media/coolbreeze413/GALACTICA/work/clients/quicklogic/qorc/github/qorc-sdk/qorc-onion-apps/qorc_bootloader_cli/GCC_Project/output/qf_hardwaresetup.o
LOAD /media/coolbreeze413/GALACTICA/work/clients/quicklogic/qorc/github/qorc-sdk/qorc-onion-apps/qorc_bootloader_cli/GCC_Project/output/ql_base64.o
LOAD /media/coolbreeze413/GALACTICA/work/clients/quicklogic/qorc/github/qorc-sdk/qorc-onion-apps/qorc_bootloader_cli/GCC_Project/output/ql_stackwatermark.o
LOAD /media/coolbreeze413/GALACTICA/work/clients/quicklogic/qorc/github/qorc-sdk/qorc-onion-apps/qorc_bootloader_cli/GCC_Project/output/ql_test_signals.o
LOAD /media/coolbreeze413/GALACTICA/work/clients/quicklogic/qorc/github/qorc-sdk/qorc-onion-apps/qorc_bootloader_cli/GCC_Project/output/ql_time.o
LOAD /media/coolbreeze413/GALACTICA/work/clients/quicklogic/qorc/github/qorc-sdk/qorc-onion-apps/qorc_bootloader_cli/GCC_Project/output/queue.o
LOAD /media/coolbreeze413/GALACTICA/work/clients/quicklogic/qorc/github/qorc-sdk/qorc-onion-apps/qorc_bootloader_cli/GCC_Project/output/s3x_clock.o
LOAD /media/coolbreeze413/GALACTICA/work/clients/quicklogic/qorc/github/qorc-sdk/qorc-onion-apps/qorc_bootloader_cli/GCC_Project/output/s3x_clock_hal.o
LOAD /media/coolbreeze413/GALACTICA/work/clients/quicklogic/qorc/github/qorc-sdk/qorc-onion-apps/qorc_bootloader_cli/GCC_Project/output/s3x_cpuload.o
LOAD /media/coolbreeze413/GALACTICA/work/clients/quicklogic/qorc/github/qorc-sdk/qorc-onion-apps/qorc_bootloader_cli/GCC_Project/output/s3x_dfs.o
LOAD /media/coolbreeze413/GALACTICA/work/clients/quicklogic/qorc/github/qorc-sdk/qorc-onion-apps/qorc_bootloader_cli/GCC_Project/output/s3x_lpm.o
LOAD /media/coolbreeze413/GALACTICA/work/clients/quicklogic/qorc/github/qorc-sdk/qorc-onion-apps/qorc_bootloader_cli/GCC_Project/output/s3x_pi.o
LOAD /media/coolbreeze413/GALACTICA/work/clients/quicklogic/qorc/github/qorc-sdk/qorc-onion-apps/qorc_bootloader_cli/GCC_Project/output/s3x_pwrcfg.o
LOAD /media/coolbreeze413/GALACTICA/work/clients/quicklogic/qorc/github/qorc-sdk/qorc-onion-apps/qorc_bootloader_cli/GCC_Project/output/s3x_qos.o
LOAD /media/coolbreeze413/GALACTICA/work/clients/quicklogic/qorc/github/qorc-sdk/qorc-onion-apps/qorc_bootloader_cli/GCC_Project/output/sec_debug.o
LOAD /media/coolbreeze413/GALACTICA/work/clients/quicklogic/qorc/github/qorc-sdk/qorc-onion-apps/qorc_bootloader_cli/GCC_Project/output/spi_flash.o
LOAD /media/coolbreeze413/GALACTICA/work/clients/quicklogic/qorc/github/qorc-sdk/qorc-onion-apps/qorc_bootloader_cli/GCC_Project/output/startup_EOSS3B_GCC.o
LOAD /media/coolbreeze413/GALACTICA/work/clients/quicklogic/qorc/github/qorc-sdk/qorc-onion-apps/qorc_bootloader_cli/GCC_Project/output/stream_buffer.o
LOAD /media/coolbreeze413/GALACTICA/work/clients/quicklogic/qorc/github/qorc-sdk/qorc-onion-apps/qorc_bootloader_cli/GCC_Project/output/tasks.o
LOAD /media/coolbreeze413/GALACTICA/work/clients/quicklogic/qorc/github/qorc-sdk/qorc-onion-apps/qorc_bootloader_cli/GCC_Project/output/timers.o
LOAD /media/coolbreeze413/GALACTICA/work/clients/quicklogic/qorc/github/qorc-sdk/qorc-onion-apps/qorc_bootloader_cli/GCC_Project/output/usb_fpga_loader.o
LOAD /media/coolbreeze413/GALACTICA/work/clients/quicklogic/qorc/github/qorc-sdk/qorc-onion-apps/qorc_bootloader_cli/GCC_Project/output/vectors_CM4F_gcc.o
LOAD /media/coolbreeze413/GALACTICA/work/clients/quicklogic/qorc/github/qorc-sdk/qorc-onion-apps/qorc_bootloader_cli/GCC_Project/output/watchdog.o
LOAD /media/coolbreeze413/GALACTICA/work/clients/quicklogic/qorc/github/qorc-sdk/arm_toolchain_install/gcc-arm-none-eabi-9-2020-q2-update/bin/../lib/gcc/arm-none-eabi/9.3.1/../../../../arm-none-eabi/lib/thumb/v7e-m+fp/hard/libm.a
START GROUP
LOAD /media/coolbreeze413/GALACTICA/work/clients/quicklogic/qorc/github/qorc-sdk/arm_toolchain_install/gcc-arm-none-eabi-9-2020-q2-update/bin/../lib/gcc/arm-none-eabi/9.3.1/thumb/v7e-m+fp/hard/libgcc.a
LOAD /media/coolbreeze413/GALACTICA/work/clients/quicklogic/qorc/github/qorc-sdk/arm_toolchain_install/gcc-arm-none-eabi-9-2020-q2-update/bin/../lib/gcc/arm-none-eabi/9.3.1/../../../../arm-none-eabi/lib/thumb/v7e-m+fp/hard/libg_nano.a
LOAD /media/coolbreeze413/GALACTICA/work/clients/quicklogic/qorc/github/qorc-sdk/arm_toolchain_install/gcc-arm-none-eabi-9-2020-q2-update/bin/../lib/gcc/arm-none-eabi/9.3.1/../../../../arm-none-eabi/lib/thumb/v7e-m+fp/hard/libc_nano.a
END GROUP
START GROUP
LOAD /media/coolbreeze413/GALACTICA/work/clients/quicklogic/qorc/github/qorc-sdk/arm_toolchain_install/gcc-arm-none-eabi-9-2020-q2-update/bin/../lib/gcc/arm-none-eabi/9.3.1/thumb/v7e-m+fp/hard/libgcc.a
LOAD /media/coolbreeze413/GALACTICA/work/clients/quicklogic/qorc/github/qorc-sdk/arm_toolchain_install/gcc-arm-none-eabi-9-2020-q2-update/bin/../lib/gcc/arm-none-eabi/9.3.1/../../../../arm-none-eabi/lib/thumb/v7e-m+fp/hard/libc_nano.a
LOAD /media/coolbreeze413/GALACTICA/work/clients/quicklogic/qorc/github/qorc-sdk/arm_toolchain_install/gcc-arm-none-eabi-9-2020-q2-update/bin/../lib/gcc/arm-none-eabi/9.3.1/../../../../arm-none-eabi/lib/thumb/v7e-m+fp/hard/libnosys.a
END GROUP
START GROUP
LOAD /media/coolbreeze413/GALACTICA/work/clients/quicklogic/qorc/github/qorc-sdk/arm_toolchain_install/gcc-arm-none-eabi-9-2020-q2-update/bin/../lib/gcc/arm-none-eabi/9.3.1/thumb/v7e-m+fp/hard/libgcc.a
LOAD /media/coolbreeze413/GALACTICA/work/clients/quicklogic/qorc/github/qorc-sdk/arm_toolchain_install/gcc-arm-none-eabi-9-2020-q2-update/bin/../lib/gcc/arm-none-eabi/9.3.1/../../../../arm-none-eabi/lib/thumb/v7e-m+fp/hard/libc_nano.a
LOAD /media/coolbreeze413/GALACTICA/work/clients/quicklogic/qorc/github/qorc-sdk/arm_toolchain_install/gcc-arm-none-eabi-9-2020-q2-update/bin/../lib/gcc/arm-none-eabi/9.3.1/../../../../arm-none-eabi/lib/thumb/v7e-m+fp/hard/libnosys.a
END GROUP
LOAD /media/coolbreeze413/GALACTICA/work/clients/quicklogic/qorc/github/qorc-sdk/arm_toolchain_install/gcc-arm-none-eabi-9-2020-q2-update/bin/../lib/gcc/arm-none-eabi/9.3.1/thumb/v7e-m+fp/hard/crtend.o
LOAD /media/coolbreeze413/GALACTICA/work/clients/quicklogic/qorc/github/qorc-sdk/arm_toolchain_install/gcc-arm-none-eabi-9-2020-q2-update/bin/../lib/gcc/arm-none-eabi/9.3.1/thumb/v7e-m+fp/hard/crtn.o

.text           0x0000000020000000     0x1c47
 *(.isr_vector)
 .isr_vector    0x0000000020000000      0x124 /media/coolbreeze413/GALACTICA/work/clients/quicklogic/qorc/github/qorc-sdk/qorc-onion-apps/qorc_bootloader_cli/GCC_Project/output/vectors_CM4F_gcc.o
                0x0000000020000000                __Vectors
 *(.init)
 .init          0x0000000020000124        0x4 /media/coolbreeze413/GALACTICA/work/clients/quicklogic/qorc/github/qorc-sdk/arm_toolchain_install/gcc-arm-none-eabi-9-2020-q2-update/bin/../lib/gcc/arm-none-eabi/9.3.1/thumb/v7e-m+fp/hard/crti.o
                0x0000000020000124                _init
 .init          0x0000000020000128        0x8 /media/coolbreeze413/GALACTICA/work/clients/quicklogic/qorc/github/qorc-sdk/arm_toolchain_install/gcc-arm-none-eabi-9-2020-q2-update/bin/../lib/gcc/arm-none-eabi/9.3.1/thumb/v7e-m+fp/hard/crtn.o
 *(.fini)
 .fini          0x0000000020000130        0x4 /media/coolbreeze413/GALACTICA/work/clients/quicklogic/qorc/github/qorc-sdk/arm_toolchain_install/gcc-arm-none-eabi-9-2020-q2-update/bin/../lib/gcc/arm-none-eabi/9.3.1/thumb/v7e-m+fp/hard/crti.o
                0x0000000020000130                _fini
 .fini          0x0000000020000134        0x8 /media/coolbreeze413/GALACTICA/work/clients/quicklogic/qorc/github/qorc-sdk/arm_toolchain_install/gcc-arm-none-eabi-9-2020-q2-update/bin/../lib/gcc/arm-none-eabi/9.3.1/thumb/v7e-m+fp/hard/crtn.o
 *crtbegin.o(.ctors)
 *crtbegin?.o(.ctors)
 *(EXCLUDE_FILE(*crtend.o *crtend?.o) .ctors)
 *(SORT_BY_NAME(.ctors.*))
 *(.ctors)
 *crtbegin.o(.dtors)
 *crtbegin?.o(.dtors)
 *(EXCLUDE_FILE(*crtend.o *crtend?.o) .dtors)
 *(SORT_BY_NAME(.dtors.*))
 *(.dtors)
 *(.rodata*)
 .rodata.check_appfpga_crc.str1.1
                0x000000002000013c       0x26 /media/coolbreeze413/GALACTICA/work/clients/quicklogic/qorc/github/qorc-sdk/qorc-onion-apps/qorc_bootloader_cli/GCC_Project/output/appfpga_loader.o
 .rodata.load_appfpga.str1.1
                0x0000000020000162       0x47 /media/coolbreeze413/GALACTICA/work/clients/quicklogic/qorc/github/qorc-sdk/qorc-onion-apps/qorc_bootloader_cli/GCC_Project/output/appfpga_loader.o
 .rodata.check_active_images.str1.1
                0x00000000200001a9       0xd5 /media/coolbreeze413/GALACTICA/work/clients/quicklogic/qorc/github/qorc-sdk/qorc-onion-apps/qorc_bootloader_cli/GCC_Project/output/bootloader_task.o
 .rodata.BL_Task_Init.str1.1
                0x000000002000027e       0x8e /media/coolbreeze413/GALACTICA/work/clients/quicklogic/qorc/github/qorc-sdk/qorc-onion-apps/qorc_bootloader_cli/GCC_Project/output/bootloader_task.o
 .rodata.CLI_string_ptr_get_subcmd.str1.1
                0x000000002000030c        0xc /media/coolbreeze413/GALACTICA/work/clients/quicklogic/qorc/github/qorc-sdk/qorc-onion-apps/qorc_bootloader_cli/GCC_Project/output/cli_args.o
 .rodata.handle_help.str1.1
                0x0000000020000318       0x2e /media/coolbreeze413/GALACTICA/work/clients/quicklogic/qorc/github/qorc-sdk/qorc-onion-apps/qorc_bootloader_cli/GCC_Project/output/cli_loop.o
                                         0x33 (size before relaxing)
 .rodata.CLI_cmd_stack_push.str1.1
                0x0000000020000346       0x1a /media/coolbreeze413/GALACTICA/work/clients/quicklogic/qorc/github/qorc-sdk/qorc-onion-apps/qorc_bootloader_cli/GCC_Project/output/cli_loop.o
 .rodata.CLI_cmd_stack_pop.str1.1
                0x0000000020000360       0x16 /media/coolbreeze413/GALACTICA/work/clients/quicklogic/qorc/github/qorc-sdk/qorc-onion-apps/qorc_bootloader_cli/GCC_Project/output/cli_loop.o
 .rodata.handle_exit.str1.1
                0x0000000020000376        0xa /media/coolbreeze413/GALACTICA/work/clients/quicklogic/qorc/github/qorc-sdk/qorc-onion-apps/qorc_bootloader_cli/GCC_Project/output/cli_loop.o
 .rodata.CLI_print_prompt.str1.1
                0x0000000020000380        0xd /media/coolbreeze413/GALACTICA/work/clients/quicklogic/qorc/github/qorc-sdk/qorc-onion-apps/qorc_bootloader_cli/GCC_Project/output/cli_loop.o
 .rodata.CLI_dispatch_subcmd.str1.1
                0x000000002000038d       0x2a /media/coolbreeze413/GALACTICA/work/clients/quicklogic/qorc/github/qorc-sdk/qorc-onion-apps/qorc_bootloader_cli/GCC_Project/output/cli_loop.o
 .rodata.CLI_dispatch.str1.1
                0x00000000200003b7       0x21 /media/coolbreeze413/GALACTICA/work/clients/quicklogic/qorc/github/qorc-sdk/qorc-onion-apps/qorc_bootloader_cli/GCC_Project/output/cli_loop.o
 .rodata.CLI_verror.str1.1
                0x00000000200003d8        0x8 /media/coolbreeze413/GALACTICA/work/clients/quicklogic/qorc/github/qorc-sdk/qorc-onion-apps/qorc_bootloader_cli/GCC_Project/output/cli_loop.o
 .rodata.CLI_rx_byte.str1.1
                0x00000000200003e0        0x9 /media/coolbreeze413/GALACTICA/work/clients/quicklogic/qorc/github/qorc-sdk/qorc-onion-apps/qorc_bootloader_cli/GCC_Project/output/cli_loop.o
 .rodata.str1.1
                0x00000000200003e9       0x21 /media/coolbreeze413/GALACTICA/work/clients/quicklogic/qorc/github/qorc-sdk/qorc-onion-apps/qorc_bootloader_cli/GCC_Project/output/cli_loop.o
                                         0x26 (size before relaxing)
 .rodata._backspace.7315
                0x000000002000040a        0x4 /media/coolbreeze413/GALACTICA/work/clients/quicklogic/qorc/github/qorc-sdk/qorc-onion-apps/qorc_bootloader_cli/GCC_Project/output/cli_loop.o
 *fill*         0x000000002000040e        0x2 
 .rodata.std_cmds
                0x0000000020000410       0x40 /media/coolbreeze413/GALACTICA/work/clients/quicklogic/qorc/github/qorc-sdk/qorc-onion-apps/qorc_bootloader_cli/GCC_Project/output/cli_loop.o
 .rodata.CLI_error_missing_parameter.str1.1
                0x0000000020000450        0xd /media/coolbreeze413/GALACTICA/work/clients/quicklogic/qorc/github/qorc-sdk/qorc-onion-apps/qorc_bootloader_cli/GCC_Project/output/cli_misc.o
 .rodata.CLI_start_task.str1.1
                0x000000002000045d       0xaa /media/coolbreeze413/GALACTICA/work/clients/quicklogic/qorc/github/qorc-sdk/qorc-onion-apps/qorc_bootloader_cli/GCC_Project/output/cli_platform.o
 *fill*         0x0000000020000507        0x1 
 .rodata.crc32_table
                0x0000000020000508      0x400 /media/coolbreeze413/GALACTICA/work/clients/quicklogic/qorc/github/qorc-sdk/qorc-onion-apps/qorc_bootloader_cli/GCC_Project/output/crc32.o
 .rodata.dbg_str.str1.1
                0x0000000020000908       0xaa /media/coolbreeze413/GALACTICA/work/clients/quicklogic/qorc/github/qorc-sdk/qorc-onion-apps/qorc_bootloader_cli/GCC_Project/output/dbg_uart.o
                                          0x3 (size before relaxing)
 .rodata._colon_tt.9389
                0x0000000020000908        0x4 /media/coolbreeze413/GALACTICA/work/clients/quicklogic/qorc/github/qorc-sdk/qorc-onion-apps/qorc_bootloader_cli/GCC_Project/output/dbg_uart.o
 .rodata.HAL_usbserial_init_common.str1.1
                0x000000002000090c       0xc2 /media/coolbreeze413/GALACTICA/work/clients/quicklogic/qorc/github/qorc-sdk/qorc-onion-apps/qorc_bootloader_cli/GCC_Project/output/eoss3_hal_fpga_usbserial.o
 .rodata.HAL_PAD_Config.str1.1
                0x00000000200009ce       0xa4 /media/coolbreeze413/GALACTICA/work/clients/quicklogic/qorc/github/qorc-sdk/qorc-onion-apps/qorc_bootloader_cli/GCC_Project/output/eoss3_hal_pad_config.o
 .rodata.IO_INPUT_PAD_SEL
                0x0000000020000a72       0x10 /media/coolbreeze413/GALACTICA/work/clients/quicklogic/qorc/github/qorc-sdk/qorc-onion-apps/qorc_bootloader_cli/GCC_Project/output/eoss3_hal_pad_config.o
                0x0000000020000a72                IO_INPUT_PAD_SEL
 .rodata.SEL_EXT_PAD_REGS
                0x0000000020000a82      0x160 /media/coolbreeze413/GALACTICA/work/clients/quicklogic/qorc/github/qorc-sdk/qorc-onion-apps/qorc_bootloader_cli/GCC_Project/output/eoss3_hal_pad_config.o
                0x0000000020000a82                SEL_EXT_PAD_REGS
 .rodata.assert_failed.str1.1
                0x0000000020000be2       0x30 /media/coolbreeze413/GALACTICA/work/clients/quicklogic/qorc/github/qorc-sdk/qorc-onion-apps/qorc_bootloader_cli/GCC_Project/output/eoss3_hal_spi.o
 .rodata.unlock_spi1_bus.str1.1
                0x0000000020000c12       0x36 /media/coolbreeze413/GALACTICA/work/clients/quicklogic/qorc/github/qorc-sdk/qorc-onion-apps/qorc_bootloader_cli/GCC_Project/output/eoss3_hal_spi.o
 .rodata.lock_spi1_bus.str1.1
                0x0000000020000c48       0x32 /media/coolbreeze413/GALACTICA/work/clients/quicklogic/qorc/github/qorc-sdk/qorc-onion-apps/qorc_bootloader_cli/GCC_Project/output/eoss3_hal_spi.o
 .rodata.HAL_SPI_Transmit.str1.1
                0x0000000020000c7a      0x148 /media/coolbreeze413/GALACTICA/work/clients/quicklogic/qorc/github/qorc-sdk/qorc-onion-apps/qorc_bootloader_cli/GCC_Project/output/eoss3_hal_spi.o
 .rodata.HAL_SPI_TransmitReceive.str1.1
                0x0000000020000dc2       0x31 /media/coolbreeze413/GALACTICA/work/clients/quicklogic/qorc/github/qorc-sdk/qorc-onion-apps/qorc_bootloader_cli/GCC_Project/output/eoss3_hal_spi.o
 .rodata.HAL_SPI_Init.str1.1
                0x0000000020000df3       0x11 /media/coolbreeze413/GALACTICA/work/clients/quicklogic/qorc/github/qorc-sdk/qorc-onion-apps/qorc_bootloader_cli/GCC_Project/output/eoss3_hal_spi.o
 .rodata.SendEventToTimerThread.str1.1
                0x0000000020000e04       0x82 /media/coolbreeze413/GALACTICA/work/clients/quicklogic/qorc/github/qorc-sdk/qorc-onion-apps/qorc_bootloader_cli/GCC_Project/output/eoss3_hal_timer.o
 .rodata.HAL_Timer_ISR.str1.1
                0x0000000020000e86       0x20 /media/coolbreeze413/GALACTICA/work/clients/quicklogic/qorc/github/qorc-sdk/qorc-onion-apps/qorc_bootloader_cli/GCC_Project/output/eoss3_hal_timer.o
 .rodata.__FUNCTION__.9295
                0x0000000020000ea6        0xe /media/coolbreeze413/GALACTICA/work/clients/quicklogic/qorc/github/qorc-sdk/qorc-onion-apps/qorc_bootloader_cli/GCC_Project/output/eoss3_hal_timer.o
 .rodata.uart_init.str1.1
                0x0000000020000eb4        0xc /media/coolbreeze413/GALACTICA/work/clients/quicklogic/qorc/github/qorc-sdk/qorc-onion-apps/qorc_bootloader_cli/GCC_Project/output/eoss3_hal_uart.o
 .rodata.CSWTCH.25
                0x0000000020000ec0       0x28 /media/coolbreeze413/GALACTICA/work/clients/quicklogic/qorc/github/qorc-sdk/qorc-onion-apps/qorc_bootloader_cli/GCC_Project/output/eoss3_hal_uart.o
 .rodata.WDT_ISR.str1.1
                0x0000000020000ee8       0x4d /media/coolbreeze413/GALACTICA/work/clients/quicklogic/qorc/github/qorc-sdk/qorc-onion-apps/qorc_bootloader_cli/GCC_Project/output/eoss3_hal_wdt.o
 .rodata.__FUNCTION__.8697
                0x0000000020000f35        0x8 /media/coolbreeze413/GALACTICA/work/clients/quicklogic/qorc/github/qorc-sdk/qorc-onion-apps/qorc_bootloader_cli/GCC_Project/output/eoss3_hal_wdt.o
 .rodata.spurious_interrupt.str1.1
                0x0000000020000f3d        0xd /media/coolbreeze413/GALACTICA/work/clients/quicklogic/qorc/github/qorc-sdk/qorc-onion-apps/qorc_bootloader_cli/GCC_Project/output/exceptions.o
 .rodata.prvGetRegistersFromStack.str1.1
                0x0000000020000f4a       0x44 /media/coolbreeze413/GALACTICA/work/clients/quicklogic/qorc/github/qorc-sdk/qorc-onion-apps/qorc_bootloader_cli/GCC_Project/output/exceptions.o
 .rodata.vApplicationMallocFailedHook.str1.1
                0x0000000020000f8e       0x20 /media/coolbreeze413/GALACTICA/work/clients/quicklogic/qorc/github/qorc-sdk/qorc-onion-apps/qorc_bootloader_cli/GCC_Project/output/exceptions.o
 .rodata.vApplicationStackOverflowHook.str1.1
                0x0000000020000fae       0x21 /media/coolbreeze413/GALACTICA/work/clients/quicklogic/qorc/github/qorc-sdk/qorc-onion-apps/qorc_bootloader_cli/GCC_Project/output/exceptions.o
 .rodata.init_fpga_mem.str1.1
                0x0000000020000fcf       0x26 /media/coolbreeze413/GALACTICA/work/clients/quicklogic/qorc/github/qorc-sdk/qorc-onion-apps/qorc_bootloader_cli/GCC_Project/output/fpga_loader.o
                                         0x29 (size before relaxing)
 .rodata.vPortFree.str1.1
                0x0000000020000ff5       0xa8 /media/coolbreeze413/GALACTICA/work/clients/quicklogic/qorc/github/qorc-sdk/qorc-onion-apps/qorc_bootloader_cli/GCC_Project/output/heap_1.o
 .rodata.read_flash.str1.1
                0x000000002000109d       0x26 /media/coolbreeze413/GALACTICA/work/clients/quicklogic/qorc/github/qorc-sdk/qorc-onion-apps/qorc_bootloader_cli/GCC_Project/output/m4_app_loader.o
 .rodata.check_app_crc.str1.1
                0x00000000200010c3       0x16 /media/coolbreeze413/GALACTICA/work/clients/quicklogic/qorc/github/qorc-sdk/qorc-onion-apps/qorc_bootloader_cli/GCC_Project/output/m4_app_loader.o
 .rodata.load_m4app.str1.1
                0x00000000200010d9       0x25 /media/coolbreeze413/GALACTICA/work/clients/quicklogic/qorc/github/qorc-sdk/qorc-onion-apps/qorc_bootloader_cli/GCC_Project/output/m4_app_loader.o
 .rodata.main.str1.1
                0x00000000200010fe       0x27 /media/coolbreeze413/GALACTICA/work/clients/quicklogic/qorc/github/qorc-sdk/qorc-onion-apps/qorc_bootloader_cli/GCC_Project/output/main.o
                                         0x29 (size before relaxing)
 .rodata.str1.1
                0x0000000020001125        0xa /media/coolbreeze413/GALACTICA/work/clients/quicklogic/qorc/github/qorc-sdk/qorc-onion-apps/qorc_bootloader_cli/GCC_Project/output/main.o
 .rodata.str1.1
                0x000000002000112f       0x6f /media/coolbreeze413/GALACTICA/work/clients/quicklogic/qorc/github/qorc-sdk/qorc-onion-apps/qorc_bootloader_cli/GCC_Project/output/main_dbg_cli_menu.o
                                         0x75 (size before relaxing)
 *fill*         0x000000002000119e        0x2 
 .rodata.my_main_menu
                0x00000000200011a0       0x20 /media/coolbreeze413/GALACTICA/work/clients/quicklogic/qorc/github/qorc-sdk/qorc-onion-apps/qorc_bootloader_cli/GCC_Project/output/main_dbg_cli_menu.o
                0x00000000200011a0                my_main_menu
 .rodata.qorc_bootloader_cli
                0x00000000200011c0       0x50 /media/coolbreeze413/GALACTICA/work/clients/quicklogic/qorc/github/qorc-sdk/qorc-onion-apps/qorc_bootloader_cli/GCC_Project/output/main_dbg_cli_menu.o
                0x00000000200011c0                qorc_bootloader_cli
 .rodata.prvTaskExitError.str1.1
                0x0000000020001210       0xbb /media/coolbreeze413/GALACTICA/work/clients/quicklogic/qorc/github/qorc-sdk/qorc-onion-apps/qorc_bootloader_cli/GCC_Project/output/port.o
 .rodata.program_flash.str1.1
                0x00000000200012cb      0x14a /media/coolbreeze413/GALACTICA/work/clients/quicklogic/qorc/github/qorc-sdk/qorc-onion-apps/qorc_bootloader_cli/GCC_Project/output/program_flash.o
 .rodata.qf_hardwareSetup.str1.1
                0x0000000020001415       0x9d /media/coolbreeze413/GALACTICA/work/clients/quicklogic/qorc/github/qorc-sdk/qorc-onion-apps/qorc_bootloader_cli/GCC_Project/output/qf_hardwaresetup.o
 .rodata.xQueueGenericReset.str1.1
                0x00000000200014b2       0x96 /media/coolbreeze413/GALACTICA/work/clients/quicklogic/qorc/github/qorc-sdk/qorc-onion-apps/qorc_bootloader_cli/GCC_Project/output/queue.o
 .rodata.S3x_Clk_Init.str1.1
                0x0000000020001548       0xac /media/coolbreeze413/GALACTICA/work/clients/quicklogic/qorc/github/qorc-sdk/qorc-onion-apps/qorc_bootloader_cli/GCC_Project/output/s3x_clock.o
 .rodata.DFS_StartTimer.str1.1
                0x00000000200015f4       0xad /media/coolbreeze413/GALACTICA/work/clients/quicklogic/qorc/github/qorc-sdk/qorc-onion-apps/qorc_bootloader_cli/GCC_Project/output/s3x_dfs.o
 .rodata.S3x_Set_Policy.str1.1
                0x00000000200016a1       0x17 /media/coolbreeze413/GALACTICA/work/clients/quicklogic/qorc/github/qorc-sdk/qorc-onion-apps/qorc_bootloader_cli/GCC_Project/output/s3x_dfs.o
 .rodata.S3x_Lpm_Handler.str1.1
                0x00000000200016b8       0xcc /media/coolbreeze413/GALACTICA/work/clients/quicklogic/qorc/github/qorc-sdk/qorc-onion-apps/qorc_bootloader_cli/GCC_Project/output/s3x_lpm.o
 .rodata.s3x_pi_set_active_st.str1.1
                0x0000000020001784       0x2f /media/coolbreeze413/GALACTICA/work/clients/quicklogic/qorc/github/qorc-sdk/qorc-onion-apps/qorc_bootloader_cli/GCC_Project/output/s3x_pi.o
 .rodata.__func__.9043
                0x00000000200017b3       0x15 /media/coolbreeze413/GALACTICA/work/clients/quicklogic/qorc/github/qorc-sdk/qorc-onion-apps/qorc_bootloader_cli/GCC_Project/output/s3x_pi.o
 .rodata.save_assert_info.str1.1
                0x00000000200017c8       0x17 /media/coolbreeze413/GALACTICA/work/clients/quicklogic/qorc/github/qorc-sdk/qorc-onion-apps/qorc_bootloader_cli/GCC_Project/output/sec_debug.o
                                         0x1c (size before relaxing)
 .rodata.invoke_soft_fault.str1.1
                0x00000000200017df        0xc /media/coolbreeze413/GALACTICA/work/clients/quicklogic/qorc/github/qorc-sdk/qorc-onion-apps/qorc_bootloader_cli/GCC_Project/output/sec_debug.o
 .rodata        0x00000000200017eb        0x8 /media/coolbreeze413/GALACTICA/work/clients/quicklogic/qorc/github/qorc-sdk/qorc-onion-apps/qorc_bootloader_cli/GCC_Project/output/sec_debug.o
 .rodata.spi_flash_cmd.str1.1
                0x00000000200017f3       0x21 /media/coolbreeze413/GALACTICA/work/clients/quicklogic/qorc/github/qorc-sdk/qorc-onion-apps/qorc_bootloader_cli/GCC_Project/output/spi_flash.o
 .rodata.spi_flash_program.str1.1
                0x0000000020001814       0x27 /media/coolbreeze413/GALACTICA/work/clients/quicklogic/qorc/github/qorc-sdk/qorc-onion-apps/qorc_bootloader_cli/GCC_Project/output/spi_flash.o
 .rodata.spi_flash_cmd_read.str1.1
                0x000000002000183b       0x2c /media/coolbreeze413/GALACTICA/work/clients/quicklogic/qorc/github/qorc-sdk/qorc-onion-apps/qorc_bootloader_cli/GCC_Project/output/spi_flash.o
 .rodata.SPI_flash_probe.str1.1
                0x0000000020001867       0x39 /media/coolbreeze413/GALACTICA/work/clients/quicklogic/qorc/github/qorc-sdk/qorc-onion-apps/qorc_bootloader_cli/GCC_Project/output/spi_flash.o
 .rodata.unlock_flash.str1.1
                0x00000000200018a0       0x3d /media/coolbreeze413/GALACTICA/work/clients/quicklogic/qorc/github/qorc-sdk/qorc-onion-apps/qorc_bootloader_cli/GCC_Project/output/spi_flash.o
 .rodata.lock_flash.str1.1
                0x00000000200018dd       0x39 /media/coolbreeze413/GALACTICA/work/clients/quicklogic/qorc/github/qorc-sdk/qorc-onion-apps/qorc_bootloader_cli/GCC_Project/output/spi_flash.o
 .rodata.spiflash_read_fast.str1.1
                0x0000000020001916       0x15 /media/coolbreeze413/GALACTICA/work/clients/quicklogic/qorc/github/qorc-sdk/qorc-onion-apps/qorc_bootloader_cli/GCC_Project/output/spi_flash.o
 .rodata.str1.1
                0x000000002000192b       0x3d /media/coolbreeze413/GALACTICA/work/clients/quicklogic/qorc/github/qorc-sdk/qorc-onion-apps/qorc_bootloader_cli/GCC_Project/output/spi_flash.o
 .rodata.__func__.10015
                0x0000000020001968       0x13 /media/coolbreeze413/GALACTICA/work/clients/quicklogic/qorc/github/qorc-sdk/qorc-onion-apps/qorc_bootloader_cli/GCC_Project/output/spi_flash.o
 *fill*         0x000000002000197b        0x1 
 .rodata.spi_flash_table
                0x000000002000197c       0x70 /media/coolbreeze413/GALACTICA/work/clients/quicklogic/qorc/github/qorc-sdk/qorc-onion-apps/qorc_bootloader_cli/GCC_Project/output/spi_flash.o
 .rodata.prvTaskIsTaskSuspended.str1.1
                0x00000000200019ec       0x96 /media/coolbreeze413/GALACTICA/work/clients/quicklogic/qorc/github/qorc-sdk/qorc-onion-apps/qorc_bootloader_cli/GCC_Project/output/tasks.o
 .rodata.vTaskStartScheduler.str1.1
                0x0000000020001a82        0x5 /media/coolbreeze413/GALACTICA/work/clients/quicklogic/qorc/github/qorc-sdk/qorc-onion-apps/qorc_bootloader_cli/GCC_Project/output/tasks.o
 .rodata.prvCheckForValidListAndQueue.str1.1
                0x0000000020001a87        0x5 /media/coolbreeze413/GALACTICA/work/clients/quicklogic/qorc/github/qorc-sdk/qorc-onion-apps/qorc_bootloader_cli/GCC_Project/output/timers.o
 .rodata.xTimerCreateTimerTask.str1.1
                0x0000000020001a8c       0x9f /media/coolbreeze413/GALACTICA/work/clients/quicklogic/qorc/github/qorc-sdk/qorc-onion-apps/qorc_bootloader_cli/GCC_Project/output/timers.o
 .rodata.check_fpga_crc.str1.1
                0x0000000020001b2b       0x1e /media/coolbreeze413/GALACTICA/work/clients/quicklogic/qorc/github/qorc-sdk/qorc-onion-apps/qorc_bootloader_cli/GCC_Project/output/usb_fpga_loader.o
 .rodata.load_usb_flasher.str1.1
                0x0000000020001b49       0x64 /media/coolbreeze413/GALACTICA/work/clients/quicklogic/qorc/github/qorc-sdk/qorc-onion-apps/qorc_bootloader_cli/GCC_Project/output/usb_fpga_loader.o
 *fill*         0x0000000020001bad        0x3 
 .rodata._global_impure_ptr
                0x0000000020001bb0        0x4 /media/coolbreeze413/GALACTICA/work/clients/quicklogic/qorc/github/qorc-sdk/arm_toolchain_install/gcc-arm-none-eabi-9-2020-q2-update/bin/../lib/gcc/arm-none-eabi/9.3.1/../../../../arm-none-eabi/lib/thumb/v7e-m+fp/hard/libg_nano.a(lib_a-impure.o)
                0x0000000020001bb0                _global_impure_ptr
 .rodata.__sf_fake_stderr
                0x0000000020001bb4       0x20 /media/coolbreeze413/GALACTICA/work/clients/quicklogic/qorc/github/qorc-sdk/arm_toolchain_install/gcc-arm-none-eabi-9-2020-q2-update/bin/../lib/gcc/arm-none-eabi/9.3.1/../../../../arm-none-eabi/lib/thumb/v7e-m+fp/hard/libg_nano.a(lib_a-findfp.o)
                0x0000000020001bb4                __sf_fake_stderr
 .rodata.__sf_fake_stdin
                0x0000000020001bd4       0x20 /media/coolbreeze413/GALACTICA/work/clients/quicklogic/qorc/github/qorc-sdk/arm_toolchain_install/gcc-arm-none-eabi-9-2020-q2-update/bin/../lib/gcc/arm-none-eabi/9.3.1/../../../../arm-none-eabi/lib/thumb/v7e-m+fp/hard/libg_nano.a(lib_a-findfp.o)
                0x0000000020001bd4                __sf_fake_stdin
 .rodata.__sf_fake_stdout
                0x0000000020001bf4       0x20 /media/coolbreeze413/GALACTICA/work/clients/quicklogic/qorc/github/qorc-sdk/arm_toolchain_install/gcc-arm-none-eabi-9-2020-q2-update/bin/../lib/gcc/arm-none-eabi/9.3.1/../../../../arm-none-eabi/lib/thumb/v7e-m+fp/hard/libg_nano.a(lib_a-findfp.o)
                0x0000000020001bf4                __sf_fake_stdout
 .rodata._svfprintf_r.str1.1
                0x0000000020001c14       0x11 /media/coolbreeze413/GALACTICA/work/clients/quicklogic/qorc/github/qorc-sdk/arm_toolchain_install/gcc-arm-none-eabi-9-2020-q2-update/bin/../lib/gcc/arm-none-eabi/9.3.1/../../../../arm-none-eabi/lib/thumb/v7e-m+fp/hard/libg_nano.a(lib_a-nano-svfprintf.o)
 .rodata._vfprintf_r.str1.1
                0x0000000020001c25       0x11 /media/coolbreeze413/GALACTICA/work/clients/quicklogic/qorc/github/qorc-sdk/arm_toolchain_install/gcc-arm-none-eabi-9-2020-q2-update/bin/../lib/gcc/arm-none-eabi/9.3.1/../../../../arm-none-eabi/lib/thumb/v7e-m+fp/hard/libg_nano.a(lib_a-nano-vfprintf.o)
 .rodata._printf_i.str1.1
                0x0000000020001c25       0x22 /media/coolbreeze413/GALACTICA/work/clients/quicklogic/qorc/github/qorc-sdk/arm_toolchain_install/gcc-arm-none-eabi-9-2020-q2-update/bin/../lib/gcc/arm-none-eabi/9.3.1/../../../../arm-none-eabi/lib/thumb/v7e-m+fp/hard/libg_nano.a(lib_a-nano-vfprintf_i.o)
 *(.eh_fram e*)

.glue_7         0x0000000020001c48        0x0
 .glue_7        0x0000000020001c48        0x0 linker stubs

.glue_7t        0x0000000020001c48        0x0
 .glue_7t       0x0000000020001c48        0x0 linker stubs

.vfp11_veneer   0x0000000020001c48        0x0
 .vfp11_veneer  0x0000000020001c48        0x0 linker stubs

.v4_bx          0x0000000020001c48        0x0
 .v4_bx         0x0000000020001c48        0x0 linker stubs

.iplt           0x0000000020001c48        0x0
 .iplt          0x0000000020001c48        0x0 /media/coolbreeze413/GALACTICA/work/clients/quicklogic/qorc/github/qorc-sdk/arm_toolchain_install/gcc-arm-none-eabi-9-2020-q2-update/bin/../lib/gcc/arm-none-eabi/9.3.1/thumb/v7e-m+fp/hard/crtbegin.o

.copy.table     0x0000000020001c47       0x19
                0x0000000020001c48                . = ALIGN (0x4)
 *fill*         0x0000000020001c47        0x1 
                0x0000000020001c48                __copy_table_start__ = .
                0x0000000020001c48        0x4 LONG 0x20009f8c __etext
                0x0000000020001c4c        0x4 LONG 0x2000a900 __data_start__
                0x0000000020001c50        0x4 LONG 0x914 (__data_end__ - __data_start__)
                0x0000000020001c54        0x4 LONG 0x20001c60 __LOADER_FUNC_load__
                0x0000000020001c58        0x4 LONG 0x2007f200 __LOADER_FUNC_start__
                0x0000000020001c5c        0x4 LONG 0x34 (__LOADER_FUNC_end__ - __LOADER_FUNC_start__)
                0x0000000020001c60                __copy_table_end__ = .

.LOADER_FUNC    0x000000002007f200       0x34 load address 0x0000000020001c60
                0x000000002007f200                . = ALIGN (0x4)
                0x0000000020001c60                __LOADER_FUNC_load__ = LOADADDR (.LOADER_FUNC)
                0x000000002007f200                __LOADER_FUNC_start__ = .
 *(.LOADER_FUNC*)
 .LOADER_FUNC   0x000000002007f200       0x34 /media/coolbreeze413/GALACTICA/work/clients/quicklogic/qorc/github/qorc-sdk/qorc-onion-apps/qorc_bootloader_cli/GCC_Project/output/m4_app_loader.o
                0x000000002007f200                move_m4app_img
                0x000000002007f234                . = ALIGN (0x4)
                0x000000002007f234                __LOADER_FUNC_end__ = .

.txt            0x0000000020001ca0     0x82e4
 *(.text*)
 .text          0x0000000020001ca0       0x40 /media/coolbreeze413/GALACTICA/work/clients/quicklogic/qorc/github/qorc-sdk/arm_toolchain_install/gcc-arm-none-eabi-9-2020-q2-update/bin/../lib/gcc/arm-none-eabi/9.3.1/thumb/v7e-m+fp/hard/crtbegin.o
 .text          0x0000000020001ce0       0x7c /media/coolbreeze413/GALACTICA/work/clients/quicklogic/qorc/github/qorc-sdk/arm_toolchain_install/gcc-arm-none-eabi-9-2020-q2-update/bin/../lib/gcc/arm-none-eabi/9.3.1/../../../../arm-none-eabi/lib/thumb/v7e-m+fp/hard/crt0.o
                0x0000000020001ce0                _stack_init
                0x0000000020001ce8                _mainCRTStartup
                0x0000000020001ce8                _start
 .text.check_appfpga_crc
                0x0000000020001d5c       0x28 /media/coolbreeze413/GALACTICA/work/clients/quicklogic/qorc/github/qorc-sdk/qorc-onion-apps/qorc_bootloader_cli/GCC_Project/output/appfpga_loader.o
                0x0000000020001d5c                check_appfpga_crc
 .text.load_appfpga
                0x0000000020001d84       0xa4 /media/coolbreeze413/GALACTICA/work/clients/quicklogic/qorc/github/qorc-sdk/qorc-onion-apps/qorc_bootloader_cli/GCC_Project/output/appfpga_loader.o
                0x0000000020001d84                load_appfpga
 .text.BLTaskHandler
                0x0000000020001e28       0x5c /media/coolbreeze413/GALACTICA/work/clients/quicklogic/qorc/github/qorc-sdk/qorc-onion-apps/qorc_bootloader_cli/GCC_Project/output/bootloader_task.o
 .text.check_active_images
                0x0000000020001e84       0x98 /media/coolbreeze413/GALACTICA/work/clients/quicklogic/qorc/github/qorc-sdk/qorc-onion-apps/qorc_bootloader_cli/GCC_Project/output/bootloader_task.o
                0x0000000020001e84                check_active_images
 .text.BL_Task_Init
                0x0000000020001f1c       0x54 /media/coolbreeze413/GALACTICA/work/clients/quicklogic/qorc/github/qorc-sdk/qorc-onion-apps/qorc_bootloader_cli/GCC_Project/output/bootloader_task.o
                0x0000000020001f1c                BL_Task_Init
 .text._write   0x0000000020001f70        0xe /media/coolbreeze413/GALACTICA/work/clients/quicklogic/qorc/github/qorc-sdk/qorc-onion-apps/qorc_bootloader_cli/GCC_Project/output/c_lib_retarget.o
                0x0000000020001f70                _write
 .text._close   0x0000000020001f7e        0x6 /media/coolbreeze413/GALACTICA/work/clients/quicklogic/qorc/github/qorc-sdk/qorc-onion-apps/qorc_bootloader_cli/GCC_Project/output/c_lib_retarget.o
                0x0000000020001f7e                _close
 .text._lseek   0x0000000020001f84        0x4 /media/coolbreeze413/GALACTICA/work/clients/quicklogic/qorc/github/qorc-sdk/qorc-onion-apps/qorc_bootloader_cli/GCC_Project/output/c_lib_retarget.o
                0x0000000020001f84                _lseek
 .text._read    0x0000000020001f88        0x4 /media/coolbreeze413/GALACTICA/work/clients/quicklogic/qorc/github/qorc-sdk/qorc-onion-apps/qorc_bootloader_cli/GCC_Project/output/c_lib_retarget.o
                0x0000000020001f88                _read
 .text.do_str_fetch
                0x0000000020001f8c       0x38 /media/coolbreeze413/GALACTICA/work/clients/quicklogic/qorc/github/qorc-sdk/qorc-onion-apps/qorc_bootloader_cli/GCC_Project/output/cli_args.o
 .text.CLI_string_ptr_get_subcmd
                0x0000000020001fc4       0x20 /media/coolbreeze413/GALACTICA/work/clients/quicklogic/qorc/github/qorc-sdk/qorc-onion-apps/qorc_bootloader_cli/GCC_Project/output/cli_args.o
                0x0000000020001fc4                CLI_string_ptr_get_subcmd
 .text.append_key
                0x0000000020001fe4       0x30 /media/coolbreeze413/GALACTICA/work/clients/quicklogic/qorc/github/qorc-sdk/qorc-onion-apps/qorc_bootloader_cli/GCC_Project/output/cli_io.o
 .text.get_key_ignore_null
                0x0000000020002014       0x18 /media/coolbreeze413/GALACTICA/work/clients/quicklogic/qorc/github/qorc-sdk/qorc-onion-apps/qorc_bootloader_cli/GCC_Project/output/cli_io.o
 .text.CLI_getkey_peek
                0x000000002000202c      0x110 /media/coolbreeze413/GALACTICA/work/clients/quicklogic/qorc/github/qorc-sdk/qorc-onion-apps/qorc_bootloader_cli/GCC_Project/output/cli_io.o
                0x000000002000202c                CLI_getkey_peek
 .text.CLI_getkey
                0x000000002000213c       0x30 /media/coolbreeze413/GALACTICA/work/clients/quicklogic/qorc/github/qorc-sdk/qorc-onion-apps/qorc_bootloader_cli/GCC_Project/output/cli_io.o
                0x000000002000213c                CLI_getkey
 .text.CLI_col0_timestamp
                0x000000002000216c       0x78 /media/coolbreeze413/GALACTICA/work/clients/quicklogic/qorc/github/qorc-sdk/qorc-onion-apps/qorc_bootloader_cli/GCC_Project/output/cli_io.o
                0x000000002000216c                CLI_col0_timestamp
 .text.CLI_putc
                0x00000000200021e4       0x4c /media/coolbreeze413/GALACTICA/work/clients/quicklogic/qorc/github/qorc-sdk/qorc-onion-apps/qorc_bootloader_cli/GCC_Project/output/cli_io.o
                0x00000000200021e4                CLI_putc
 .text.CLI_puts_no_nl
                0x0000000020002230       0x12 /media/coolbreeze413/GALACTICA/work/clients/quicklogic/qorc/github/qorc-sdk/qorc-onion-apps/qorc_bootloader_cli/GCC_Project/output/cli_io.o
                0x0000000020002230                CLI_puts_no_nl
 *fill*         0x0000000020002242        0x2 
 .text.CLI_vprintf
                0x0000000020002244       0x24 /media/coolbreeze413/GALACTICA/work/clients/quicklogic/qorc/github/qorc-sdk/qorc-onion-apps/qorc_bootloader_cli/GCC_Project/output/cli_io.o
                0x0000000020002244                CLI_vprintf
 .text.CLI_printf
                0x0000000020002268       0x1a /media/coolbreeze413/GALACTICA/work/clients/quicklogic/qorc/github/qorc-sdk/qorc-onion-apps/qorc_bootloader_cli/GCC_Project/output/cli_io.o
                0x0000000020002268                CLI_printf
 *fill*         0x0000000020002282        0x2 
 .text.handle_help
                0x0000000020002284       0xc4 /media/coolbreeze413/GALACTICA/work/clients/quicklogic/qorc/github/qorc-sdk/qorc-onion-apps/qorc_bootloader_cli/GCC_Project/output/cli_loop.o
 .text.CLI_cmd_stack_replace
                0x0000000020002348       0x10 /media/coolbreeze413/GALACTICA/work/clients/quicklogic/qorc/github/qorc-sdk/qorc-onion-apps/qorc_bootloader_cli/GCC_Project/output/cli_loop.o
                0x0000000020002348                CLI_cmd_stack_replace
 .text.CLI_cmd_stack_push
                0x0000000020002358       0x30 /media/coolbreeze413/GALACTICA/work/clients/quicklogic/qorc/github/qorc-sdk/qorc-onion-apps/qorc_bootloader_cli/GCC_Project/output/cli_loop.o
                0x0000000020002358                CLI_cmd_stack_push
 .text.CLI_cmd_stack_clear
                0x0000000020002388       0x24 /media/coolbreeze413/GALACTICA/work/clients/quicklogic/qorc/github/qorc-sdk/qorc-onion-apps/qorc_bootloader_cli/GCC_Project/output/cli_loop.o
                0x0000000020002388                CLI_cmd_stack_clear
 .text.CLI_cmd_stack_pop
                0x00000000200023ac       0x40 /media/coolbreeze413/GALACTICA/work/clients/quicklogic/qorc/github/qorc-sdk/qorc-onion-apps/qorc_bootloader_cli/GCC_Project/output/cli_loop.o
                0x00000000200023ac                CLI_cmd_stack_pop
 .text.handle_exit
                0x00000000200023ec       0x1c /media/coolbreeze413/GALACTICA/work/clients/quicklogic/qorc/github/qorc-sdk/qorc-onion-apps/qorc_bootloader_cli/GCC_Project/output/cli_loop.o
 .text.CLI_init
                0x0000000020002408       0x24 /media/coolbreeze413/GALACTICA/work/clients/quicklogic/qorc/github/qorc-sdk/qorc-onion-apps/qorc_bootloader_cli/GCC_Project/output/cli_loop.o
                0x0000000020002408                CLI_init
 .text.CLI_print_prompt
                0x000000002000242c       0x44 /media/coolbreeze413/GALACTICA/work/clients/quicklogic/qorc/github/qorc-sdk/qorc-onion-apps/qorc_bootloader_cli/GCC_Project/output/cli_loop.o
                0x000000002000242c                CLI_print_prompt
 .text.CLI_dispatch_subcmd
                0x0000000020002470       0x84 /media/coolbreeze413/GALACTICA/work/clients/quicklogic/qorc/github/qorc-sdk/qorc-onion-apps/qorc_bootloader_cli/GCC_Project/output/cli_loop.o
                0x0000000020002470                CLI_dispatch_subcmd
 .text.CLI_dispatch
                0x00000000200024f4       0xc0 /media/coolbreeze413/GALACTICA/work/clients/quicklogic/qorc/github/qorc-sdk/qorc-onion-apps/qorc_bootloader_cli/GCC_Project/output/cli_loop.o
 .text.CLI_submenu_handler
                0x00000000200025b4       0x30 /media/coolbreeze413/GALACTICA/work/clients/quicklogic/qorc/github/qorc-sdk/qorc-onion-apps/qorc_bootloader_cli/GCC_Project/output/cli_loop.o
                0x00000000200025b4                CLI_submenu_handler
 .text.CLI_verror
                0x00000000200025e4       0x40 /media/coolbreeze413/GALACTICA/work/clients/quicklogic/qorc/github/qorc-sdk/qorc-onion-apps/qorc_bootloader_cli/GCC_Project/output/cli_loop.o
                0x00000000200025e4                CLI_verror
 .text.CLI_rx_byte
                0x0000000020002624       0xec /media/coolbreeze413/GALACTICA/work/clients/quicklogic/qorc/github/qorc-sdk/qorc-onion-apps/qorc_bootloader_cli/GCC_Project/output/cli_loop.o
                0x0000000020002624                CLI_rx_byte
 .text.CLI_is_more_args
                0x0000000020002710       0x14 /media/coolbreeze413/GALACTICA/work/clients/quicklogic/qorc/github/qorc-sdk/qorc-onion-apps/qorc_bootloader_cli/GCC_Project/output/cli_misc.o
                0x0000000020002710                CLI_is_more_args
 .text.CLI_error
                0x0000000020002724       0x1a /media/coolbreeze413/GALACTICA/work/clients/quicklogic/qorc/github/qorc-sdk/qorc-onion-apps/qorc_bootloader_cli/GCC_Project/output/cli_misc.o
                0x0000000020002724                CLI_error
 *fill*         0x000000002000273e        0x2 
 .text.CLI_error_missing_parameter
                0x0000000020002740        0xc /media/coolbreeze413/GALACTICA/work/clients/quicklogic/qorc/github/qorc-sdk/qorc-onion-apps/qorc_bootloader_cli/GCC_Project/output/cli_misc.o
                0x0000000020002740                CLI_error_missing_parameter
 .text.CLI_task
                0x000000002000274c       0x2c /media/coolbreeze413/GALACTICA/work/clients/quicklogic/qorc/github/qorc-sdk/qorc-onion-apps/qorc_bootloader_cli/GCC_Project/output/cli_platform.o
                0x000000002000274c                CLI_task
 .text.CLI_time_now
                0x0000000020002778        0x4 /media/coolbreeze413/GALACTICA/work/clients/quicklogic/qorc/github/qorc-sdk/qorc-onion-apps/qorc_bootloader_cli/GCC_Project/output/cli_platform.o
                0x0000000020002778                CLI_time_now
 .text.CLI_beep
                0x000000002000277c        0x6 /media/coolbreeze413/GALACTICA/work/clients/quicklogic/qorc/github/qorc-sdk/qorc-onion-apps/qorc_bootloader_cli/GCC_Project/output/cli_platform.o
                0x000000002000277c                CLI_beep
 .text.CLI_timeout_expired
                0x0000000020002782       0x22 /media/coolbreeze413/GALACTICA/work/clients/quicklogic/qorc/github/qorc-sdk/qorc-onion-apps/qorc_bootloader_cli/GCC_Project/output/cli_platform.o
                0x0000000020002782                CLI_timeout_expired
 .text.CLI_putc_raw
                0x00000000200027a4        0x8 /media/coolbreeze413/GALACTICA/work/clients/quicklogic/qorc/github/qorc-sdk/qorc-onion-apps/qorc_bootloader_cli/GCC_Project/output/cli_platform.o
                0x00000000200027a4                CLI_putc_raw
 .text.CLI_getkey_raw
                0x00000000200027ac       0x3c /media/coolbreeze413/GALACTICA/work/clients/quicklogic/qorc/github/qorc-sdk/qorc-onion-apps/qorc_bootloader_cli/GCC_Project/output/cli_platform.o
                0x00000000200027ac                CLI_getkey_raw
 .text.CLI_start_task
                0x00000000200027e8       0x58 /media/coolbreeze413/GALACTICA/work/clients/quicklogic/qorc/github/qorc-sdk/qorc-onion-apps/qorc_bootloader_cli/GCC_Project/output/cli_platform.o
                0x00000000200027e8                CLI_start_task
 .text.xcrc32   0x0000000020002840       0x24 /media/coolbreeze413/GALACTICA/work/clients/quicklogic/qorc/github/qorc-sdk/qorc-onion-apps/qorc_bootloader_cli/GCC_Project/output/crc32.o
                0x0000000020002840                xcrc32
 .text.__debug_lockup
                0x0000000020002864       0x14 /media/coolbreeze413/GALACTICA/work/clients/quicklogic/qorc/github/qorc-sdk/qorc-onion-apps/qorc_bootloader_cli/GCC_Project/output/dbg_uart.o
 .text._semihost_write
                0x0000000020002878       0x54 /media/coolbreeze413/GALACTICA/work/clients/quicklogic/qorc/github/qorc-sdk/qorc-onion-apps/qorc_bootloader_cli/GCC_Project/output/dbg_uart.o
                0x0000000020002878                _semihost_write
 .text.dbg_ch_raw
                0x00000000200028cc       0x74 /media/coolbreeze413/GALACTICA/work/clients/quicklogic/qorc/github/qorc-sdk/qorc-onion-apps/qorc_bootloader_cli/GCC_Project/output/dbg_uart.o
                0x00000000200028cc                dbg_ch_raw
 .text.dbg_nl   0x0000000020002940       0x12 /media/coolbreeze413/GALACTICA/work/clients/quicklogic/qorc/github/qorc-sdk/qorc-onion-apps/qorc_bootloader_cli/GCC_Project/output/dbg_uart.o
                0x0000000020002940                dbg_nl
 .text.dbg_ch   0x0000000020002952        0xc /media/coolbreeze413/GALACTICA/work/clients/quicklogic/qorc/github/qorc-sdk/qorc-onion-apps/qorc_bootloader_cli/GCC_Project/output/dbg_uart.o
                0x0000000020002952                dbg_ch
 .text.dbg_hex4
                0x000000002000295e       0x14 /media/coolbreeze413/GALACTICA/work/clients/quicklogic/qorc/github/qorc-sdk/qorc-onion-apps/qorc_bootloader_cli/GCC_Project/output/dbg_uart.o
 .text.dbg_hex8
                0x0000000020002972       0x14 /media/coolbreeze413/GALACTICA/work/clients/quicklogic/qorc/github/qorc-sdk/qorc-onion-apps/qorc_bootloader_cli/GCC_Project/output/dbg_uart.o
                0x0000000020002972                dbg_hex8
 .text.dbg_hex16
                0x0000000020002986       0x14 /media/coolbreeze413/GALACTICA/work/clients/quicklogic/qorc/github/qorc-sdk/qorc-onion-apps/qorc_bootloader_cli/GCC_Project/output/dbg_uart.o
                0x0000000020002986                dbg_hex16
 .text.dbg_hex32
                0x000000002000299a       0x14 /media/coolbreeze413/GALACTICA/work/clients/quicklogic/qorc/github/qorc-sdk/qorc-onion-apps/qorc_bootloader_cli/GCC_Project/output/dbg_uart.o
                0x000000002000299a                dbg_hex32
 .text._dbg_int
                0x00000000200029ae       0x20 /media/coolbreeze413/GALACTICA/work/clients/quicklogic/qorc/github/qorc-sdk/qorc-onion-apps/qorc_bootloader_cli/GCC_Project/output/dbg_uart.o
 .text.dbg_memdumpx
                0x00000000200029ce       0xea /media/coolbreeze413/GALACTICA/work/clients/quicklogic/qorc/github/qorc-sdk/qorc-onion-apps/qorc_bootloader_cli/GCC_Project/output/dbg_uart.o
 .text.dbg_str  0x0000000020002ab8       0x84 /media/coolbreeze413/GALACTICA/work/clients/quicklogic/qorc/github/qorc-sdk/qorc-onion-apps/qorc_bootloader_cli/GCC_Project/output/dbg_uart.o
                0x0000000020002ab8                dbg_str
 .text._dbg_str_xxx
                0x0000000020002b3c       0x16 /media/coolbreeze413/GALACTICA/work/clients/quicklogic/qorc/github/qorc-sdk/qorc-onion-apps/qorc_bootloader_cli/GCC_Project/output/dbg_uart.o
 .text.dbg_str_hexXX
                0x0000000020002b52       0x22 /media/coolbreeze413/GALACTICA/work/clients/quicklogic/qorc/github/qorc-sdk/qorc-onion-apps/qorc_bootloader_cli/GCC_Project/output/dbg_uart.o
 .text.dbg_int  0x0000000020002b74       0x24 /media/coolbreeze413/GALACTICA/work/clients/quicklogic/qorc/github/qorc-sdk/qorc-onion-apps/qorc_bootloader_cli/GCC_Project/output/dbg_uart.o
                0x0000000020002b74                dbg_int
 .text.dbg_str_str
                0x0000000020002b98       0x16 /media/coolbreeze413/GALACTICA/work/clients/quicklogic/qorc/github/qorc-sdk/qorc-onion-apps/qorc_bootloader_cli/GCC_Project/output/dbg_uart.o
                0x0000000020002b98                dbg_str_str
 .text.dbg_str_int
                0x0000000020002bae       0x16 /media/coolbreeze413/GALACTICA/work/clients/quicklogic/qorc/github/qorc-sdk/qorc-onion-apps/qorc_bootloader_cli/GCC_Project/output/dbg_uart.o
                0x0000000020002bae                dbg_str_int
 .text.dbg_str_int_noln
                0x0000000020002bc4       0x12 /media/coolbreeze413/GALACTICA/work/clients/quicklogic/qorc/github/qorc-sdk/qorc-onion-apps/qorc_bootloader_cli/GCC_Project/output/dbg_uart.o
                0x0000000020002bc4                dbg_str_int_noln
 *fill*         0x0000000020002bd6        0x2 
 .text.dbg_str_hex8
                0x0000000020002bd8        0xc /media/coolbreeze413/GALACTICA/work/clients/quicklogic/qorc/github/qorc-sdk/qorc-onion-apps/qorc_bootloader_cli/GCC_Project/output/dbg_uart.o
                0x0000000020002bd8                dbg_str_hex8
 .text.dbg_str_hex32
                0x0000000020002be4        0xc /media/coolbreeze413/GALACTICA/work/clients/quicklogic/qorc/github/qorc-sdk/qorc-onion-apps/qorc_bootloader_cli/GCC_Project/output/dbg_uart.o
                0x0000000020002be4                dbg_str_hex32
 .text.dbg_fatal_error
                0x0000000020002bf0       0x12 /media/coolbreeze413/GALACTICA/work/clients/quicklogic/qorc/github/qorc-sdk/qorc-onion-apps/qorc_bootloader_cli/GCC_Project/output/dbg_uart.o
                0x0000000020002bf0                dbg_fatal_error
 .text.dbg_fatal_error_int
                0x0000000020002c02        0xe /media/coolbreeze413/GALACTICA/work/clients/quicklogic/qorc/github/qorc-sdk/qorc-onion-apps/qorc_bootloader_cli/GCC_Project/output/dbg_uart.o
                0x0000000020002c02                dbg_fatal_error_int
 .text.dbg_memdump32
                0x0000000020002c10       0x1e /media/coolbreeze413/GALACTICA/work/clients/quicklogic/qorc/github/qorc-sdk/qorc-onion-apps/qorc_bootloader_cli/GCC_Project/output/dbg_uart.o
                0x0000000020002c10                dbg_memdump32
 *fill*         0x0000000020002c2e        0x2 
 .text.HAL_usbserial_init_common
                0x0000000020002c30      0x108 /media/coolbreeze413/GALACTICA/work/clients/quicklogic/qorc/github/qorc-sdk/qorc-onion-apps/qorc_bootloader_cli/GCC_Project/output/eoss3_hal_fpga_usbserial.o
 .text.HAL_usbserial_isrfunc
                0x0000000020002d38       0x4c /media/coolbreeze413/GALACTICA/work/clients/quicklogic/qorc/github/qorc-sdk/qorc-onion-apps/qorc_bootloader_cli/GCC_Project/output/eoss3_hal_fpga_usbserial.o
 .text.HAL_usbserial_init2
                0x0000000020002d84        0x8 /media/coolbreeze413/GALACTICA/work/clients/quicklogic/qorc/github/qorc-sdk/qorc-onion-apps/qorc_bootloader_cli/GCC_Project/output/eoss3_hal_fpga_usbserial.o
                0x0000000020002d84                HAL_usbserial_init2
 .text.HAL_usbserial_init
                0x0000000020002d8c        0xa /media/coolbreeze413/GALACTICA/work/clients/quicklogic/qorc/github/qorc-sdk/qorc-onion-apps/qorc_bootloader_cli/GCC_Project/output/eoss3_hal_fpga_usbserial.o
                0x0000000020002d8c                HAL_usbserial_init
 *fill*         0x0000000020002d96        0x2 
 .text.HAL_usbserial_getc
                0x0000000020002d98       0x18 /media/coolbreeze413/GALACTICA/work/clients/quicklogic/qorc/github/qorc-sdk/qorc-onion-apps/qorc_bootloader_cli/GCC_Project/output/eoss3_hal_fpga_usbserial.o
                0x0000000020002d98                HAL_usbserial_getc
 .text.HAL_usbserial_putc
                0x0000000020002db0       0x20 /media/coolbreeze413/GALACTICA/work/clients/quicklogic/qorc/github/qorc-sdk/qorc-onion-apps/qorc_bootloader_cli/GCC_Project/output/eoss3_hal_fpga_usbserial.o
                0x0000000020002db0                HAL_usbserial_putc
 .text.HAL_usbserial_dataavailable
                0x0000000020002dd0       0x10 /media/coolbreeze413/GALACTICA/work/clients/quicklogic/qorc/github/qorc-sdk/qorc-onion-apps/qorc_bootloader_cli/GCC_Project/output/eoss3_hal_fpga_usbserial.o
                0x0000000020002dd0                HAL_usbserial_dataavailable
 .text.HAL_usbserial_rxwait
                0x0000000020002de0       0x48 /media/coolbreeze413/GALACTICA/work/clients/quicklogic/qorc/github/qorc-sdk/qorc-onion-apps/qorc_bootloader_cli/GCC_Project/output/eoss3_hal_fpga_usbserial.o
                0x0000000020002de0                HAL_usbserial_rxwait
 .text.HAL_GPIO_Write
                0x0000000020002e28       0x28 /media/coolbreeze413/GALACTICA/work/clients/quicklogic/qorc/github/qorc-sdk/qorc-onion-apps/qorc_bootloader_cli/GCC_Project/output/eoss3_hal_gpio.o
                0x0000000020002e28                HAL_GPIO_Write
 .text.HAL_PAD_Config
                0x0000000020002e50      0x190 /media/coolbreeze413/GALACTICA/work/clients/quicklogic/qorc/github/qorc-sdk/qorc-onion-apps/qorc_bootloader_cli/GCC_Project/output/eoss3_hal_pad_config.o
                0x0000000020002e50                HAL_PAD_Config
 .text.configure_s3_pads
                0x0000000020002fe0       0x1a /media/coolbreeze413/GALACTICA/work/clients/quicklogic/qorc/github/qorc-sdk/qorc-onion-apps/qorc_bootloader_cli/GCC_Project/output/eoss3_hal_pad_config.o
                0x0000000020002fe0                configure_s3_pads
 *fill*         0x0000000020002ffa        0x2 
 .text.eoss3_rtc_enable_irq
                0x0000000020002ffc       0x28 /media/coolbreeze413/GALACTICA/work/clients/quicklogic/qorc/github/qorc-sdk/qorc-onion-apps/qorc_bootloader_cli/GCC_Project/output/eoss3_hal_rtc.o
 .text.write_rtc_reg
                0x0000000020003024       0x18 /media/coolbreeze413/GALACTICA/work/clients/quicklogic/qorc/github/qorc-sdk/qorc-onion-apps/qorc_bootloader_cli/GCC_Project/output/eoss3_hal_rtc.o
 .text.__rtc_setup_alarm.isra.0
                0x000000002000303c       0x44 /media/coolbreeze413/GALACTICA/work/clients/quicklogic/qorc/github/qorc-sdk/qorc-onion-apps/qorc_bootloader_cli/GCC_Project/output/eoss3_hal_rtc.o
 .text.HAL_RTC_ISR
                0x0000000020003080       0x24 /media/coolbreeze413/GALACTICA/work/clients/quicklogic/qorc/github/qorc-sdk/qorc-onion-apps/qorc_bootloader_cli/GCC_Project/output/eoss3_hal_rtc.o
                0x0000000020003080                HAL_RTC_ISR
 .text.SPI_PollTxFifoEmptyFlag
                0x00000000200030a4       0x20 /media/coolbreeze413/GALACTICA/work/clients/quicklogic/qorc/github/qorc-sdk/qorc-onion-apps/qorc_bootloader_cli/GCC_Project/output/eoss3_hal_spi.o
 .text.SPI_FiFoWrite
                0x00000000200030c4       0x60 /media/coolbreeze413/GALACTICA/work/clients/quicklogic/qorc/github/qorc-sdk/qorc-onion-apps/qorc_bootloader_cli/GCC_Project/output/eoss3_hal_spi.o
 .text.assert_failed
                0x0000000020003124       0x2c /media/coolbreeze413/GALACTICA/work/clients/quicklogic/qorc/github/qorc-sdk/qorc-onion-apps/qorc_bootloader_cli/GCC_Project/output/eoss3_hal_spi.o
                0x0000000020003124                assert_failed
 .text.unlock_spi1_bus
                0x0000000020003150       0x58 /media/coolbreeze413/GALACTICA/work/clients/quicklogic/qorc/github/qorc-sdk/qorc-onion-apps/qorc_bootloader_cli/GCC_Project/output/eoss3_hal_spi.o
                0x0000000020003150                unlock_spi1_bus
 .text.lock_spi1_bus
                0x00000000200031a8       0x28 /media/coolbreeze413/GALACTICA/work/clients/quicklogic/qorc/github/qorc-sdk/qorc-onion-apps/qorc_bootloader_cli/GCC_Project/output/eoss3_hal_spi.o
                0x00000000200031a8                lock_spi1_bus
 .text.HAL_SPI_Transmit
                0x00000000200031d0      0x18c /media/coolbreeze413/GALACTICA/work/clients/quicklogic/qorc/github/qorc-sdk/qorc-onion-apps/qorc_bootloader_cli/GCC_Project/output/eoss3_hal_spi.o
                0x00000000200031d0                HAL_SPI_Transmit
 .text.HAL_SPI_TransmitReceive
                0x000000002000335c      0x1f0 /media/coolbreeze413/GALACTICA/work/clients/quicklogic/qorc/github/qorc-sdk/qorc-onion-apps/qorc_bootloader_cli/GCC_Project/output/eoss3_hal_spi.o
                0x000000002000335c                HAL_SPI_TransmitReceive
 .text.SPI_DMA_Complete
                0x000000002000354c       0x88 /media/coolbreeze413/GALACTICA/work/clients/quicklogic/qorc/github/qorc-sdk/qorc-onion-apps/qorc_bootloader_cli/GCC_Project/output/eoss3_hal_spi.o
                0x000000002000354c                SPI_DMA_Complete
 .text.HAL_SPI_IRQHandler
                0x00000000200035d4       0x6c /media/coolbreeze413/GALACTICA/work/clients/quicklogic/qorc/github/qorc-sdk/qorc-onion-apps/qorc_bootloader_cli/GCC_Project/output/eoss3_hal_spi.o
                0x00000000200035d4                HAL_SPI_IRQHandler
 .text.HAL_SPI_Init
                0x0000000020003640      0x160 /media/coolbreeze413/GALACTICA/work/clients/quicklogic/qorc/github/qorc-sdk/qorc-onion-apps/qorc_bootloader_cli/GCC_Project/output/eoss3_hal_spi.o
                0x0000000020003640                HAL_SPI_Init
 .text.HAL_Timer_ISR
                0x00000000200037a0       0x88 /media/coolbreeze413/GALACTICA/work/clients/quicklogic/qorc/github/qorc-sdk/qorc-onion-apps/qorc_bootloader_cli/GCC_Project/output/eoss3_hal_timer.o
                0x00000000200037a0                HAL_Timer_ISR
 .text.uart_baud_rate
                0x0000000020003828       0x60 /media/coolbreeze413/GALACTICA/work/clients/quicklogic/qorc/github/qorc-sdk/qorc-onion-apps/qorc_bootloader_cli/GCC_Project/output/eoss3_hal_uart.o
 .text.is_hw_uart_enabled
                0x0000000020003888       0x20 /media/coolbreeze413/GALACTICA/work/clients/quicklogic/qorc/github/qorc-sdk/qorc-onion-apps/qorc_bootloader_cli/GCC_Project/output/eoss3_hal_uart.o
 .text.uart_disable
                0x00000000200038a8       0x1c /media/coolbreeze413/GALACTICA/work/clients/quicklogic/qorc/github/qorc-sdk/qorc-onion-apps/qorc_bootloader_cli/GCC_Project/output/eoss3_hal_uart.o
 .text.uart_lpm_callback
                0x00000000200038c4       0x70 /media/coolbreeze413/GALACTICA/work/clients/quicklogic/qorc/github/qorc-sdk/qorc-onion-apps/qorc_bootloader_cli/GCC_Project/output/eoss3_hal_uart.o
 .text.uart_init
                0x0000000020003934      0x17c /media/coolbreeze413/GALACTICA/work/clients/quicklogic/qorc/github/qorc-sdk/qorc-onion-apps/qorc_bootloader_cli/GCC_Project/output/eoss3_hal_uart.o
                0x0000000020003934                uart_init
 .text.uart_isr_handler
                0x0000000020003ab0       0x84 /media/coolbreeze413/GALACTICA/work/clients/quicklogic/qorc/github/qorc-sdk/qorc-onion-apps/qorc_bootloader_cli/GCC_Project/output/eoss3_hal_uart.o
                0x0000000020003ab0                uart_isr_handler
 .text.uart_tx_raw
                0x0000000020003b34       0x48 /media/coolbreeze413/GALACTICA/work/clients/quicklogic/qorc/github/qorc-sdk/qorc-onion-apps/qorc_bootloader_cli/GCC_Project/output/eoss3_hal_uart.o
                0x0000000020003b34                uart_tx_raw
 .text.uart_tx  0x0000000020003b7c       0x1c /media/coolbreeze413/GALACTICA/work/clients/quicklogic/qorc/github/qorc-sdk/qorc-onion-apps/qorc_bootloader_cli/GCC_Project/output/eoss3_hal_uart.o
                0x0000000020003b7c                uart_tx
 .text.uart_tx_buf
                0x0000000020003b98       0x1a /media/coolbreeze413/GALACTICA/work/clients/quicklogic/qorc/github/qorc-sdk/qorc-onion-apps/qorc_bootloader_cli/GCC_Project/output/eoss3_hal_uart.o
                0x0000000020003b98                uart_tx_buf
 .text.uart_tx_raw_buf
                0x0000000020003bb2       0x1a /media/coolbreeze413/GALACTICA/work/clients/quicklogic/qorc/github/qorc-sdk/qorc-onion-apps/qorc_bootloader_cli/GCC_Project/output/eoss3_hal_uart.o
                0x0000000020003bb2                uart_tx_raw_buf
 .text.uart_rx_wait
                0x0000000020003bcc       0x40 /media/coolbreeze413/GALACTICA/work/clients/quicklogic/qorc/github/qorc-sdk/qorc-onion-apps/qorc_bootloader_cli/GCC_Project/output/eoss3_hal_uart.o
                0x0000000020003bcc                uart_rx_wait
 .text.uart_rx_available
                0x0000000020003c0c       0x40 /media/coolbreeze413/GALACTICA/work/clients/quicklogic/qorc/github/qorc-sdk/qorc-onion-apps/qorc_bootloader_cli/GCC_Project/output/eoss3_hal_uart.o
                0x0000000020003c0c                uart_rx_available
 .text.uart_rx  0x0000000020003c4c       0x6c /media/coolbreeze413/GALACTICA/work/clients/quicklogic/qorc/github/qorc-sdk/qorc-onion-apps/qorc_bootloader_cli/GCC_Project/output/eoss3_hal_uart.o
                0x0000000020003c4c                uart_rx
 .text.WDT_ISR  0x0000000020003cb8       0x8c /media/coolbreeze413/GALACTICA/work/clients/quicklogic/qorc/github/qorc-sdk/qorc-onion-apps/qorc_bootloader_cli/GCC_Project/output/eoss3_hal_wdt.o
                0x0000000020003cb8                WDT_ISR
 .text.spurious_interrupt
                0x0000000020003d44        0xc /media/coolbreeze413/GALACTICA/work/clients/quicklogic/qorc/github/qorc-sdk/qorc-onion-apps/qorc_bootloader_cli/GCC_Project/output/exceptions.o
 .text.prvGetRegistersFromStack
                0x0000000020003d50       0xf0 /media/coolbreeze413/GALACTICA/work/clients/quicklogic/qorc/github/qorc-sdk/qorc-onion-apps/qorc_bootloader_cli/GCC_Project/output/exceptions.o
                0x0000000020003d50                prvGetRegistersFromStack
 .text.HardFault_Handler
                0x0000000020003e40       0x16 /media/coolbreeze413/GALACTICA/work/clients/quicklogic/qorc/github/qorc-sdk/qorc-onion-apps/qorc_bootloader_cli/GCC_Project/output/exceptions.o
                0x0000000020003e40                HardFault_Handler
 .text.NMI_Handler
                0x0000000020003e56        0x6 /media/coolbreeze413/GALACTICA/work/clients/quicklogic/qorc/github/qorc-sdk/qorc-onion-apps/qorc_bootloader_cli/GCC_Project/output/exceptions.o
                0x0000000020003e56                NMI_Handler
 .text.MemManage_Handler
                0x0000000020003e5c        0x6 /media/coolbreeze413/GALACTICA/work/clients/quicklogic/qorc/github/qorc-sdk/qorc-onion-apps/qorc_bootloader_cli/GCC_Project/output/exceptions.o
                0x0000000020003e5c                MemManage_Handler
 .text.BusFault_Handler
                0x0000000020003e62        0x6 /media/coolbreeze413/GALACTICA/work/clients/quicklogic/qorc/github/qorc-sdk/qorc-onion-apps/qorc_bootloader_cli/GCC_Project/output/exceptions.o
                0x0000000020003e62                BusFault_Handler
 .text.UsageFault_Handler
                0x0000000020003e68        0x6 /media/coolbreeze413/GALACTICA/work/clients/quicklogic/qorc/github/qorc-sdk/qorc-onion-apps/qorc_bootloader_cli/GCC_Project/output/exceptions.o
                0x0000000020003e68                UsageFault_Handler
 .text.DebugMon_Handler
                0x0000000020003e6e        0x6 /media/coolbreeze413/GALACTICA/work/clients/quicklogic/qorc/github/qorc-sdk/qorc-onion-apps/qorc_bootloader_cli/GCC_Project/output/exceptions.o
                0x0000000020003e6e                DebugMon_Handler
 .text.Uart_Handler
                0x0000000020003e74       0x50 /media/coolbreeze413/GALACTICA/work/clients/quicklogic/qorc/github/qorc-sdk/qorc-onion-apps/qorc_bootloader_cli/GCC_Project/output/exceptions.o
                0x0000000020003e74                Uart_Handler
 .text.Timer_Handler
                0x0000000020003ec4       0x24 /media/coolbreeze413/GALACTICA/work/clients/quicklogic/qorc/github/qorc-sdk/qorc-onion-apps/qorc_bootloader_cli/GCC_Project/output/exceptions.o
                0x0000000020003ec4                Timer_Handler
 .text.CpuWdtInt_Handler
                0x0000000020003ee8       0x24 /media/coolbreeze413/GALACTICA/work/clients/quicklogic/qorc/github/qorc-sdk/qorc-onion-apps/qorc_bootloader_cli/GCC_Project/output/exceptions.o
                0x0000000020003ee8                CpuWdtInt_Handler
 .text.CpuWdtRst_Handler
                0x0000000020003f0c        0x6 /media/coolbreeze413/GALACTICA/work/clients/quicklogic/qorc/github/qorc-sdk/qorc-onion-apps/qorc_bootloader_cli/GCC_Project/output/exceptions.o
                0x0000000020003f0c                CpuWdtRst_Handler
 .text.BusTimeout_Handler
                0x0000000020003f12        0x6 /media/coolbreeze413/GALACTICA/work/clients/quicklogic/qorc/github/qorc-sdk/qorc-onion-apps/qorc_bootloader_cli/GCC_Project/output/exceptions.o
                0x0000000020003f12                BusTimeout_Handler
 .text.Fpu_Handler
                0x0000000020003f18        0x6 /media/coolbreeze413/GALACTICA/work/clients/quicklogic/qorc/github/qorc-sdk/qorc-onion-apps/qorc_bootloader_cli/GCC_Project/output/exceptions.o
                0x0000000020003f18                Fpu_Handler
 *fill*         0x0000000020003f1e        0x2 
 .text.Pkfb_Handler
                0x0000000020003f20       0x10 /media/coolbreeze413/GALACTICA/work/clients/quicklogic/qorc/github/qorc-sdk/qorc-onion-apps/qorc_bootloader_cli/GCC_Project/output/exceptions.o
                0x0000000020003f20                Pkfb_Handler
 .text.I2s_Handler
                0x0000000020003f30        0x6 /media/coolbreeze413/GALACTICA/work/clients/quicklogic/qorc/github/qorc-sdk/qorc-onion-apps/qorc_bootloader_cli/GCC_Project/output/exceptions.o
                0x0000000020003f30                I2s_Handler
 .text.Audio_Handler
                0x0000000020003f36        0x6 /media/coolbreeze413/GALACTICA/work/clients/quicklogic/qorc/github/qorc-sdk/qorc-onion-apps/qorc_bootloader_cli/GCC_Project/output/exceptions.o
                0x0000000020003f36                Audio_Handler
 .text.SpiMs_Handler
                0x0000000020003f3c       0x5c /media/coolbreeze413/GALACTICA/work/clients/quicklogic/qorc/github/qorc-sdk/qorc-onion-apps/qorc_bootloader_cli/GCC_Project/output/exceptions.o
                0x0000000020003f3c                SpiMs_Handler
 .text.CfgDma_Handler
                0x0000000020003f98       0x28 /media/coolbreeze413/GALACTICA/work/clients/quicklogic/qorc/github/qorc-sdk/qorc-onion-apps/qorc_bootloader_cli/GCC_Project/output/exceptions.o
                0x0000000020003f98                CfgDma_Handler
 .text.PmuTimer_Handler
                0x0000000020003fc0        0x8 /media/coolbreeze413/GALACTICA/work/clients/quicklogic/qorc/github/qorc-sdk/qorc-onion-apps/qorc_bootloader_cli/GCC_Project/output/exceptions.o
                0x0000000020003fc0                PmuTimer_Handler
 .text.AdcDone_Handler
                0x0000000020003fc8        0x8 /media/coolbreeze413/GALACTICA/work/clients/quicklogic/qorc/github/qorc-sdk/qorc-onion-apps/qorc_bootloader_cli/GCC_Project/output/exceptions.o
                0x0000000020003fc8                AdcDone_Handler
 .text.RtcAlarm_Handler
                0x0000000020003fd0       0x1c /media/coolbreeze413/GALACTICA/work/clients/quicklogic/qorc/github/qorc-sdk/qorc-onion-apps/qorc_bootloader_cli/GCC_Project/output/exceptions.o
                0x0000000020003fd0                RtcAlarm_Handler
 .text.ResetInt_Handler
                0x0000000020003fec        0x8 /media/coolbreeze413/GALACTICA/work/clients/quicklogic/qorc/github/qorc-sdk/qorc-onion-apps/qorc_bootloader_cli/GCC_Project/output/exceptions.o
                0x0000000020003fec                ResetInt_Handler
 .text.Ffe0_Handler
                0x0000000020003ff4       0x18 /media/coolbreeze413/GALACTICA/work/clients/quicklogic/qorc/github/qorc-sdk/qorc-onion-apps/qorc_bootloader_cli/GCC_Project/output/exceptions.o
                0x0000000020003ff4                Ffe0_Handler
 .text.FbMsg_Handler
                0x000000002000400c       0x6c /media/coolbreeze413/GALACTICA/work/clients/quicklogic/qorc/github/qorc-sdk/qorc-onion-apps/qorc_bootloader_cli/GCC_Project/output/exceptions.o
                0x000000002000400c                FbMsg_Handler
 .text.FB_RegisterISR
                0x0000000020004078       0x10 /media/coolbreeze413/GALACTICA/work/clients/quicklogic/qorc/github/qorc-sdk/qorc-onion-apps/qorc_bootloader_cli/GCC_Project/output/exceptions.o
                0x0000000020004078                FB_RegisterISR
 .text.FB_ConfigureInterrupt
                0x0000000020004088       0x78 /media/coolbreeze413/GALACTICA/work/clients/quicklogic/qorc/github/qorc-sdk/qorc-onion-apps/qorc_bootloader_cli/GCC_Project/output/exceptions.o
                0x0000000020004088                FB_ConfigureInterrupt
 .text.SensorGpio_Handler
                0x0000000020004100        0x8 /media/coolbreeze413/GALACTICA/work/clients/quicklogic/qorc/github/qorc-sdk/qorc-onion-apps/qorc_bootloader_cli/GCC_Project/output/exceptions.o
                0x0000000020004100                SensorGpio_Handler
 .text.M4SramSleep_Handler
                0x0000000020004108        0x8 /media/coolbreeze413/GALACTICA/work/clients/quicklogic/qorc/github/qorc-sdk/qorc-onion-apps/qorc_bootloader_cli/GCC_Project/output/exceptions.o
                0x0000000020004108                M4SramSleep_Handler
 .text.LDO30_PG_Handler
                0x0000000020004110        0x8 /media/coolbreeze413/GALACTICA/work/clients/quicklogic/qorc/github/qorc-sdk/qorc-onion-apps/qorc_bootloader_cli/GCC_Project/output/exceptions.o
                0x0000000020004110                LDO30_PG_Handler
 .text.LDO50_PG_Handler
                0x0000000020004118        0x8 /media/coolbreeze413/GALACTICA/work/clients/quicklogic/qorc/github/qorc-sdk/qorc-onion-apps/qorc_bootloader_cli/GCC_Project/output/exceptions.o
                0x0000000020004118                LDO50_PG_Handler
 .text.DMIC_Voice_Det_Handler
                0x0000000020004120        0x8 /media/coolbreeze413/GALACTICA/work/clients/quicklogic/qorc/github/qorc-sdk/qorc-onion-apps/qorc_bootloader_cli/GCC_Project/output/exceptions.o
                0x0000000020004120                DMIC_Voice_Det_Handler
 .text.ApPDMClkOn_Handler
                0x0000000020004128        0x8 /media/coolbreeze413/GALACTICA/work/clients/quicklogic/qorc/github/qorc-sdk/qorc-onion-apps/qorc_bootloader_cli/GCC_Project/output/exceptions.o
                0x0000000020004128                ApPDMClkOn_Handler
 .text.ApPDMClkOff_Handler
                0x0000000020004130        0x8 /media/coolbreeze413/GALACTICA/work/clients/quicklogic/qorc/github/qorc-sdk/qorc-onion-apps/qorc_bootloader_cli/GCC_Project/output/exceptions.o
                0x0000000020004130                ApPDMClkOff_Handler
 .text.Dmac0BlkDone_Handler
                0x0000000020004138        0x8 /media/coolbreeze413/GALACTICA/work/clients/quicklogic/qorc/github/qorc-sdk/qorc-onion-apps/qorc_bootloader_cli/GCC_Project/output/exceptions.o
                0x0000000020004138                Dmac0BlkDone_Handler
 .text.Dmac0BufDone_Handler
                0x0000000020004140        0x8 /media/coolbreeze413/GALACTICA/work/clients/quicklogic/qorc/github/qorc-sdk/qorc-onion-apps/qorc_bootloader_cli/GCC_Project/output/exceptions.o
                0x0000000020004140                Dmac0BufDone_Handler
 .text.Dmac1BlkDone_Handler
                0x0000000020004148        0x8 /media/coolbreeze413/GALACTICA/work/clients/quicklogic/qorc/github/qorc-sdk/qorc-onion-apps/qorc_bootloader_cli/GCC_Project/output/exceptions.o
                0x0000000020004148                Dmac1BlkDone_Handler
 .text.Dmac1BufDone_Handler
                0x0000000020004150        0x8 /media/coolbreeze413/GALACTICA/work/clients/quicklogic/qorc/github/qorc-sdk/qorc-onion-apps/qorc_bootloader_cli/GCC_Project/output/exceptions.o
                0x0000000020004150                Dmac1BufDone_Handler
 .text.Sdma0Done_Handler
                0x0000000020004158        0x8 /media/coolbreeze413/GALACTICA/work/clients/quicklogic/qorc/github/qorc-sdk/qorc-onion-apps/qorc_bootloader_cli/GCC_Project/output/exceptions.o
                0x0000000020004158                Sdma0Done_Handler
 .text.Sdma1Done_Handler
                0x0000000020004160        0x8 /media/coolbreeze413/GALACTICA/work/clients/quicklogic/qorc/github/qorc-sdk/qorc-onion-apps/qorc_bootloader_cli/GCC_Project/output/exceptions.o
                0x0000000020004160                Sdma1Done_Handler
 .text.Sdma2Done_Handler
                0x0000000020004168        0x8 /media/coolbreeze413/GALACTICA/work/clients/quicklogic/qorc/github/qorc-sdk/qorc-onion-apps/qorc_bootloader_cli/GCC_Project/output/exceptions.o
                0x0000000020004168                Sdma2Done_Handler
 .text.Sdma3Done_Handler
                0x0000000020004170        0x8 /media/coolbreeze413/GALACTICA/work/clients/quicklogic/qorc/github/qorc-sdk/qorc-onion-apps/qorc_bootloader_cli/GCC_Project/output/exceptions.o
                0x0000000020004170                Sdma3Done_Handler
 .text.Sdma4Done_Handler
                0x0000000020004178        0x8 /media/coolbreeze413/GALACTICA/work/clients/quicklogic/qorc/github/qorc-sdk/qorc-onion-apps/qorc_bootloader_cli/GCC_Project/output/exceptions.o
                0x0000000020004178                Sdma4Done_Handler
 .text.Sdma5Done_Handler
                0x0000000020004180        0x8 /media/coolbreeze413/GALACTICA/work/clients/quicklogic/qorc/github/qorc-sdk/qorc-onion-apps/qorc_bootloader_cli/GCC_Project/output/exceptions.o
                0x0000000020004180                Sdma5Done_Handler
 .text.Sdma6Done_Handler
                0x0000000020004188        0x8 /media/coolbreeze413/GALACTICA/work/clients/quicklogic/qorc/github/qorc-sdk/qorc-onion-apps/qorc_bootloader_cli/GCC_Project/output/exceptions.o
                0x0000000020004188                Sdma6Done_Handler
 .text.Sdma7Done_Handler
                0x0000000020004190        0x8 /media/coolbreeze413/GALACTICA/work/clients/quicklogic/qorc/github/qorc-sdk/qorc-onion-apps/qorc_bootloader_cli/GCC_Project/output/exceptions.o
                0x0000000020004190                Sdma7Done_Handler
 .text.Sdma8Done_Handler
                0x0000000020004198        0x8 /media/coolbreeze413/GALACTICA/work/clients/quicklogic/qorc/github/qorc-sdk/qorc-onion-apps/qorc_bootloader_cli/GCC_Project/output/exceptions.o
                0x0000000020004198                Sdma8Done_Handler
 .text.Sdma9Done_Handler
                0x00000000200041a0        0x8 /media/coolbreeze413/GALACTICA/work/clients/quicklogic/qorc/github/qorc-sdk/qorc-onion-apps/qorc_bootloader_cli/GCC_Project/output/exceptions.o
                0x00000000200041a0                Sdma9Done_Handler
 .text.Sdma10Done_Handler
                0x00000000200041a8        0x8 /media/coolbreeze413/GALACTICA/work/clients/quicklogic/qorc/github/qorc-sdk/qorc-onion-apps/qorc_bootloader_cli/GCC_Project/output/exceptions.o
                0x00000000200041a8                Sdma10Done_Handler
 .text.Sdma11Done_Handler
                0x00000000200041b0        0x8 /media/coolbreeze413/GALACTICA/work/clients/quicklogic/qorc/github/qorc-sdk/qorc-onion-apps/qorc_bootloader_cli/GCC_Project/output/exceptions.o
                0x00000000200041b0                Sdma11Done_Handler
 .text.SdmaErr_Handler
                0x00000000200041b8        0x8 /media/coolbreeze413/GALACTICA/work/clients/quicklogic/qorc/github/qorc-sdk/qorc-onion-apps/qorc_bootloader_cli/GCC_Project/output/exceptions.o
                0x00000000200041b8                SdmaErr_Handler
 .text.I2S_SlvM4TxOr_Handler
                0x00000000200041c0        0x8 /media/coolbreeze413/GALACTICA/work/clients/quicklogic/qorc/github/qorc-sdk/qorc-onion-apps/qorc_bootloader_cli/GCC_Project/output/exceptions.o
                0x00000000200041c0                I2S_SlvM4TxOr_Handler
 .text.SRAM_128KB_Handler
                0x00000000200041c8        0x8 /media/coolbreeze413/GALACTICA/work/clients/quicklogic/qorc/github/qorc-sdk/qorc-onion-apps/qorc_bootloader_cli/GCC_Project/output/exceptions.o
                0x00000000200041c8                SRAM_128KB_Handler
 .text.LPSD_Voice_Det_Handler
                0x00000000200041d0        0x8 /media/coolbreeze413/GALACTICA/work/clients/quicklogic/qorc/github/qorc-sdk/qorc-onion-apps/qorc_bootloader_cli/GCC_Project/output/exceptions.o
                0x00000000200041d0                LPSD_Voice_Det_Handler
 .text.FfeWdt_Handler
                0x00000000200041d8        0x8 /media/coolbreeze413/GALACTICA/work/clients/quicklogic/qorc/github/qorc-sdk/qorc-onion-apps/qorc_bootloader_cli/GCC_Project/output/exceptions.o
                0x00000000200041d8                FfeWdt_Handler
 .text.ApBoot_Handler
                0x00000000200041e0        0x8 /media/coolbreeze413/GALACTICA/work/clients/quicklogic/qorc/github/qorc-sdk/qorc-onion-apps/qorc_bootloader_cli/GCC_Project/output/exceptions.o
                0x00000000200041e0                ApBoot_Handler
 .text.SwInt2_Handler
                0x00000000200041e8        0x8 /media/coolbreeze413/GALACTICA/work/clients/quicklogic/qorc/github/qorc-sdk/qorc-onion-apps/qorc_bootloader_cli/GCC_Project/output/exceptions.o
                0x00000000200041e8                SwInt2_Handler
 .text.SwInt1_Handler
                0x00000000200041f0       0x20 /media/coolbreeze413/GALACTICA/work/clients/quicklogic/qorc/github/qorc-sdk/qorc-onion-apps/qorc_bootloader_cli/GCC_Project/output/exceptions.o
                0x00000000200041f0                SwInt1_Handler
 .text.Ffe0Msg_Handler
                0x0000000020004210       0x14 /media/coolbreeze413/GALACTICA/work/clients/quicklogic/qorc/github/qorc-sdk/qorc-onion-apps/qorc_bootloader_cli/GCC_Project/output/exceptions.o
                0x0000000020004210                Ffe0Msg_Handler
 .text.lpsdVoiceOffHandler
                0x0000000020004224        0x8 /media/coolbreeze413/GALACTICA/work/clients/quicklogic/qorc/github/qorc-sdk/qorc-onion-apps/qorc_bootloader_cli/GCC_Project/output/exceptions.o
                0x0000000020004224                lpsdVoiceOffHandler
 .text.dmicVoiceOffHandler
                0x000000002000422c        0x8 /media/coolbreeze413/GALACTICA/work/clients/quicklogic/qorc/github/qorc-sdk/qorc-onion-apps/qorc_bootloader_cli/GCC_Project/output/exceptions.o
                0x000000002000422c                dmicVoiceOffHandler
 .text.vApplicationMallocFailedHook
                0x0000000020004234       0x24 /media/coolbreeze413/GALACTICA/work/clients/quicklogic/qorc/github/qorc-sdk/qorc-onion-apps/qorc_bootloader_cli/GCC_Project/output/exceptions.o
                0x0000000020004234                vApplicationMallocFailedHook
 .text.vApplicationStackOverflowHook
                0x0000000020004258       0x24 /media/coolbreeze413/GALACTICA/work/clients/quicklogic/qorc/github/qorc-sdk/qorc-onion-apps/qorc_bootloader_cli/GCC_Project/output/exceptions.o
                0x0000000020004258                vApplicationStackOverflowHook
 .text.vApplicationTickHook
                0x000000002000427c        0x2 /media/coolbreeze413/GALACTICA/work/clients/quicklogic/qorc/github/qorc-sdk/qorc-onion-apps/qorc_bootloader_cli/GCC_Project/output/exceptions.o
                0x000000002000427c                vApplicationTickHook
 .text.vApplicationIdleHook
                0x000000002000427e        0x2 /media/coolbreeze413/GALACTICA/work/clients/quicklogic/qorc/github/qorc-sdk/qorc-onion-apps/qorc_bootloader_cli/GCC_Project/output/exceptions.o
                0x000000002000427e                vApplicationIdleHook
 .text.load_fpga
                0x0000000020004280      0x118 /media/coolbreeze413/GALACTICA/work/clients/quicklogic/qorc/github/qorc-sdk/qorc-onion-apps/qorc_bootloader_cli/GCC_Project/output/fpga_loader.o
                0x0000000020004280                load_fpga
 .text.init_fpga_mem
                0x0000000020004398       0xcc /media/coolbreeze413/GALACTICA/work/clients/quicklogic/qorc/github/qorc-sdk/qorc-onion-apps/qorc_bootloader_cli/GCC_Project/output/fpga_loader.o
                0x0000000020004398                init_fpga_mem
 .text.load_fpga_with_mem_init
                0x0000000020004464       0xd4 /media/coolbreeze413/GALACTICA/work/clients/quicklogic/qorc/github/qorc-sdk/qorc-onion-apps/qorc_bootloader_cli/GCC_Project/output/fpga_loader.o
                0x0000000020004464                load_fpga_with_mem_init
 .text.fpga_iomux_init
                0x0000000020004538       0x18 /media/coolbreeze413/GALACTICA/work/clients/quicklogic/qorc/github/qorc-sdk/qorc-onion-apps/qorc_bootloader_cli/GCC_Project/output/fpga_loader.o
                0x0000000020004538                fpga_iomux_init
 .text.pvPortMalloc
                0x0000000020004550       0x5c /media/coolbreeze413/GALACTICA/work/clients/quicklogic/qorc/github/qorc-sdk/qorc-onion-apps/qorc_bootloader_cli/GCC_Project/output/heap_1.o
                0x0000000020004550                pvPortMalloc
 .text.vPortFree
                0x00000000200045ac       0x2c /media/coolbreeze413/GALACTICA/work/clients/quicklogic/qorc/github/qorc-sdk/qorc-onion-apps/qorc_bootloader_cli/GCC_Project/output/heap_1.o
                0x00000000200045ac                vPortFree
 .text.vListInitialise
                0x00000000200045d8       0x16 /media/coolbreeze413/GALACTICA/work/clients/quicklogic/qorc/github/qorc-sdk/qorc-onion-apps/qorc_bootloader_cli/GCC_Project/output/list.o
                0x00000000200045d8                vListInitialise
 .text.vListInitialiseItem
                0x00000000200045ee        0x6 /media/coolbreeze413/GALACTICA/work/clients/quicklogic/qorc/github/qorc-sdk/qorc-onion-apps/qorc_bootloader_cli/GCC_Project/output/list.o
                0x00000000200045ee                vListInitialiseItem
 .text.vListInsertEnd
                0x00000000200045f4       0x18 /media/coolbreeze413/GALACTICA/work/clients/quicklogic/qorc/github/qorc-sdk/qorc-onion-apps/qorc_bootloader_cli/GCC_Project/output/list.o
                0x00000000200045f4                vListInsertEnd
 .text.vListInsert
                0x000000002000460c       0x2e /media/coolbreeze413/GALACTICA/work/clients/quicklogic/qorc/github/qorc-sdk/qorc-onion-apps/qorc_bootloader_cli/GCC_Project/output/list.o
                0x000000002000460c                vListInsert
 .text.uxListRemove
                0x000000002000463a       0x20 /media/coolbreeze413/GALACTICA/work/clients/quicklogic/qorc/github/qorc-sdk/qorc-onion-apps/qorc_bootloader_cli/GCC_Project/output/list.o
                0x000000002000463a                uxListRemove
 *fill*         0x000000002000465a        0x2 
 .text.read_flash
                0x000000002000465c       0x44 /media/coolbreeze413/GALACTICA/work/clients/quicklogic/qorc/github/qorc-sdk/qorc-onion-apps/qorc_bootloader_cli/GCC_Project/output/m4_app_loader.o
                0x000000002000465c                read_flash
 .text.check_app_crc
                0x00000000200046a0       0x48 /media/coolbreeze413/GALACTICA/work/clients/quicklogic/qorc/github/qorc-sdk/qorc-onion-apps/qorc_bootloader_cli/GCC_Project/output/m4_app_loader.o
                0x00000000200046a0                check_app_crc
 .text.load_m4app
                0x00000000200046e8       0x64 /media/coolbreeze413/GALACTICA/work/clients/quicklogic/qorc/github/qorc-sdk/qorc-onion-apps/qorc_bootloader_cli/GCC_Project/output/m4_app_loader.o
                0x00000000200046e8                load_m4app
 .text.startup.main
                0x000000002000474c       0x5c /media/coolbreeze413/GALACTICA/work/clients/quicklogic/qorc/github/qorc-sdk/qorc-onion-apps/qorc_bootloader_cli/GCC_Project/output/main.o
                0x000000002000474c                main
 .text.SystemInit
                0x00000000200047a8        0x2 /media/coolbreeze413/GALACTICA/work/clients/quicklogic/qorc/github/qorc-sdk/qorc-onion-apps/qorc_bootloader_cli/GCC_Project/output/main.o
                0x00000000200047a8                SystemInit
 .text.bootloader_cli_run_appfpga
                0x00000000200047aa       0x14 /media/coolbreeze413/GALACTICA/work/clients/quicklogic/qorc/github/qorc-sdk/qorc-onion-apps/qorc_bootloader_cli/GCC_Project/output/main_dbg_cli_menu.o
 .text.bootloader_cli_run_appfpga_m4app
                0x00000000200047be       0x1e /media/coolbreeze413/GALACTICA/work/clients/quicklogic/qorc/github/qorc-sdk/qorc-onion-apps/qorc_bootloader_cli/GCC_Project/output/main_dbg_cli_menu.o
 .text.bootloader_cli_run_m4app
                0x00000000200047dc       0x14 /media/coolbreeze413/GALACTICA/work/clients/quicklogic/qorc/github/qorc-sdk/qorc-onion-apps/qorc_bootloader_cli/GCC_Project/output/main_dbg_cli_menu.o
 .text.bootloader_cli_set_flash_mode
                0x00000000200047f0        0x4 /media/coolbreeze413/GALACTICA/work/clients/quicklogic/qorc/github/qorc-sdk/qorc-onion-apps/qorc_bootloader_cli/GCC_Project/output/main_dbg_cli_menu.o
 .text.prvPortStartFirstTask
                0x00000000200047f4       0x28 /media/coolbreeze413/GALACTICA/work/clients/quicklogic/qorc/github/qorc-sdk/qorc-onion-apps/qorc_bootloader_cli/GCC_Project/output/port.o
 .text.vPortEnableVFP
                0x000000002000481c       0x14 /media/coolbreeze413/GALACTICA/work/clients/quicklogic/qorc/github/qorc-sdk/qorc-onion-apps/qorc_bootloader_cli/GCC_Project/output/port.o
 .text.prvTaskExitError
                0x0000000020004830       0x50 /media/coolbreeze413/GALACTICA/work/clients/quicklogic/qorc/github/qorc-sdk/qorc-onion-apps/qorc_bootloader_cli/GCC_Project/output/port.o
 .text.pxPortInitialiseStack
                0x0000000020004880       0x2c /media/coolbreeze413/GALACTICA/work/clients/quicklogic/qorc/github/qorc-sdk/qorc-onion-apps/qorc_bootloader_cli/GCC_Project/output/port.o
                0x0000000020004880                pxPortInitialiseStack
 *fill*         0x00000000200048ac        0x4 
 .text.SVC_Handler
                0x00000000200048b0       0x24 /media/coolbreeze413/GALACTICA/work/clients/quicklogic/qorc/github/qorc-sdk/qorc-onion-apps/qorc_bootloader_cli/GCC_Project/output/port.o
                0x00000000200048b0                SVC_Handler
 .text.vPortEnterCritical
                0x00000000200048d4       0x58 /media/coolbreeze413/GALACTICA/work/clients/quicklogic/qorc/github/qorc-sdk/qorc-onion-apps/qorc_bootloader_cli/GCC_Project/output/port.o
                0x00000000200048d4                vPortEnterCritical
 .text.vPortExitCritical
                0x000000002000492c       0x3c /media/coolbreeze413/GALACTICA/work/clients/quicklogic/qorc/github/qorc-sdk/qorc-onion-apps/qorc_bootloader_cli/GCC_Project/output/port.o
                0x000000002000492c                vPortExitCritical
 *fill*         0x0000000020004968        0x8 
 .text.PendSV_Handler
                0x0000000020004970       0x64 /media/coolbreeze413/GALACTICA/work/clients/quicklogic/qorc/github/qorc-sdk/qorc-onion-apps/qorc_bootloader_cli/GCC_Project/output/port.o
                0x0000000020004970                PendSV_Handler
 .text.xPortSysTickHandler
                0x00000000200049d4       0x2c /media/coolbreeze413/GALACTICA/work/clients/quicklogic/qorc/github/qorc-sdk/qorc-onion-apps/qorc_bootloader_cli/GCC_Project/output/port.o
                0x00000000200049d4                xPortSysTickHandler
 .text.xPortStartScheduler
                0x0000000020004a00      0x158 /media/coolbreeze413/GALACTICA/work/clients/quicklogic/qorc/github/qorc-sdk/qorc-onion-apps/qorc_bootloader_cli/GCC_Project/output/port.o
                0x0000000020004a00                xPortStartScheduler